[2023-08-22 13:51:34,239] logger_util.py->error_log line:65 [INFO] 分析parameters参数化异常：异常信息: Traceback (most recent call last):
  File "E:\Project_python\api_cms\common\parameters_util.py", line 46, in analysis_parameters
    csv_data_list = read_csv_file(value)
  File "E:\Project_python\api_cms\common\parameters_util.py", line 13, in read_csv_file
    with open(get_object_path()+'/'+csv_path,encoding='utf-8') as f:
FileNotFoundError: [Errno 2] No such file or directory: 'E:\\Project_python\\api_cms/create_tunnel_check'

[2023-08-22 13:51:34,240] logger_util.py->error_log line:65 [INFO] 读取用例文件异常：异常信息: Traceback (most recent call last):
  File "E:\Project_python\api_cms\common\parameters_util.py", line 46, in analysis_parameters
    csv_data_list = read_csv_file(value)
  File "E:\Project_python\api_cms\common\parameters_util.py", line 13, in read_csv_file
    with open(get_object_path()+'/'+csv_path,encoding='utf-8') as f:
FileNotFoundError: [Errno 2] No such file or directory: 'E:\\Project_python\\api_cms/create_tunnel_check'

During handling of the above exception, another exception occurred:

Traceback (most recent call last):
  File "E:\Project_python\api_cms\common\parameters_util.py", line 29, in read_testcase_file
    new_caseinfo = analysis_parameters(*caseinfo)
  File "E:\Project_python\api_cms\common\parameters_util.py", line 67, in analysis_parameters
    error_log("分析parameters参数化异常：异常信息: %s" %str(traceback.format_exc()))
  File "E:\Project_python\api_cms\common\logger_util.py", line 66, in error_log
    raise Exception(log_message)
Exception: 分析parameters参数化异常：异常信息: Traceback (most recent call last):
  File "E:\Project_python\api_cms\common\parameters_util.py", line 46, in analysis_parameters
    csv_data_list = read_csv_file(value)
  File "E:\Project_python\api_cms\common\parameters_util.py", line 13, in read_csv_file
    with open(get_object_path()+'/'+csv_path,encoding='utf-8') as f:
FileNotFoundError: [Errno 2] No such file or directory: 'E:\\Project_python\\api_cms/create_tunnel_check'


