[2023-11-15 10:43:15,296] logger_util.py->write_log line:61 [INFO] 
-------------接口请求开始-----------
[2023-11-15 10:43:15,296] logger_util.py->write_log line:61 [INFO] 接口名称：获取通道下所有变量信息
[2023-11-15 10:43:15,296] logger_util.py->write_log line:61 [INFO] 接口方式：post
[2023-11-15 10:43:15,296] logger_util.py->write_log line:61 [INFO] 接口路径：http://127.0.0.1:18000/api/v1/variable/tunnel/2/tag/query
[2023-11-15 10:43:15,296] logger_util.py->write_log line:61 [INFO] 请求头：{'X-Project': 'cade0634c4a44304911e8cfdb1b8f8b9'}
[2023-11-15 10:43:15,296] logger_util.py->write_log line:61 [INFO] 请求参数：{'groupId': None, 'dataTypes': [], 'usedType': 0, 'keyword': ''}
[2023-11-15 10:43:15,297] logger_util.py->write_log line:61 [INFO] 文件上传：None
[2023-11-15 10:43:15,312] logger_util.py->write_log line:61 [INFO] 预期结果：[{'equals': {'status_code': 200}}]
[2023-11-15 10:43:15,313] logger_util.py->write_log line:61 [INFO] 实际结果：[{'id': 11, 'tunnelId': 2, 'groupId': None, 'sort': 0, 'name': 'B1', 'description': '缩放比10', 'tunnelType': 1, 'config': {'address': '400080', 'readWriteMode': 0, 'interval': 1000, 'stringLength': None, 'zoom': 10, 'digit': None, 'readWriteRule': 1}, 'type': 1, 'typeName': '有符号8位整型', 'historicGroupId': '00000000-0000-0000-0000-000000000000', 'historicGroupName': None, 'archiveSetting': None, 'historicBriefMsg': None, 'createTime': '2023-11-08T10:03:11.3688692', 'updateTime': '2023-11-08T10:03:11.3688698'}, {'id': 12, 'tunnelId': 2, 'groupId': None, 'sort': 1, 'name': 'B2', 'description': '缩放比0.1', 'tunnelType': 1, 'config': {'address': '400081', 'readWriteMode': 0, 'interval': 1000, 'stringLength': None, 'zoom': 0.1, 'digit': None, 'readWriteRule': 1}, 'type': 1, 'typeName': '有符号8位整型', 'historicGroupId': '00000000-0000-0000-0000-000000000000', 'historicGroupName': None, 'archiveSetting': None, 'historicBriefMsg': None, 'createTime': '2023-11-08T10:03:11.413346', 'updateTime': '2023-11-08T10:03:11.4133465'}, {'id': 13, 'tunnelId': 2, 'groupId': None, 'sort': 2, 'name': 'B3', 'description': '缩放比小数位，舍位', 'tunnelType': 1, 'config': {'address': '400082', 'readWriteMode': 0, 'interval': 1000, 'stringLength': None, 'zoom': 0.01, 'digit': 1, 'readWriteRule': 1}, 'type': 3, 'typeName': '有符号16位整型', 'historicGroupId': '00000000-0000-0000-0000-000000000000', 'historicGroupName': None, 'archiveSetting': None, 'historicBriefMsg': None, 'createTime': '2023-11-08T10:03:11.4576859', 'updateTime': '2023-11-08T10:03:11.4576863'}, {'id': 14, 'tunnelId': 2, 'groupId': None, 'sort': 3, 'name': 'B4', 'description': '缩放比小数位，四舍', 'tunnelType': 1, 'config': {'address': '400083', 'readWriteMode': 0, 'interval': 1000, 'stringLength': None, 'zoom': 0.01, 'digit': 1, 'readWriteRule': 2}, 'type': 3, 'typeName': '有符号16位整型', 'historicGroupId': '00000000-0000-0000-0000-000000000000', 'historicGroupName': None, 'archiveSetting': None, 'historicBriefMsg': None, 'createTime': '2023-11-08T10:03:11.5018032', 'updateTime': '2023-11-08T10:03:11.5018036'}, {'id': 15, 'tunnelId': 2, 'groupId': None, 'sort': 4, 'name': 'B5', 'description': '缩放比小数位，进位', 'tunnelType': 1, 'config': {'address': '400084', 'readWriteMode': 0, 'interval': 1000, 'stringLength': None, 'zoom': 0.01, 'digit': 1, 'readWriteRule': 3}, 'type': 3, 'typeName': '有符号16位整型', 'historicGroupId': '00000000-0000-0000-0000-000000000000', 'historicGroupName': None, 'archiveSetting': None, 'historicBriefMsg': None, 'createTime': '2023-11-08T10:03:11.5450044', 'updateTime': '2023-11-08T10:03:11.5450049'}, {'id': 16, 'tunnelId': 2, 'groupId': None, 'sort': 5, 'name': 'B6', 'description': '浮点数小数位，舍位', 'tunnelType': 1, 'config': {'address': '400085', 'readWriteMode': 0, 'interval': 1000, 'stringLength': None, 'zoom': 1, 'digit': 2, 'readWriteRule': 1}, 'type': 9, 'typeName': 'F32位浮点数IEEE754', 'historicGroupId': '00000000-0000-0000-0000-000000000000', 'historicGroupName': None, 'archiveSetting': None, 'historicBriefMsg': None, 'createTime': '2023-11-08T10:03:11.5873163', 'updateTime': '2023-11-08T10:03:11.5873167'}, {'id': 17, 'tunnelId': 2, 'groupId': None, 'sort': 6, 'name': 'B7', 'description': '浮点数小数位，四舍', 'tunnelType': 1, 'config': {'address': '400087', 'readWriteMode': 0, 'interval': 1000, 'stringLength': None, 'zoom': 1, 'digit': 2, 'readWriteRule': 2}, 'type': 9, 'typeName': 'F32位浮点数IEEE754', 'historicGroupId': '00000000-0000-0000-0000-000000000000', 'historicGroupName': None, 'archiveSetting': None, 'historicBriefMsg': None, 'createTime': '2023-11-08T10:03:11.6320551', 'updateTime': '2023-11-08T10:03:11.6320555'}, {'id': 18, 'tunnelId': 2, 'groupId': None, 'sort': 7, 'name': 'B8', 'description': '浮点数小数位，进位', 'tunnelType': 1, 'config': {'address': '400089', 'readWriteMode': 0, 'interval': 1000, 'stringLength': None, 'zoom': 1, 'digit': 2, 'readWriteRule': 3}, 'type': 9, 'typeName': 'F32位浮点数IEEE754', 'historicGroupId': '00000000-0000-0000-0000-000000000000', 'historicGroupName': None, 'archiveSetting': None, 'historicBriefMsg': None, 'createTime': '2023-11-08T10:03:11.6783584', 'updateTime': '2023-11-08T10:03:11.6783597'}, {'id': 19, 'tunnelId': 2, 'groupId': None, 'sort': 8, 'name': 'A1', 'description': '二进制', 'tunnelType': 1, 'config': {'address': '400001.0', 'readWriteMode': 0, 'interval': 1000, 'stringLength': None, 'zoom': None, 'digit': None, 'readWriteRule': 1}, 'type': 0, 'typeName': '二进制变量', 'historicGroupId': 'b6c6f4b4-074c-41da-94fb-dbad49a31eff', 'historicGroupName': '新建历史组-1712', 'archiveSetting': {'enableArchive': True, 'archiveType': 0, 'intervalValue': 1, 'intervalUnit': 1, 'notArchiveNull': False, 'enableDeadZone': False, 'deadZoneType': 0, 'deadZoneThreshold': 1, 'enableMinInterval': False, 'minIntervalValue': 1, 'minIntervalUnit': 1}, 'historicBriefMsg': '新建历史组-1712', 'createTime': '2023-11-08T10:03:11.723243', 'updateTime': '2023-11-08T10:03:11.7232435'}, {'id': 20, 'tunnelId': 2, 'groupId': None, 'sort': 9, 'name': 'A2', 'description': '有符号8位整型', 'tunnelType': 1, 'config': {'address': '400002', 'readWriteMode': 0, 'interval': 1000, 'stringLength': None, 'zoom': 1, 'digit': None, 'readWriteRule': 1}, 'type': 1, 'typeName': '有符号8位整型', 'historicGroupId': 'b6c6f4b4-074c-41da-94fb-dbad49a31eff', 'historicGroupName': '新建历史组-1712', 'archiveSetting': {'enableArchive': True, 'archiveType': 0, 'intervalValue': 1, 'intervalUnit': 1, 'notArchiveNull': False, 'enableDeadZone': False, 'deadZoneType': 0, 'deadZoneThreshold': 1, 'enableMinInterval': False, 'minIntervalValue': 1, 'minIntervalUnit': 1}, 'historicBriefMsg': '新建历史组-1712', 'createTime': '2023-11-08T10:03:11.7657619', 'updateTime': '2023-11-08T10:03:11.7657623'}, {'id': 21, 'tunnelId': 2, 'groupId': None, 'sort': 10, 'name': 'A3', 'description': '无符号8位整型', 'tunnelType': 1, 'config': {'address': '400003', 'readWriteMode': 0, 'interval': 1000, 'stringLength': None, 'zoom': 1, 'digit': None, 'readWriteRule': 1}, 'type': 2, 'typeName': '无符号8位整型', 'historicGroupId': '00000000-0000-0000-0000-000000000000', 'historicGroupName': None, 'archiveSetting': None, 'historicBriefMsg': None, 'createTime': '2023-11-08T10:03:11.8080683', 'updateTime': '2023-11-08T10:03:11.8080687'}, {'id': 22, 'tunnelId': 2, 'groupId': None, 'sort': 11, 'name': 'A4', 'description': '有符号16位整型', 'tunnelType': 1, 'config': {'address': '400004', 'readWriteMode': 0, 'interval': 1000, 'stringLength': None, 'zoom': 1, 'digit': None, 'readWriteRule': 1}, 'type': 3, 'typeName': '有符号16位整型', 'historicGroupId': '00000000-0000-0000-0000-000000000000', 'historicGroupName': None, 'archiveSetting': None, 'historicBriefMsg': None, 'createTime': '2023-11-08T10:03:11.8523373', 'updateTime': '2023-11-08T10:03:11.8523378'}, {'id': 23, 'tunnelId': 2, 'groupId': None, 'sort': 12, 'name': 'A5', 'description': '无符号16位整型', 'tunnelType': 1, 'config': {'address': '400005', 'readWriteMode': 0, 'interval': 1000, 'stringLength': None, 'zoom': 1, 'digit': None, 'readWriteRule': 1}, 'type': 4, 'typeName': '无符号16位整型', 'historicGroupId': '00000000-0000-0000-0000-000000000000', 'historicGroupName': None, 'archiveSetting': None, 'historicBriefMsg': None, 'createTime': '2023-11-08T10:03:11.8979534', 'updateTime': '2023-11-08T10:03:11.8979539'}, {'id': 24, 'tunnelId': 2, 'groupId': None, 'sort': 13, 'name': 'A6', 'description': '有符号32位整型', 'tunnelType': 1, 'config': {'address': '400013', 'readWriteMode': 0, 'interval': 1000, 'stringLength': None, 'zoom': 1, 'digit': None, 'readWriteRule': 1}, 'type': 5, 'typeName': '有符号32位整型', 'historicGroupId': '00000000-0000-0000-0000-000000000000', 'historicGroupName': None, 'archiveSetting': None, 'historicBriefMsg': None, 'createTime': '2023-11-08T10:03:11.9492486', 'updateTime': '2023-11-08T10:03:11.949249'}, {'id': 25, 'tunnelId': 2, 'groupId': None, 'sort': 14, 'name': 'A7', 'description': '无符号32位整型', 'tunnelType': 1, 'config': {'address': '400015', 'readWriteMode': 0, 'interval': 1000, 'stringLength': None, 'zoom': 1, 'digit': None, 'readWriteRule': 1}, 'type': 6, 'typeName': '无符号32位整型', 'historicGroupId': '00000000-0000-0000-0000-000000000000', 'historicGroupName': None, 'archiveSetting': None, 'historicBriefMsg': None, 'createTime': '2023-11-08T10:03:12.0220824', 'updateTime': '2023-11-08T10:03:12.0220829'}, {'id': 26, 'tunnelId': 2, 'groupId': None, 'sort': 15, 'name': 'A8', 'description': '有符号64位整型', 'tunnelType': 1, 'config': {'address': '400025', 'readWriteMode': 0, 'interval': 1000, 'stringLength': None, 'zoom': 1, 'digit': None, 'readWriteRule': 1}, 'type': 7, 'typeName': '有符号64位整型', 'historicGroupId': '00000000-0000-0000-0000-000000000000', 'historicGroupName': None, 'archiveSetting': None, 'historicBriefMsg': None, 'createTime': '2023-11-08T10:03:12.075335', 'updateTime': '2023-11-08T10:03:12.0753355'}, {'id': 27, 'tunnelId': 2, 'groupId': None, 'sort': 16, 'name': 'A9', 'description': '无符号64位整型', 'tunnelType': 1, 'config': {'address': '400029', 'readWriteMode': 0, 'interval': 1000, 'stringLength': None, 'zoom': 1, 'digit': None, 'readWriteRule': 1}, 'type': 8, 'typeName': '无符号64位整型', 'historicGroupId': '00000000-0000-0000-0000-000000000000', 'historicGroupName': None, 'archiveSetting': None, 'historicBriefMsg': None, 'createTime': '2023-11-08T10:03:12.1547697', 'updateTime': '2023-11-08T10:03:12.1547702'}, {'id': 28, 'tunnelId': 2, 'groupId': None, 'sort': 17, 'name': 'A10', 'description': 'F32位浮点数IEEE754', 'tunnelType': 1, 'config': {'address': '400045', 'readWriteMode': 0, 'interval': 1000, 'stringLength': None, 'zoom': 1, 'digit': None, 'readWriteRule': 1}, 'type': 9, 'typeName': 'F32位浮点数IEEE754', 'historicGroupId': 'b6c6f4b4-074c-41da-94fb-dbad49a31eff', 'historicGroupName': '新建历史组-1712', 'archiveSetting': {'enableArchive': True, 'archiveType': 0, 'intervalValue': 1, 'intervalUnit': 1, 'notArchiveNull': False, 'enableDeadZone': False, 'deadZoneType': 0, 'deadZoneThreshold': 1, 'enableMinInterval': False, 'minIntervalValue': 1, 'minIntervalUnit': 1}, 'historicBriefMsg': '新建历史组-1712', 'createTime': '2023-11-08T10:03:12.2009223', 'updateTime': '2023-11-08T10:03:12.2009228'}, {'id': 29, 'tunnelId': 2, 'groupId': None, 'sort': 18, 'name': 'A11', 'description': 'F64位浮点数IEEE754', 'tunnelType': 1, 'config': {'address': '400049', 'readWriteMode': 0, 'interval': 1000, 'stringLength': None, 'zoom': 1, 'digit': None, 'readWriteRule': 1}, 'type': 10, 'typeName': 'F64位浮点数IEEE754', 'historicGroupId': '00000000-0000-0000-0000-000000000000', 'historicGroupName': None, 'archiveSetting': None, 'historicBriefMsg': None, 'createTime': '2023-11-08T10:03:12.2440019', 'updateTime': '2023-11-08T10:03:12.2440027'}, {'id': 30, 'tunnelId': 2, 'groupId': None, 'sort': 19, 'name': 'A12', 'description': '字符串', 'tunnelType': 1, 'config': {'address': '400060', 'readWriteMode': 0, 'interval': 1000, 'stringLength': 10, 'zoom': None, 'digit': None, 'readWriteRule': 1}, 'type': 14, 'typeName': '字符串', 'historicGroupId': 'b6c6f4b4-074c-41da-94fb-dbad49a31eff', 'historicGroupName': '新建历史组-1712', 'archiveSetting': {'enableArchive': True, 'archiveType': 0, 'intervalValue': 1, 'intervalUnit': 1, 'notArchiveNull': False, 'enableDeadZone': False, 'deadZoneType': 0, 'deadZoneThreshold': 1, 'enableMinInterval': False, 'minIntervalValue': 1, 'minIntervalUnit': 1}, 'historicBriefMsg': '新建历史组-1712', 'createTime': '2023-11-08T10:03:12.2883211', 'updateTime': '2023-11-08T10:03:12.2883215'}]
[2023-11-15 10:43:15,317] logger_util.py->write_log line:61 [INFO] 接口请求成功！
[2023-11-15 10:43:15,317] logger_util.py->write_log line:61 [INFO] 
-------------接口请求结束-----------

[2023-11-15 10:43:15,322] logger_util.py->write_log line:61 [INFO] 
-------------接口请求开始-----------
[2023-11-15 10:43:15,322] logger_util.py->write_log line:61 [INFO] 接口名称：添加历史变量
[2023-11-15 10:43:15,322] logger_util.py->write_log line:61 [INFO] 接口方式：put
[2023-11-15 10:43:15,323] logger_util.py->write_log line:61 [INFO] 接口路径：http://127.0.0.1:18000/api/v1/historicarchive/group/b6c6f4b4-074c-41da-94fb-dbad49a31eff/var
[2023-11-15 10:43:15,323] logger_util.py->write_log line:61 [INFO] 请求头：{'X-Project': 'cade0634c4a44304911e8cfdb1b8f8b9'}
[2023-11-15 10:43:15,323] logger_util.py->write_log line:61 [INFO] 请求参数：[19, 20, 28, 30]
[2023-11-15 10:43:15,323] logger_util.py->write_log line:61 [INFO] 文件上传：None
[2023-11-15 10:43:15,347] logger_util.py->write_log line:61 [INFO] 预期结果：[{'equals': {'status_code': 200}}]
[2023-11-15 10:43:15,347] logger_util.py->write_log line:61 [INFO] 实际结果：
[2023-11-15 10:43:15,347] logger_util.py->write_log line:61 [INFO] 接口请求成功！
[2023-11-15 10:43:15,347] logger_util.py->write_log line:61 [INFO] 
-------------接口请求结束-----------

[2023-11-15 10:43:15,352] logger_util.py->write_log line:61 [INFO] 
-------------接口请求开始-----------
[2023-11-15 10:43:15,352] logger_util.py->write_log line:61 [INFO] 接口名称：获取历史组变量
[2023-11-15 10:43:15,352] logger_util.py->write_log line:61 [INFO] 接口方式：get
[2023-11-15 10:43:15,353] logger_util.py->write_log line:61 [INFO] 接口路径：http://127.0.0.1:18000/api/v1/historicarchive/group/b6c6f4b4-074c-41da-94fb-dbad49a31eff/var
[2023-11-15 10:43:15,353] logger_util.py->write_log line:61 [INFO] 请求头：{'Content-Type': 'application/json;charset=UTF-8', 'X-Project': 'cade0634c4a44304911e8cfdb1b8f8b9'}
[2023-11-15 10:43:15,353] logger_util.py->write_log line:61 [INFO] 文件上传：None
[2023-11-15 10:43:15,382] logger_util.py->write_log line:61 [INFO] 预期结果：[{'equals': {'status_code': 200}}]
[2023-11-15 10:43:15,382] logger_util.py->write_log line:61 [INFO] 实际结果：[{'id': 19, 'name': 'A1', 'description': '二进制', 'type': '二进制变量'}, {'id': 20, 'name': 'A2', 'description': '有符号8位整型', 'type': '有符号8位整型'}, {'id': 28, 'name': 'A10', 'description': 'F32位浮点数IEEE754', 'type': 'F32位浮点数IEEE754'}, {'id': 30, 'name': 'A12', 'description': '字符串', 'type': '字符串'}]
[2023-11-15 10:43:15,382] logger_util.py->write_log line:61 [INFO] 接口请求成功！
[2023-11-15 10:43:15,382] logger_util.py->write_log line:61 [INFO] 
-------------接口请求结束-----------

[2023-11-15 10:43:15,388] logger_util.py->write_log line:61 [INFO] 
-------------接口请求开始-----------
[2023-11-15 10:43:15,388] logger_util.py->write_log line:61 [INFO] 接口名称：删除历史组变量
[2023-11-15 10:43:15,388] logger_util.py->write_log line:61 [INFO] 接口方式：delete
[2023-11-15 10:43:15,388] logger_util.py->write_log line:61 [INFO] 接口路径：http://127.0.0.1:18000/api/v1/historicarchive/group/b6c6f4b4-074c-41da-94fb-dbad49a31eff/var
[2023-11-15 10:43:15,388] logger_util.py->write_log line:61 [INFO] 请求头：{'Content-Type': 'application/json;charset=UTF-8', 'X-Project': 'cade0634c4a44304911e8cfdb1b8f8b9'}
[2023-11-15 10:43:15,388] logger_util.py->write_log line:61 [INFO] 请求参数：[19, 20, 28, 30]
[2023-11-15 10:43:15,388] logger_util.py->write_log line:61 [INFO] 文件上传：None
[2023-11-15 10:43:15,408] logger_util.py->write_log line:61 [INFO] 预期结果：[{'equals': {'status_code': 200}}]
[2023-11-15 10:43:15,409] logger_util.py->write_log line:61 [INFO] 实际结果：
[2023-11-15 10:43:15,409] logger_util.py->write_log line:61 [INFO] 接口请求成功！
[2023-11-15 10:43:15,409] logger_util.py->write_log line:61 [INFO] 
-------------接口请求结束-----------

[2023-11-15 10:43:15,414] logger_util.py->write_log line:61 [INFO] 
-------------接口请求开始-----------
[2023-11-15 10:43:15,414] logger_util.py->write_log line:61 [INFO] 接口名称：添加历史变量
[2023-11-15 10:43:15,414] logger_util.py->write_log line:61 [INFO] 接口方式：put
[2023-11-15 10:43:15,415] logger_util.py->write_log line:61 [INFO] 接口路径：http://127.0.0.1:18000/api/v1/historicarchive/group/b6c6f4b4-074c-41da-94fb-dbad49a31eff/var
[2023-11-15 10:43:15,415] logger_util.py->write_log line:61 [INFO] 请求头：{'X-Project': 'cade0634c4a44304911e8cfdb1b8f8b9'}
[2023-11-15 10:43:15,415] logger_util.py->write_log line:61 [INFO] 请求参数：[19, 20, 28, 30]
[2023-11-15 10:43:15,415] logger_util.py->write_log line:61 [INFO] 文件上传：None
[2023-11-15 10:43:15,436] logger_util.py->write_log line:61 [INFO] 预期结果：[{'equals': {'status_code': 200}}]
[2023-11-15 10:43:15,436] logger_util.py->write_log line:61 [INFO] 实际结果：
[2023-11-15 10:43:15,437] logger_util.py->write_log line:61 [INFO] 接口请求成功！
[2023-11-15 10:43:15,437] logger_util.py->write_log line:61 [INFO] 
-------------接口请求结束-----------

[2023-11-15 10:43:15,455] logger_util.py->write_log line:61 [INFO] 
-------------接口请求开始-----------
[2023-11-15 10:43:15,456] logger_util.py->write_log line:61 [INFO] 接口名称：设置归档配置
[2023-11-15 10:43:15,456] logger_util.py->write_log line:61 [INFO] 接口方式：put
[2023-11-15 10:43:15,456] logger_util.py->write_log line:61 [INFO] 接口路径：http://127.0.0.1:18000/api/v1/historicarchive/group/b6c6f4b4-074c-41da-94fb-dbad49a31eff/archivesetting
[2023-11-15 10:43:15,456] logger_util.py->write_log line:61 [INFO] 请求头：{'X-Project': 'cade0634c4a44304911e8cfdb1b8f8b9'}
[2023-11-15 10:43:15,456] logger_util.py->write_log line:61 [INFO] 请求参数：{'minIntervalValue': 1, 'minIntervalUnit': 1, 'archiveType': 0, 'deadZoneType': 0, 'deadZoneThreshold': 1, 'intervalUnit': 1, 'intervalValue': 1, 'enableArchive': True}
[2023-11-15 10:43:15,456] logger_util.py->write_log line:61 [INFO] 文件上传：None
[2023-11-15 10:43:15,463] logger_util.py->write_log line:61 [INFO] 预期结果：[{'equals': {'status_code': 200}}]
[2023-11-15 10:43:15,463] logger_util.py->write_log line:61 [INFO] 实际结果：
[2023-11-15 10:43:15,463] logger_util.py->write_log line:61 [INFO] 接口请求成功！
[2023-11-15 10:43:15,463] logger_util.py->write_log line:61 [INFO] 
-------------接口请求结束-----------

[2023-11-15 10:43:15,468] logger_util.py->write_log line:61 [INFO] 
-------------接口请求开始-----------
[2023-11-15 10:43:15,468] logger_util.py->write_log line:61 [INFO] 接口名称：查询历史数据
[2023-11-15 10:43:15,468] logger_util.py->write_log line:61 [INFO] 接口方式：post
[2023-11-15 10:43:15,468] logger_util.py->write_log line:61 [INFO] 接口路径：http://127.0.0.1:18000/api/v1/data/aggregate
[2023-11-15 10:43:15,468] logger_util.py->write_log line:61 [INFO] 请求头：{'X-Project': 'cade0634c4a44304911e8cfdb1b8f8b9'}
[2023-11-15 10:43:15,469] logger_util.py->write_log line:61 [INFO] 请求参数：{'dataSetId': 'history', 'dimensions': [{'aliasName': '', 'fieldName': '0', 'sort': 2, 'timeFormat': 'yyyy-MM-dd HH:mm:ss'}], 'measures': [{'aliasName': '', 'fieldName': '19', 'mode': 4, 'dataFormat': 0, 'sort': 0, 'mergeType': 0}, {'aliasName': '', 'fieldName': '20', 'mode': 4, 'dataFormat': 0, 'sort': 0, 'mergeType': 0}, {'aliasName': '', 'fieldName': '28', 'mode': 4, 'dataFormat': 0, 'sort': 0, 'mergeType': 0}, {'aliasName': '', 'fieldName': '30', 'mode': 4, 'dataFormat': 0, 'sort': 0, 'mergeType': 0}], 'filters': [], 'total': False, 'pageSize': None, 'pageIndex': None, 'limit': 10000, 'noAggregation': False, 'noDimensions': False, 'whereJson': ''}
[2023-11-15 10:43:15,469] logger_util.py->write_log line:61 [INFO] 文件上传：None
[2023-11-15 10:43:15,501] logger_util.py->write_log line:61 [INFO] 实际结果：{'values': [{'A1(4)': '1', 'A2(4)': '-23', 'A10(4)': '10.456', 'A12(4)': '中文', '记录时间': '2023-11-14 17:55:15'}, {'A1(4)': '1', 'A2(4)': '-24', 'A10(4)': '10.456', 'A12(4)': '中文', '记录时间': '2023-11-14 17:55:14'}, {'A1(4)': '1', 'A2(4)': '-25', 'A10(4)': '10.456', 'A12(4)': '中文', '记录时间': '2023-11-14 17:55:13'}, {'A1(4)': '1', 'A2(4)': '-26', 'A10(4)': '10.456', 'A12(4)': '中文', '记录时间': '2023-11-14 17:55:12'}, {'A1(4)': '1', 'A2(4)': '-27', 'A10(4)': '10.456', 'A12(4)': '中文', '记录时间': '2023-11-14 17:55:11'}, {'A1(4)': '1', 'A2(4)': '-28', 'A10(4)': '10.456', 'A12(4)': '中文', '记录时间': '2023-11-14 17:55:10'}, {'A1(4)': '1', 'A2(4)': '-29', 'A10(4)': '10.456', 'A12(4)': '中文', '记录时间': '2023-11-14 17:55:09'}, {'A1(4)': '1', 'A2(4)': '-30', 'A10(4)': '10.456', 'A12(4)': '中文', '记录时间': '2023-11-14 17:55:08'}, {'A1(4)': '1', 'A2(4)': '-31', 'A10(4)': '10.456', 'A12(4)': '中文', '记录时间': '2023-11-14 17:55:07'}], 'mapping': [{'id': '19', 'name': 'A1(4)', 'aliasName': '', 'fieldName': 'A1', 'method': 4}, {'id': '20', 'name': 'A2(4)', 'aliasName': '', 'fieldName': 'A2', 'method': 4}, {'id': '28', 'name': 'A10(4)', 'aliasName': '', 'fieldName': 'A10', 'method': 4}, {'id': '30', 'name': 'A12(4)', 'aliasName': '', 'fieldName': 'A12', 'method': 4}, {'id': '_time', 'name': '_time', 'aliasName': '', 'fieldName': '_time', 'method': None}], 'queryTranslateResult': [{'queryString': '\r\na0 = from(bucket: "cade0634c4a44304911e8cfdb1b8f8b9")\r\n  |> range(start: 0, stop: now())\r\n  |> filter(fn: (r) => r["_measurement"] == "variables" and r["_field"]=="lval" and r["variable"] == "19")\r\n\r\n  |> group(columns: ["_measurement"])\r\n\n  |> limit(n: 10000)\n  |> set(key: "_field", value: "val")\n  |> toString()\r\n\r\na1 = from(bucket: "cade0634c4a44304911e8cfdb1b8f8b9")\r\n  |> range(start: 0, stop: now())\r\n  |> filter(fn: (r) => r["_measurement"] == "variables" and r["_field"]=="lval" and r["variable"] == "20")\r\n\r\n  |> group(columns: ["_measurement"])\r\n\n  |> limit(n: 10000)\n  |> set(key: "_field", value: "val")\n  |> toString()\r\n\r\na2 = from(bucket: "cade0634c4a44304911e8cfdb1b8f8b9")\r\n  |> range(start: 0, stop: now())\r\n  |> filter(fn: (r) => r["_measurement"] == "variables" and r["_field"]=="fval" and r["variable"] == "28")\r\n\r\n  |> group(columns: ["_measurement"])\r\n\n  |> limit(n: 10000)\n  |> set(key: "_field", value: "val")\n  |> toString()\r\n\r\na3 = from(bucket: "cade0634c4a44304911e8cfdb1b8f8b9")\r\n  |> range(start: 0, stop: now())\r\n  |> filter(fn: (r) => r["_measurement"] == "variables" and r["_field"]=="sval" and r["variable"] == "30")\r\n\r\n  |> group(columns: ["_measurement"])\r\n\n  |> limit(n: 10000)\n  |> set(key: "_field", value: "val")\n  |> toString()\r\n\r\nall = union(tables: [a0,a1,a2,a3])\r\n\r\n\r\nresult = all\r\n  |> pivot(rowKey:["_time"], columnKey: ["variable"], valueColumn: "_value")\r\n\r\n  |> sort(columns: ["_time"],desc:true)\r\n  |> rename(fn: (column) => if column=="19" then "M0" else if column=="20" then "M1" else if column=="28" then "M2" else if column=="30" then "M3" else column)\r\nresult\r\n', 'args': {}}], 'consuming': {'qcs': [18.7937]}, 'total': None}
[2023-11-15 10:43:15,501] logger_util.py->write_log line:61 [INFO] 接口请求失败！
[2023-11-15 10:43:15,501] logger_util.py->write_log line:61 [INFO] -------------接口请求结束-----------

[2023-11-15 10:43:15,502] logger_util.py->error_log line:65 [INFO] 断言异常：异常信息: Traceback (most recent call last):
  File "E:\Project_python\api_cms\common\requests_util.py", line 365, in validate_result
    print("实际结果key_list:",key_list,type(key_list[0]))
TypeError: 'bool' object is not subscriptable

[2023-11-15 10:43:15,502] logger_util.py->error_log line:65 [INFO] 分析YAML文件异常：异常信息: Traceback (most recent call last):
  File "E:\Project_python\api_cms\common\requests_util.py", line 365, in validate_result
    print("实际结果key_list:",key_list,type(key_list[0]))
TypeError: 'bool' object is not subscriptable

During handling of the above exception, another exception occurred:

Traceback (most recent call last):
  File "E:\Project_python\api_cms\common\requests_util.py", line 238, in analysis_yaml
    self.validate_result(yq_result, return_data, status_code)
  File "E:\Project_python\api_cms\common\requests_util.py", line 439, in validate_result
    error_log("断言异常：异常信息: %s" % str(traceback.format_exc()))
  File "E:\Project_python\api_cms\common\logger_util.py", line 66, in error_log
    raise Exception(log_message)
Exception: 断言异常：异常信息: Traceback (most recent call last):
  File "E:\Project_python\api_cms\common\requests_util.py", line 365, in validate_result
    print("实际结果key_list:",key_list,type(key_list[0]))
TypeError: 'bool' object is not subscriptable


