[2023-11-23 15:59:42,363] logger_util.py->write_log line:61 [INFO] 
-------------接口请求开始-----------
[2023-11-23 15:59:42,364] logger_util.py->write_log line:61 [INFO] 接口名称：创建语言列表
[2023-11-23 15:59:42,364] logger_util.py->write_log line:61 [INFO] 接口方式：post
[2023-11-23 15:59:42,364] logger_util.py->write_log line:61 [INFO] 接口路径：http://127.0.0.1:18000/api/v1/multiplelanguage/languagelist
[2023-11-23 15:59:42,364] logger_util.py->write_log line:61 [INFO] 请求头：{'X-Project': 'd800d1a6d0be4623aaa824c28dc71981'}
[2023-11-23 15:59:42,364] logger_util.py->write_log line:61 [INFO] 请求参数：{'languageType': 'zh-CN'}
[2023-11-23 15:59:42,365] logger_util.py->write_log line:61 [INFO] 文件上传：None
[2023-11-23 15:59:42,386] logger_util.py->write_log line:61 [INFO] 预期结果：[{'equals': {'status_code': 200}}]
[2023-11-23 15:59:42,386] logger_util.py->write_log line:61 [INFO] 实际结果：{'id': 26, 'languageType': 'zh-CN', 'name': '中文（中国）', 'enable': True, 'createDateTime': '2023-11-23T15:59:42.3704727+08:00'}
[2023-11-23 15:59:42,387] logger_util.py->write_log line:61 [INFO] 接口请求成功！
[2023-11-23 15:59:42,387] logger_util.py->write_log line:61 [INFO] 
-------------接口请求结束-----------

[2023-11-23 15:59:42,392] logger_util.py->write_log line:61 [INFO] 
-------------接口请求开始-----------
[2023-11-23 15:59:42,392] logger_util.py->write_log line:61 [INFO] 接口名称：获取语言列表
[2023-11-23 15:59:42,393] logger_util.py->write_log line:61 [INFO] 接口方式：get
[2023-11-23 15:59:42,393] logger_util.py->write_log line:61 [INFO] 接口路径：http://127.0.0.1:18000/api/v1/multiplelanguage/languagelist
[2023-11-23 15:59:42,393] logger_util.py->write_log line:61 [INFO] 请求头：{'X-Project': 'd800d1a6d0be4623aaa824c28dc71981'}
[2023-11-23 15:59:42,393] logger_util.py->write_log line:61 [INFO] 文件上传：None
[2023-11-23 15:59:42,411] logger_util.py->write_log line:61 [INFO] 预期结果：[{'equals': {'status_code': 200}}]
[2023-11-23 15:59:42,411] logger_util.py->write_log line:61 [INFO] 实际结果：[{'id': 25, 'languageType': 'en-US', 'name': 'English (United States)', 'enable': True, 'createDateTime': '2023-11-23T15:51:53.5753012'}, {'id': 26, 'languageType': 'zh-CN', 'name': '中文（中国）', 'enable': True, 'createDateTime': '2023-11-23T15:59:42.3704727'}]
[2023-11-23 15:59:42,411] logger_util.py->write_log line:61 [INFO] 接口请求成功！
[2023-11-23 15:59:42,412] logger_util.py->write_log line:61 [INFO] 
-------------接口请求结束-----------

[2023-11-23 15:59:42,416] logger_util.py->write_log line:61 [INFO] 
-------------接口请求开始-----------
[2023-11-23 15:59:42,416] logger_util.py->write_log line:61 [INFO] 接口名称：获取所有语言列表类型
[2023-11-23 15:59:42,416] logger_util.py->write_log line:61 [INFO] 接口方式：get
[2023-11-23 15:59:42,416] logger_util.py->write_log line:61 [INFO] 接口路径：http://127.0.0.1:18000/api/v1/multiplelanguage/languagelist/languagetype
[2023-11-23 15:59:42,416] logger_util.py->write_log line:61 [INFO] 请求头：{'X-Project': 'd800d1a6d0be4623aaa824c28dc71981'}
[2023-11-23 15:59:42,417] logger_util.py->write_log line:61 [INFO] 文件上传：None
[2023-11-23 15:59:42,435] logger_util.py->write_log line:61 [INFO] 预期结果：[{'equals': {'status_code': 200}}]
[2023-11-23 15:59:42,435] logger_util.py->write_log line:61 [INFO] 实际结果：[{'languageType': 'en-US', 'name': 'English (United States)'}, {'languageType': 'zh-CN', 'name': '中文（中国）'}]
[2023-11-23 15:59:42,435] logger_util.py->write_log line:61 [INFO] 接口请求成功！
[2023-11-23 15:59:42,435] logger_util.py->write_log line:61 [INFO] 
-------------接口请求结束-----------

[2023-11-23 15:59:42,445] logger_util.py->write_log line:61 [INFO] 
-------------接口请求开始-----------
[2023-11-23 15:59:42,445] logger_util.py->write_log line:61 [INFO] 接口名称：关闭语言状态
[2023-11-23 15:59:42,445] logger_util.py->write_log line:61 [INFO] 接口方式：put
[2023-11-23 15:59:42,445] logger_util.py->write_log line:61 [INFO] 接口路径：http://127.0.0.1:18000/api/v1/multiplelanguage/languagelist/26/switch
[2023-11-23 15:59:42,445] logger_util.py->write_log line:61 [INFO] 请求头：{'X-Project': 'd800d1a6d0be4623aaa824c28dc71981'}
[2023-11-23 15:59:42,445] logger_util.py->write_log line:61 [INFO] 请求参数：ddt{{false}}
[2023-11-23 15:59:42,445] logger_util.py->write_log line:61 [INFO] 文件上传：None
[2023-11-23 15:59:42,467] logger_util.py->write_log line:61 [INFO] 预期结果：[{'equals': {'status_code': 200}}]
[2023-11-23 15:59:42,467] logger_util.py->write_log line:61 [INFO] 实际结果：False
[2023-11-23 15:59:42,467] logger_util.py->write_log line:61 [INFO] 接口请求成功！
[2023-11-23 15:59:42,467] logger_util.py->write_log line:61 [INFO] 
-------------接口请求结束-----------

[2023-11-23 15:59:42,472] logger_util.py->write_log line:61 [INFO] 
-------------接口请求开始-----------
[2023-11-23 15:59:42,472] logger_util.py->write_log line:61 [INFO] 接口名称：开启语言状态
[2023-11-23 15:59:42,472] logger_util.py->write_log line:61 [INFO] 接口方式：put
[2023-11-23 15:59:42,472] logger_util.py->write_log line:61 [INFO] 接口路径：http://127.0.0.1:18000/api/v1/multiplelanguage/languagelist/26/switch
[2023-11-23 15:59:42,472] logger_util.py->write_log line:61 [INFO] 请求头：{'X-Project': 'd800d1a6d0be4623aaa824c28dc71981'}
[2023-11-23 15:59:42,472] logger_util.py->write_log line:61 [INFO] 请求参数：ddt{{true}}
[2023-11-23 15:59:42,472] logger_util.py->write_log line:61 [INFO] 文件上传：None
[2023-11-23 15:59:42,492] logger_util.py->write_log line:61 [INFO] 预期结果：[{'equals': {'status_code': 200}}]
[2023-11-23 15:59:42,492] logger_util.py->write_log line:61 [INFO] 实际结果：True
[2023-11-23 15:59:42,492] logger_util.py->write_log line:61 [INFO] 接口请求成功！
[2023-11-23 15:59:42,492] logger_util.py->write_log line:61 [INFO] 
-------------接口请求结束-----------

[2023-11-23 15:59:42,498] logger_util.py->write_log line:61 [INFO] 
-------------接口请求开始-----------
[2023-11-23 15:59:42,498] logger_util.py->write_log line:61 [INFO] 接口名称：编辑语言列表
[2023-11-23 15:59:42,499] logger_util.py->write_log line:61 [INFO] 接口方式：put
[2023-11-23 15:59:42,499] logger_util.py->write_log line:61 [INFO] 接口路径：http://127.0.0.1:18000/api/v1/multiplelanguage/languagelist/26
[2023-11-23 15:59:42,499] logger_util.py->write_log line:61 [INFO] 请求头：{'X-Project': 'd800d1a6d0be4623aaa824c28dc71981'}
[2023-11-23 15:59:42,499] logger_util.py->write_log line:61 [INFO] 请求参数：{'languageType': 'en-US'}
[2023-11-23 15:59:42,499] logger_util.py->write_log line:61 [INFO] 文件上传：None
[2023-11-23 15:59:42,503] logger_util.py->error_log line:65 [INFO] 断言失败:status_code不等于200
[2023-11-23 15:59:42,503] logger_util.py->write_log line:61 [INFO] 实际结果：English (United States)已存在
[2023-11-23 15:59:42,503] logger_util.py->write_log line:61 [INFO] 接口请求失败！
[2023-11-23 15:59:42,503] logger_util.py->write_log line:61 [INFO] -------------接口请求结束-----------

[2023-11-23 15:59:42,504] logger_util.py->error_log line:65 [INFO] 断言异常：异常信息: Traceback (most recent call last):
  File "E:\Project_python\api_cms\common\requests_util.py", line 366, in validate_result
    error_log("断言失败:"+assert_key+"不等于"+str(assert_value))
  File "E:\Project_python\api_cms\common\logger_util.py", line 66, in error_log
    raise Exception(log_message)
Exception: 断言失败:status_code不等于200

[2023-11-23 15:59:42,504] logger_util.py->error_log line:65 [INFO] 分析YAML文件异常：异常信息: Traceback (most recent call last):
  File "E:\Project_python\api_cms\common\requests_util.py", line 366, in validate_result
    error_log("断言失败:"+assert_key+"不等于"+str(assert_value))
  File "E:\Project_python\api_cms\common\logger_util.py", line 66, in error_log
    raise Exception(log_message)
Exception: 断言失败:status_code不等于200

During handling of the above exception, another exception occurred:

Traceback (most recent call last):
  File "E:\Project_python\api_cms\common\requests_util.py", line 263, in analysis_yaml
    self.validate_result(yq_result, return_text, status_code)
  File "E:\Project_python\api_cms\common\requests_util.py", line 446, in validate_result
    error_log("断言异常：异常信息: %s" % str(traceback.format_exc()))
  File "E:\Project_python\api_cms\common\logger_util.py", line 66, in error_log
    raise Exception(log_message)
Exception: 断言异常：异常信息: Traceback (most recent call last):
  File "E:\Project_python\api_cms\common\requests_util.py", line 366, in validate_result
    error_log("断言失败:"+assert_key+"不等于"+str(assert_value))
  File "E:\Project_python\api_cms\common\logger_util.py", line 66, in error_log
    raise Exception(log_message)
Exception: 断言失败:status_code不等于200


[2023-11-23 15:59:42,629] logger_util.py->write_log line:61 [INFO] 
-------------接口请求开始-----------
[2023-11-23 15:59:42,629] logger_util.py->write_log line:61 [INFO] 接口名称：保存翻译文本列表
[2023-11-23 15:59:42,630] logger_util.py->write_log line:61 [INFO] 接口方式：put
[2023-11-23 15:59:42,630] logger_util.py->write_log line:61 [INFO] 接口路径：http://127.0.0.1:18000/api/v1/multiplelanguage/26
[2023-11-23 15:59:42,630] logger_util.py->write_log line:61 [INFO] 请求头：{'X-Project': 'd800d1a6d0be4623aaa824c28dc71981'}
[2023-11-23 15:59:42,630] logger_util.py->write_log line:61 [INFO] 请求参数：[{'originalId': 0, 'originalText': '原始文本1', 'translationText': 'Original Text 1'}]
[2023-11-23 15:59:42,630] logger_util.py->write_log line:61 [INFO] 文件上传：None
[2023-11-23 15:59:42,638] logger_util.py->error_log line:65 [INFO] 断言失败:status_code不等于200
[2023-11-23 15:59:42,638] logger_util.py->write_log line:61 [INFO] 实际结果：原始文本不能重复：原始文本1
[2023-11-23 15:59:42,638] logger_util.py->write_log line:61 [INFO] 接口请求失败！
[2023-11-23 15:59:42,638] logger_util.py->write_log line:61 [INFO] -------------接口请求结束-----------

[2023-11-23 15:59:42,639] logger_util.py->error_log line:65 [INFO] 断言异常：异常信息: Traceback (most recent call last):
  File "E:\Project_python\api_cms\common\requests_util.py", line 366, in validate_result
    error_log("断言失败:"+assert_key+"不等于"+str(assert_value))
  File "E:\Project_python\api_cms\common\logger_util.py", line 66, in error_log
    raise Exception(log_message)
Exception: 断言失败:status_code不等于200

[2023-11-23 15:59:42,639] logger_util.py->error_log line:65 [INFO] 分析YAML文件异常：异常信息: Traceback (most recent call last):
  File "E:\Project_python\api_cms\common\requests_util.py", line 366, in validate_result
    error_log("断言失败:"+assert_key+"不等于"+str(assert_value))
  File "E:\Project_python\api_cms\common\logger_util.py", line 66, in error_log
    raise Exception(log_message)
Exception: 断言失败:status_code不等于200

During handling of the above exception, another exception occurred:

Traceback (most recent call last):
  File "E:\Project_python\api_cms\common\requests_util.py", line 263, in analysis_yaml
    self.validate_result(yq_result, return_text, status_code)
  File "E:\Project_python\api_cms\common\requests_util.py", line 446, in validate_result
    error_log("断言异常：异常信息: %s" % str(traceback.format_exc()))
  File "E:\Project_python\api_cms\common\logger_util.py", line 66, in error_log
    raise Exception(log_message)
Exception: 断言异常：异常信息: Traceback (most recent call last):
  File "E:\Project_python\api_cms\common\requests_util.py", line 366, in validate_result
    error_log("断言失败:"+assert_key+"不等于"+str(assert_value))
  File "E:\Project_python\api_cms\common\logger_util.py", line 66, in error_log
    raise Exception(log_message)
Exception: 断言失败:status_code不等于200


[2023-11-23 15:59:42,680] logger_util.py->write_log line:61 [INFO] 
-------------接口请求开始-----------
[2023-11-23 15:59:42,680] logger_util.py->write_log line:61 [INFO] 接口名称：获取翻译文本列表
[2023-11-23 15:59:42,680] logger_util.py->write_log line:61 [INFO] 接口方式：get
[2023-11-23 15:59:42,680] logger_util.py->write_log line:61 [INFO] 接口路径：http://127.0.0.1:18000/api/v1/multiplelanguage/19/0/2/
[2023-11-23 15:59:42,680] logger_util.py->write_log line:61 [INFO] 请求头：{'X-Project': 'd800d1a6d0be4623aaa824c28dc71981'}
[2023-11-23 15:59:42,680] logger_util.py->write_log line:61 [INFO] 文件上传：None
[2023-11-23 15:59:42,703] logger_util.py->write_log line:61 [INFO] 预期结果：[{'equals': {'status_code': 200}}]
[2023-11-23 15:59:42,703] logger_util.py->write_log line:61 [INFO] 实际结果：{'total': 1, 'translated': 0, 'payload': [{'no': 1, 'originalId': 20, 'originalText': '原始文本1', 'translationText': '', 'automatic': False}]}
[2023-11-23 15:59:42,704] logger_util.py->write_log line:61 [INFO] 接口请求成功！
[2023-11-23 15:59:42,704] logger_util.py->write_log line:61 [INFO] 
-------------接口请求结束-----------

[2023-11-23 15:59:42,709] logger_util.py->write_log line:61 [INFO] 
-------------接口请求开始-----------
[2023-11-23 15:59:42,709] logger_util.py->write_log line:61 [INFO] 接口名称：同步
[2023-11-23 15:59:42,710] logger_util.py->write_log line:61 [INFO] 接口方式：put
[2023-11-23 15:59:42,710] logger_util.py->write_log line:61 [INFO] 接口路径：http://127.0.0.1:18000/api/v1/multiplelanguage/sync
[2023-11-23 15:59:42,710] logger_util.py->write_log line:61 [INFO] 请求头：{'X-Project': 'd800d1a6d0be4623aaa824c28dc71981'}
[2023-11-23 15:59:42,710] logger_util.py->write_log line:61 [INFO] 请求参数：{'mappingType': 0, 'pageId': '9', 'originalTexts': ['静态文本123']}
[2023-11-23 15:59:42,710] logger_util.py->write_log line:61 [INFO] 文件上传：None
[2023-11-23 15:59:42,715] logger_util.py->write_log line:61 [INFO] 预期结果：[{'equals': {'status_code': 200}}]
[2023-11-23 15:59:42,715] logger_util.py->write_log line:61 [INFO] 实际结果：
[2023-11-23 15:59:42,716] logger_util.py->write_log line:61 [INFO] 接口请求成功！
[2023-11-23 15:59:42,716] logger_util.py->write_log line:61 [INFO] 
-------------接口请求结束-----------

[2023-11-23 15:59:42,720] logger_util.py->write_log line:61 [INFO] 
-------------接口请求开始-----------
[2023-11-23 15:59:42,720] logger_util.py->write_log line:61 [INFO] 接口名称：导出语言
[2023-11-23 15:59:42,720] logger_util.py->write_log line:61 [INFO] 接口方式：get
[2023-11-23 15:59:42,720] logger_util.py->write_log line:61 [INFO] 接口路径：http://127.0.0.1:18000/api/v1/multiplelanguage/export/多语言翻译列表/19/0/0/
[2023-11-23 15:59:42,721] logger_util.py->write_log line:61 [INFO] 请求头：{'X-Project': 'd800d1a6d0be4623aaa824c28dc71981'}
[2023-11-23 15:59:42,721] logger_util.py->write_log line:61 [INFO] 文件上传：None
[2023-11-23 15:59:42,824] logger_util.py->write_log line:61 [INFO] 预期结果：[{'equals': {'status_code': 200}}]
[2023-11-23 15:59:42,824] logger_util.py->write_log line:61 [INFO] 实际结果：PK   uwW��#��   +     _rels/.rels��1n� ��<�=�AI�T�Y�t�rB62�����C��+t���}����5�[��N�8�
�]�@����I�����p!���Xf�
��cQ8ך^�(f��Kǉb�r����$�6��HȾ?���� `�����?*[���y��\����U�͋�ˍy�Z�ow�k��������Ob�jy�  �� PK   uwWbP#��   �      xl/sharedStrings.xml4���0 �U"�i�PSHL D�i#�v�]Tf��H�������iO+�ĪY8¶	��{2�n��� N-�0Fx��;u����
k��l>z������y�r�Jɴ�:z�+�A'D��w!�=���zY�"p�ǂ���֫Z�  �� PK   uwW��#��  �     xl/worksheets/sheet1.xml���N�0�_��N�@ݤ�4�&m� �J��"�+�ms�N0!���.�yhc�e�J��
(i:pQ/Q�������8����~�34�J3)|pZm@TD2fb���$����ro&թN)5(�О�!5f�a���r�[rLEγD*N�nI5�2IXDCM8���G�hF�B�l�����M�%q5���8aP9_�8�R4�����.�R!1�\(9C��ET�:���(@zS�ş���w��4(��`��~W��X^�-o~ٰ�;����fh��1T�u��������|q?/~�[=|{�J���6�]@� *�ua8/�z�ut�O�������׵����n!m�p���Nèc3rm������cC�[P[6�%�F��P�ڔ�s��k���mZ��ph�%�¯����e���9E�A��11BHy,��^:PVq�<  �� PK   uwWV�&:v  h     xl/styles.xml�X_o�0�*��Y�R`��NPTi�4i�n�$f�������G�+ �q�t��Ԡ"O��|�����K~|���隂[,$�,��If�	+S�QŋSx�Ht,Ֆ���
�2�VJ5qȬ�5�'��L״�FJ�pQ���,�i0��A��  Ht�6��Vd|�T
#'	��9�SB��/y�SA���!o�ଷ:Y5"�f��'��-�-%%���p�$��a�U4��ީD�a�)@���V�}�h1Tcgd�(Y�G�@5�[�5ʓ@ǣ���o�he��nZg�E�Ó]"	�<^�I(�Md�����}��68����i�s���~i�h�^O�h��S��1`W��[�����l9���t<�ow6�}�Aw�k.r,�3�����3D�4���=�cf���Ņ�a�?Rh��R,������Dǂ��d��]�7S�x�k}͕��T��]>GSy��:?H���90������Ā9��c�9����9����?]+�0��ϸ.�~4���إLyf@(m_,�j����k,V���쬹&��;�m��RKj�x�[�Qp�3�҃��tR@yv�sk�"y�m�l銅s�c]gY47LǅA`.&��>4ġ��6P�_�Yw8i~��"�:����6����w�c$�	7��}p8Ү��B{��#C�M-��rϙ2<����|<(�Y�l�5��W�J��@���a�-��)R���S_7R�b{��� ����\�q�7a�C\�����E���Jq���D<=%�wJJ̰@�_�ʰA�O�_],;xwC�p?�MU¾������C��Q��_����Y��KC���Bam�At�¸��,~  �� PK   uwW �霐   �   #   xl/drawings/_rels/drawing1.xml.relsT�A�0 �;	��]��1��6�@c�m����<�$��U��y��a��E�xlZ�1NN�[�-$�(l�ɊC_Wݍ=EW���E-����1:�H��X���mb^L��N�S۞M�=��+ ����_�  �� PK   uwW�	%�   7     xl/drawings/drawing1.xml��Aj�0@ѫ���r�(������-�f̌�(gˢG�JI!�\�����?Ԝ�7�E�ޛ�,!�:��,o_� L�4��c_�v'��՜�:`+eＷy����N\sZD3kDWO�ל�G�~����9w#�B�%�4�|����(%,Qض��X�K�S��Jl#*ӵ����ߗ�?   �� PK   uwWx�:��   5  #   xl/worksheets/_rels/sheet1.xml.rels��Aj�0Ы��dgQJ��M)d�y,�J#�QZ�l]�H�B74�Ew�����~]���"|P���`�:b���������� ��lcf2x&��8)�2����"����򬵸�����k�MT�^�ޭ'��G]8 ܹ0��G���dwJ��\��~�����A�n��B�����y���A�}�  �� PK   uwW�UWq�   L     xl/workbook.xml��1N�0��;D�iZZ�5}+� M���%q��A�����z#��ߟ%�����{��,	MUà��p�p��� �i,��i&:��]H"JXs��I��U�h�P�[(z�SE��iY���g�!�ۺ�yD����V�%`�}��?`�"*�V��ݗ�0]���}���o��Q��e�����X�Hx�M��}��a�;�m�����f6Z����n�3#�}��	  �� PK   uwW"��=�   �     xl/_rels/workbook.xml.rels��;N�@E{$���z<vl�NCCe�yc[��53gm,�- � �(hhϕ��t�_���b<S��wY�@Nz5���s�w���@��ɻ8Ns��;S��r$�c�gr�5��S�|����6y^�p�� `��e��X�֓�G/ϖ\�E�^|8ő(!y(u��#�Z�l��Iux�EMbWʪ�Uu�˦��"!�"WBI���ۛ����b(����Uf�Į�7\�v[i%>�Z����   �� PK   uwWǥ��{       [Content_Types].xml�TMO�0�+U�h���Zǁ�# �(4n�8Ql��q�'�P�	Q�6@��y~��V�^^'g���"��8��",�6X���jt"2b�ZY�P��8�N�V(k�E*D�N����(��u���)���ZU�U�h<>��G��b:��J=[����T�*kJ�ƣ\��Rt�ʔ�}�� 9�Aij ��<D�q�k�eˀ��G�B���uv�K�&�q��S�z y
�H�!"��IjS8R�	�����l�fjL����#XJ7��h�Ք�Pܪ���A!�C�I�l�T��Ԩz�1�F���+��%\�8��o�'���I�ݛ�=
!^YXv����+��ji����:Er}ث���N�NI�������Φ�   �� PK    uwW��#��   +                   _rels/.relsPK    uwWbP#��   �                �   xl/sharedStrings.xmlPK    uwW��#��  �               �  xl/worksheets/sheet1.xmlPK    uwWV�&:v  h               �  xl/styles.xmlPK    uwW �霐   �   #             F  xl/drawings/_rels/drawing1.xml.relsPK    uwW�	%�   7                 xl/drawings/drawing1.xmlPK    uwWx�:��   5  #             	  xl/worksheets/_rels/sheet1.xml.relsPK    uwW�UWq�   L               
  xl/workbook.xmlPK    uwW"��=�   �                 xl/_rels/workbook.xml.relsPK    uwWǥ��{                 K  [Content_Types].xmlPK    
 
 �  �    
[2023-11-23 15:59:42,829] logger_util.py->write_log line:61 [INFO] 接口请求成功！
[2023-11-23 15:59:42,829] logger_util.py->write_log line:61 [INFO] 
-------------接口请求结束-----------

[2023-11-23 15:59:42,835] logger_util.py->write_log line:61 [INFO] 
-------------接口请求开始-----------
[2023-11-23 15:59:42,835] logger_util.py->write_log line:61 [INFO] 接口名称：导入语言
[2023-11-23 15:59:42,835] logger_util.py->write_log line:61 [INFO] 接口方式：put
[2023-11-23 15:59:42,835] logger_util.py->write_log line:61 [INFO] 接口路径：http://127.0.0.1:18000/api/v1/multiplelanguage/import/
[2023-11-23 15:59:42,835] logger_util.py->write_log line:61 [INFO] 请求头：{'X-Project': 'd800d1a6d0be4623aaa824c28dc71981'}
[2023-11-23 15:59:42,835] logger_util.py->write_log line:61 [INFO] 文件上传：None
[2023-11-23 15:59:42,862] logger_util.py->write_log line:61 [INFO] 预期结果：[{'equals': {'status_code': 200}}]
[2023-11-23 15:59:42,862] logger_util.py->write_log line:61 [INFO] 实际结果：
[2023-11-23 15:59:42,863] logger_util.py->write_log line:61 [INFO] 接口请求成功！
[2023-11-23 15:59:42,863] logger_util.py->write_log line:61 [INFO] 
-------------接口请求结束-----------

[2023-11-23 15:59:42,872] logger_util.py->write_log line:61 [INFO] 
-------------接口请求开始-----------
[2023-11-23 15:59:42,872] logger_util.py->write_log line:61 [INFO] 接口名称：删除语言列表
[2023-11-23 15:59:42,872] logger_util.py->write_log line:61 [INFO] 接口方式：delete
[2023-11-23 15:59:42,872] logger_util.py->write_log line:61 [INFO] 接口路径：http://127.0.0.1:18000/api/v1/multiplelanguage/languagelist/26
[2023-11-23 15:59:42,872] logger_util.py->write_log line:61 [INFO] 请求头：{'X-Project': 'd800d1a6d0be4623aaa824c28dc71981'}
[2023-11-23 15:59:42,872] logger_util.py->write_log line:61 [INFO] 文件上传：None
[2023-11-23 15:59:42,893] logger_util.py->write_log line:61 [INFO] 预期结果：[{'equals': {'status_code': 200}}]
[2023-11-23 15:59:42,893] logger_util.py->write_log line:61 [INFO] 实际结果：
[2023-11-23 15:59:42,894] logger_util.py->write_log line:61 [INFO] 接口请求成功！
[2023-11-23 15:59:42,894] logger_util.py->write_log line:61 [INFO] 
-------------接口请求结束-----------

