[2023-11-28 14:04:58,398] logger_util.py->write_log line:61 [INFO] 
-------------接口请求开始-----------
[2023-11-28 14:04:58,399] logger_util.py->write_log line:61 [INFO] 接口名称：刷新-插入
[2023-11-28 14:04:58,399] logger_util.py->write_log line:61 [INFO] 接口方式：get
[2023-11-28 14:04:58,399] logger_util.py->write_log line:61 [INFO] 接口路径：http://127.0.0.1:18000/api/v1/connection/table/25/preview
[2023-11-28 14:04:58,399] logger_util.py->write_log line:61 [INFO] 请求头：{'X-Project': 'd800d1a6d0be4623aaa824c28dc71981'}
[2023-11-28 14:04:58,399] logger_util.py->write_log line:61 [INFO] 文件上传：None
[2023-11-28 14:04:58,429] logger_util.py->write_log line:61 [INFO] 实际结果：{'status': 1, 'lastErrorMsg': None, 'total': 7, 'headers': ['id', 'time', 'name', 'age', 'money'], 'data': [{'id': 7, 'time': '2023-10-20 18:40:55', 'name': '中文1', 'age': 10, 'money': 10.456}, {'id': 6, 'time': '2023-10-20 18:40:55', 'name': '中文1', 'age': 10, 'money': 10.456}, {'id': 5, 'time': '2023-10-20 18:40:55', 'name': '中文1', 'age': 10, 'money': 10.456}, {'id': 4, 'time': '2023-11-12 12:15:30', 'name': '中文1', 'age': 10, 'money': 100.16}, {'id': 3, 'time': '2023-11-12 12:15:30', 'name': '中文1', 'age': 10, 'money': 100.16}, {'id': 2, 'time': '2023-11-12 12:15:30', 'name': '中文1', 'age': 10, 'money': 100.16}, {'id': 1, 'time': '2023-11-12 12:15:30', 'name': '中文1', 'age': 10, 'money': 100.16}]}
[2023-11-28 14:04:58,429] logger_util.py->write_log line:61 [INFO] 接口请求失败！
[2023-11-28 14:04:58,429] logger_util.py->write_log line:61 [INFO] -------------接口请求结束-----------

[2023-11-28 14:04:58,430] logger_util.py->error_log line:65 [INFO] 断言异常：异常信息: Traceback (most recent call last):
  File "E:\Project_python\api_cms\common\requests_util.py", line 347, in validate_result
    yq_result = self.replace_load(yq_result)
  File "E:\Project_python\api_cms\common\requests_util.py", line 125, in replace_load
    str_data = json.dumps(data)
  File "D:\Pyhton\Pyton39\lib\json\__init__.py", line 231, in dumps
    return _default_encoder.encode(obj)
  File "D:\Pyhton\Pyton39\lib\json\encoder.py", line 199, in encode
    chunks = self.iterencode(o, _one_shot=True)
  File "D:\Pyhton\Pyton39\lib\json\encoder.py", line 257, in iterencode
    return _iterencode(o, 0)
  File "D:\Pyhton\Pyton39\lib\json\encoder.py", line 179, in default
    raise TypeError(f'Object of type {o.__class__.__name__} '
TypeError: Object of type datetime is not JSON serializable

[2023-11-28 14:04:58,430] logger_util.py->error_log line:65 [INFO] 分析YAML文件异常：异常信息: Traceback (most recent call last):
  File "E:\Project_python\api_cms\common\requests_util.py", line 347, in validate_result
    yq_result = self.replace_load(yq_result)
  File "E:\Project_python\api_cms\common\requests_util.py", line 125, in replace_load
    str_data = json.dumps(data)
  File "D:\Pyhton\Pyton39\lib\json\__init__.py", line 231, in dumps
    return _default_encoder.encode(obj)
  File "D:\Pyhton\Pyton39\lib\json\encoder.py", line 199, in encode
    chunks = self.iterencode(o, _one_shot=True)
  File "D:\Pyhton\Pyton39\lib\json\encoder.py", line 257, in iterencode
    return _iterencode(o, 0)
  File "D:\Pyhton\Pyton39\lib\json\encoder.py", line 179, in default
    raise TypeError(f'Object of type {o.__class__.__name__} '
TypeError: Object of type datetime is not JSON serializable

During handling of the above exception, another exception occurred:

Traceback (most recent call last):
  File "E:\Project_python\api_cms\common\requests_util.py", line 248, in analysis_yaml
    self.validate_result(yq_result, return_data, status_code)
  File "E:\Project_python\api_cms\common\requests_util.py", line 448, in validate_result
    error_log("断言异常：异常信息: %s" % str(traceback.format_exc()))
  File "E:\Project_python\api_cms\common\logger_util.py", line 66, in error_log
    raise Exception(log_message)
Exception: 断言异常：异常信息: Traceback (most recent call last):
  File "E:\Project_python\api_cms\common\requests_util.py", line 347, in validate_result
    yq_result = self.replace_load(yq_result)
  File "E:\Project_python\api_cms\common\requests_util.py", line 125, in replace_load
    str_data = json.dumps(data)
  File "D:\Pyhton\Pyton39\lib\json\__init__.py", line 231, in dumps
    return _default_encoder.encode(obj)
  File "D:\Pyhton\Pyton39\lib\json\encoder.py", line 199, in encode
    chunks = self.iterencode(o, _one_shot=True)
  File "D:\Pyhton\Pyton39\lib\json\encoder.py", line 257, in iterencode
    return _iterencode(o, 0)
  File "D:\Pyhton\Pyton39\lib\json\encoder.py", line 179, in default
    raise TypeError(f'Object of type {o.__class__.__name__} '
TypeError: Object of type datetime is not JSON serializable


