[2022-09-25 16:22:35,928] logger_util.py->write_log line:61 [INFO] -------------接口请求开始-----------
[2022-09-25 16:22:35,929] logger_util.py->write_log line:61 [INFO] 接口名称：cms变量下发
[2022-09-25 16:22:35,929] logger_util.py->write_log line:61 [INFO] 接口方式：post
[2022-09-25 16:22:35,929] logger_util.py->write_log line:61 [INFO] 接口路径：http://127.0.0.1:6700/v1/cms/io/write
[2022-09-25 16:22:35,929] logger_util.py->write_log line:61 [INFO] 请求头：{'Content-Type': 'application/json;charset=UTF-8', 'X-Project': '7afb29a8886d48189d0a935643282ae7', 'Authorization': 'Bearer eyJhbGciOiJIUzI1NiIsInR5cCI6IkpXVCJ9.eyJodHRwOi8vc2NoZW1hcy54bWxzb2FwLm9yZy93cy8yMDA1LzA1L2lkZW50aXR5L2NsYWltcy9uYW1lIjoiU3VwZXJBZG1pbiIsImh0dHA6Ly9zY2hlbWFzLnhtbHNvYXAub3JnL3dzLzIwMDUvMDUvaWRlbnRpdHkvY2xhaW1zL25hbWVpZGVudGlmaWVyIjoiU3VwZXJBZG1pbiIsImV4cCI6MTY2NDE4MDMxNCwiaXNzIjoiQ01TdjIiLCJhdWQiOiJBcGkifQ.zb-RW5uSkCNR9OXqHBPMtaVL8apvevjkXA0s_1BuoMc'}
[2022-09-25 16:22:35,929] logger_util.py->write_log line:61 [INFO] 请求参数：{'tagDatas': {'A1': '1556'}}
[2022-09-25 16:22:35,929] logger_util.py->write_log line:61 [INFO] 文件上传：None
[2022-09-25 16:22:37,955] logger_util.py->error_log line:65 [INFO] 发送请求异常：异常信息: Traceback (most recent call last):
  File "D:\Pyhton\Pyton39\lib\site-packages\urllib3\connection.py", line 174, in _new_conn
    conn = connection.create_connection(
  File "D:\Pyhton\Pyton39\lib\site-packages\urllib3\util\connection.py", line 95, in create_connection
    raise err
  File "D:\Pyhton\Pyton39\lib\site-packages\urllib3\util\connection.py", line 85, in create_connection
    sock.connect(sa)
ConnectionRefusedError: [WinError 10061] 由于目标计算机积极拒绝，无法连接。

During handling of the above exception, another exception occurred:

Traceback (most recent call last):
  File "D:\Pyhton\Pyton39\lib\site-packages\urllib3\connectionpool.py", line 703, in urlopen
    httplib_response = self._make_request(
  File "D:\Pyhton\Pyton39\lib\site-packages\urllib3\connectionpool.py", line 398, in _make_request
    conn.request(method, url, **httplib_request_kw)
  File "D:\Pyhton\Pyton39\lib\site-packages\urllib3\connection.py", line 239, in request
    super(HTTPConnection, self).request(method, url, body=body, headers=headers)
  File "D:\Pyhton\Pyton39\lib\http\client.py", line 1285, in request
    self._send_request(method, url, body, headers, encode_chunked)
  File "D:\Pyhton\Pyton39\lib\http\client.py", line 1331, in _send_request
    self.endheaders(body, encode_chunked=encode_chunked)
  File "D:\Pyhton\Pyton39\lib\http\client.py", line 1280, in endheaders
    self._send_output(message_body, encode_chunked=encode_chunked)
  File "D:\Pyhton\Pyton39\lib\http\client.py", line 1040, in _send_output
    self.send(msg)
  File "D:\Pyhton\Pyton39\lib\http\client.py", line 980, in send
    self.connect()
  File "D:\Pyhton\Pyton39\lib\site-packages\urllib3\connection.py", line 205, in connect
    conn = self._new_conn()
  File "D:\Pyhton\Pyton39\lib\site-packages\urllib3\connection.py", line 186, in _new_conn
    raise NewConnectionError(
urllib3.exceptions.NewConnectionError: <urllib3.connection.HTTPConnection object at 0x000001BDF174D520>: Failed to establish a new connection: [WinError 10061] 由于目标计算机积极拒绝，无法连接。

During handling of the above exception, another exception occurred:

Traceback (most recent call last):
  File "D:\Pyhton\Pyton39\lib\site-packages\requests\adapters.py", line 489, in send
    resp = conn.urlopen(
  File "D:\Pyhton\Pyton39\lib\site-packages\urllib3\connectionpool.py", line 785, in urlopen
    retries = retries.increment(
  File "D:\Pyhton\Pyton39\lib\site-packages\urllib3\util\retry.py", line 592, in increment
    raise MaxRetryError(_pool, url, error or ResponseError(cause))
urllib3.exceptions.MaxRetryError: HTTPConnectionPool(host='127.0.0.1', port=6700): Max retries exceeded with url: /v1/cms/io/write (Caused by NewConnectionError('<urllib3.connection.HTTPConnection object at 0x000001BDF174D520>: Failed to establish a new connection: [WinError 10061] 由于目标计算机积极拒绝，无法连接。'))

During handling of the above exception, another exception occurred:

Traceback (most recent call last):
  File "E:\Project_python\2TestCMS2.0\common\requests_util.py", line 357, in send_request
    res = RequestUtil.session.request(method=self.last_method, url=self.base_url, headers=self.last_headers, **kwargs)
  File "D:\Pyhton\Pyton39\lib\site-packages\requests\sessions.py", line 587, in request
    resp = self.send(prep, **send_kwargs)
  File "D:\Pyhton\Pyton39\lib\site-packages\requests\sessions.py", line 701, in send
    r = adapter.send(request, **kwargs)
  File "D:\Pyhton\Pyton39\lib\site-packages\requests\adapters.py", line 565, in send
    raise ConnectionError(e, request=request)
requests.exceptions.ConnectionError: HTTPConnectionPool(host='127.0.0.1', port=6700): Max retries exceeded with url: /v1/cms/io/write (Caused by NewConnectionError('<urllib3.connection.HTTPConnection object at 0x000001BDF174D520>: Failed to establish a new connection: [WinError 10061] 由于目标计算机积极拒绝，无法连接。'))

[2022-09-25 16:22:37,964] logger_util.py->error_log line:65 [INFO] 分析YAML文件异常：异常信息: Traceback (most recent call last):
  File "D:\Pyhton\Pyton39\lib\site-packages\urllib3\connection.py", line 174, in _new_conn
    conn = connection.create_connection(
  File "D:\Pyhton\Pyton39\lib\site-packages\urllib3\util\connection.py", line 95, in create_connection
    raise err
  File "D:\Pyhton\Pyton39\lib\site-packages\urllib3\util\connection.py", line 85, in create_connection
    sock.connect(sa)
ConnectionRefusedError: [WinError 10061] 由于目标计算机积极拒绝，无法连接。

During handling of the above exception, another exception occurred:

Traceback (most recent call last):
  File "D:\Pyhton\Pyton39\lib\site-packages\urllib3\connectionpool.py", line 703, in urlopen
    httplib_response = self._make_request(
  File "D:\Pyhton\Pyton39\lib\site-packages\urllib3\connectionpool.py", line 398, in _make_request
    conn.request(method, url, **httplib_request_kw)
  File "D:\Pyhton\Pyton39\lib\site-packages\urllib3\connection.py", line 239, in request
    super(HTTPConnection, self).request(method, url, body=body, headers=headers)
  File "D:\Pyhton\Pyton39\lib\http\client.py", line 1285, in request
    self._send_request(method, url, body, headers, encode_chunked)
  File "D:\Pyhton\Pyton39\lib\http\client.py", line 1331, in _send_request
    self.endheaders(body, encode_chunked=encode_chunked)
  File "D:\Pyhton\Pyton39\lib\http\client.py", line 1280, in endheaders
    self._send_output(message_body, encode_chunked=encode_chunked)
  File "D:\Pyhton\Pyton39\lib\http\client.py", line 1040, in _send_output
    self.send(msg)
  File "D:\Pyhton\Pyton39\lib\http\client.py", line 980, in send
    self.connect()
  File "D:\Pyhton\Pyton39\lib\site-packages\urllib3\connection.py", line 205, in connect
    conn = self._new_conn()
  File "D:\Pyhton\Pyton39\lib\site-packages\urllib3\connection.py", line 186, in _new_conn
    raise NewConnectionError(
urllib3.exceptions.NewConnectionError: <urllib3.connection.HTTPConnection object at 0x000001BDF174D520>: Failed to establish a new connection: [WinError 10061] 由于目标计算机积极拒绝，无法连接。

During handling of the above exception, another exception occurred:

Traceback (most recent call last):
  File "D:\Pyhton\Pyton39\lib\site-packages\requests\adapters.py", line 489, in send
    resp = conn.urlopen(
  File "D:\Pyhton\Pyton39\lib\site-packages\urllib3\connectionpool.py", line 785, in urlopen
    retries = retries.increment(
  File "D:\Pyhton\Pyton39\lib\site-packages\urllib3\util\retry.py", line 592, in increment
    raise MaxRetryError(_pool, url, error or ResponseError(cause))
urllib3.exceptions.MaxRetryError: HTTPConnectionPool(host='127.0.0.1', port=6700): Max retries exceeded with url: /v1/cms/io/write (Caused by NewConnectionError('<urllib3.connection.HTTPConnection object at 0x000001BDF174D520>: Failed to establish a new connection: [WinError 10061] 由于目标计算机积极拒绝，无法连接。'))

During handling of the above exception, another exception occurred:

Traceback (most recent call last):
  File "E:\Project_python\2TestCMS2.0\common\requests_util.py", line 357, in send_request
    res = RequestUtil.session.request(method=self.last_method, url=self.base_url, headers=self.last_headers, **kwargs)
  File "D:\Pyhton\Pyton39\lib\site-packages\requests\sessions.py", line 587, in request
    resp = self.send(prep, **send_kwargs)
  File "D:\Pyhton\Pyton39\lib\site-packages\requests\sessions.py", line 701, in send
    r = adapter.send(request, **kwargs)
  File "D:\Pyhton\Pyton39\lib\site-packages\requests\adapters.py", line 565, in send
    raise ConnectionError(e, request=request)
requests.exceptions.ConnectionError: HTTPConnectionPool(host='127.0.0.1', port=6700): Max retries exceeded with url: /v1/cms/io/write (Caused by NewConnectionError('<urllib3.connection.HTTPConnection object at 0x000001BDF174D520>: Failed to establish a new connection: [WinError 10061] 由于目标计算机积极拒绝，无法连接。'))

During handling of the above exception, another exception occurred:

Traceback (most recent call last):
  File "E:\Project_python\2TestCMS2.0\common\requests_util.py", line 204, in analysis_yaml
    res = self.send_request(name =name,method=method,
  File "E:\Project_python\2TestCMS2.0\common\requests_util.py", line 360, in send_request
    error_log("发送请求异常：异常信息: %s" % str(traceback.format_exc()))
  File "E:\Project_python\2TestCMS2.0\common\logger_util.py", line 66, in error_log
    raise Exception(log_message)
Exception: 发送请求异常：异常信息: Traceback (most recent call last):
  File "D:\Pyhton\Pyton39\lib\site-packages\urllib3\connection.py", line 174, in _new_conn
    conn = connection.create_connection(
  File "D:\Pyhton\Pyton39\lib\site-packages\urllib3\util\connection.py", line 95, in create_connection
    raise err
  File "D:\Pyhton\Pyton39\lib\site-packages\urllib3\util\connection.py", line 85, in create_connection
    sock.connect(sa)
ConnectionRefusedError: [WinError 10061] 由于目标计算机积极拒绝，无法连接。

During handling of the above exception, another exception occurred:

Traceback (most recent call last):
  File "D:\Pyhton\Pyton39\lib\site-packages\urllib3\connectionpool.py", line 703, in urlopen
    httplib_response = self._make_request(
  File "D:\Pyhton\Pyton39\lib\site-packages\urllib3\connectionpool.py", line 398, in _make_request
    conn.request(method, url, **httplib_request_kw)
  File "D:\Pyhton\Pyton39\lib\site-packages\urllib3\connection.py", line 239, in request
    super(HTTPConnection, self).request(method, url, body=body, headers=headers)
  File "D:\Pyhton\Pyton39\lib\http\client.py", line 1285, in request
    self._send_request(method, url, body, headers, encode_chunked)
  File "D:\Pyhton\Pyton39\lib\http\client.py", line 1331, in _send_request
    self.endheaders(body, encode_chunked=encode_chunked)
  File "D:\Pyhton\Pyton39\lib\http\client.py", line 1280, in endheaders
    self._send_output(message_body, encode_chunked=encode_chunked)
  File "D:\Pyhton\Pyton39\lib\http\client.py", line 1040, in _send_output
    self.send(msg)
  File "D:\Pyhton\Pyton39\lib\http\client.py", line 980, in send
    self.connect()
  File "D:\Pyhton\Pyton39\lib\site-packages\urllib3\connection.py", line 205, in connect
    conn = self._new_conn()
  File "D:\Pyhton\Pyton39\lib\site-packages\urllib3\connection.py", line 186, in _new_conn
    raise NewConnectionError(
urllib3.exceptions.NewConnectionError: <urllib3.connection.HTTPConnection object at 0x000001BDF174D520>: Failed to establish a new connection: [WinError 10061] 由于目标计算机积极拒绝，无法连接。

During handling of the above exception, another exception occurred:

Traceback (most recent call last):
  File "D:\Pyhton\Pyton39\lib\site-packages\requests\adapters.py", line 489, in send
    resp = conn.urlopen(
  File "D:\Pyhton\Pyton39\lib\site-packages\urllib3\connectionpool.py", line 785, in urlopen
    retries = retries.increment(
  File "D:\Pyhton\Pyton39\lib\site-packages\urllib3\util\retry.py", line 592, in increment
    raise MaxRetryError(_pool, url, error or ResponseError(cause))
urllib3.exceptions.MaxRetryError: HTTPConnectionPool(host='127.0.0.1', port=6700): Max retries exceeded with url: /v1/cms/io/write (Caused by NewConnectionError('<urllib3.connection.HTTPConnection object at 0x000001BDF174D520>: Failed to establish a new connection: [WinError 10061] 由于目标计算机积极拒绝，无法连接。'))

During handling of the above exception, another exception occurred:

Traceback (most recent call last):
  File "E:\Project_python\2TestCMS2.0\common\requests_util.py", line 357, in send_request
    res = RequestUtil.session.request(method=self.last_method, url=self.base_url, headers=self.last_headers, **kwargs)
  File "D:\Pyhton\Pyton39\lib\site-packages\requests\sessions.py", line 587, in request
    resp = self.send(prep, **send_kwargs)
  File "D:\Pyhton\Pyton39\lib\site-packages\requests\sessions.py", line 701, in send
    r = adapter.send(request, **kwargs)
  File "D:\Pyhton\Pyton39\lib\site-packages\requests\adapters.py", line 565, in send
    raise ConnectionError(e, request=request)
requests.exceptions.ConnectionError: HTTPConnectionPool(host='127.0.0.1', port=6700): Max retries exceeded with url: /v1/cms/io/write (Caused by NewConnectionError('<urllib3.connection.HTTPConnection object at 0x000001BDF174D520>: Failed to establish a new connection: [WinError 10061] 由于目标计算机积极拒绝，无法连接。'))


[2022-09-25 16:22:38,179] logger_util.py->write_log line:61 [INFO] -------------接口请求开始-----------
[2022-09-25 16:22:38,179] logger_util.py->write_log line:61 [INFO] 接口名称：cms变量下发
[2022-09-25 16:22:38,179] logger_util.py->write_log line:61 [INFO] 接口方式：post
[2022-09-25 16:22:38,179] logger_util.py->write_log line:61 [INFO] 接口路径：http://127.0.0.1:6700/v1/cms/io/write
[2022-09-25 16:22:38,179] logger_util.py->write_log line:61 [INFO] 请求头：{'Content-Type': 'application/json;charset=UTF-8', 'X-Project': '7afb29a8886d48189d0a935643282ae7', 'Authorization': 'Bearer eyJhbGciOiJIUzI1NiIsInR5cCI6IkpXVCJ9.eyJodHRwOi8vc2NoZW1hcy54bWxzb2FwLm9yZy93cy8yMDA1LzA1L2lkZW50aXR5L2NsYWltcy9uYW1lIjoiU3VwZXJBZG1pbiIsImh0dHA6Ly9zY2hlbWFzLnhtbHNvYXAub3JnL3dzLzIwMDUvMDUvaWRlbnRpdHkvY2xhaW1zL25hbWVpZGVudGlmaWVyIjoiU3VwZXJBZG1pbiIsImV4cCI6MTY2NDE4MDMxNCwiaXNzIjoiQ01TdjIiLCJhdWQiOiJBcGkifQ.zb-RW5uSkCNR9OXqHBPMtaVL8apvevjkXA0s_1BuoMc'}
[2022-09-25 16:22:38,180] logger_util.py->write_log line:61 [INFO] 请求参数：{'tagDatas': {'A2': '1556'}}
[2022-09-25 16:22:38,180] logger_util.py->write_log line:61 [INFO] 文件上传：None
[2022-09-25 16:22:40,223] logger_util.py->error_log line:65 [INFO] 发送请求异常：异常信息: Traceback (most recent call last):
  File "D:\Pyhton\Pyton39\lib\site-packages\urllib3\connection.py", line 174, in _new_conn
    conn = connection.create_connection(
  File "D:\Pyhton\Pyton39\lib\site-packages\urllib3\util\connection.py", line 95, in create_connection
    raise err
  File "D:\Pyhton\Pyton39\lib\site-packages\urllib3\util\connection.py", line 85, in create_connection
    sock.connect(sa)
ConnectionRefusedError: [WinError 10061] 由于目标计算机积极拒绝，无法连接。

During handling of the above exception, another exception occurred:

Traceback (most recent call last):
  File "D:\Pyhton\Pyton39\lib\site-packages\urllib3\connectionpool.py", line 703, in urlopen
    httplib_response = self._make_request(
  File "D:\Pyhton\Pyton39\lib\site-packages\urllib3\connectionpool.py", line 398, in _make_request
    conn.request(method, url, **httplib_request_kw)
  File "D:\Pyhton\Pyton39\lib\site-packages\urllib3\connection.py", line 239, in request
    super(HTTPConnection, self).request(method, url, body=body, headers=headers)
  File "D:\Pyhton\Pyton39\lib\http\client.py", line 1285, in request
    self._send_request(method, url, body, headers, encode_chunked)
  File "D:\Pyhton\Pyton39\lib\http\client.py", line 1331, in _send_request
    self.endheaders(body, encode_chunked=encode_chunked)
  File "D:\Pyhton\Pyton39\lib\http\client.py", line 1280, in endheaders
    self._send_output(message_body, encode_chunked=encode_chunked)
  File "D:\Pyhton\Pyton39\lib\http\client.py", line 1040, in _send_output
    self.send(msg)
  File "D:\Pyhton\Pyton39\lib\http\client.py", line 980, in send
    self.connect()
  File "D:\Pyhton\Pyton39\lib\site-packages\urllib3\connection.py", line 205, in connect
    conn = self._new_conn()
  File "D:\Pyhton\Pyton39\lib\site-packages\urllib3\connection.py", line 186, in _new_conn
    raise NewConnectionError(
urllib3.exceptions.NewConnectionError: <urllib3.connection.HTTPConnection object at 0x000001BDF19CFBE0>: Failed to establish a new connection: [WinError 10061] 由于目标计算机积极拒绝，无法连接。

During handling of the above exception, another exception occurred:

Traceback (most recent call last):
  File "D:\Pyhton\Pyton39\lib\site-packages\requests\adapters.py", line 489, in send
    resp = conn.urlopen(
  File "D:\Pyhton\Pyton39\lib\site-packages\urllib3\connectionpool.py", line 785, in urlopen
    retries = retries.increment(
  File "D:\Pyhton\Pyton39\lib\site-packages\urllib3\util\retry.py", line 592, in increment
    raise MaxRetryError(_pool, url, error or ResponseError(cause))
urllib3.exceptions.MaxRetryError: HTTPConnectionPool(host='127.0.0.1', port=6700): Max retries exceeded with url: /v1/cms/io/write (Caused by NewConnectionError('<urllib3.connection.HTTPConnection object at 0x000001BDF19CFBE0>: Failed to establish a new connection: [WinError 10061] 由于目标计算机积极拒绝，无法连接。'))

During handling of the above exception, another exception occurred:

Traceback (most recent call last):
  File "E:\Project_python\2TestCMS2.0\common\requests_util.py", line 357, in send_request
    res = RequestUtil.session.request(method=self.last_method, url=self.base_url, headers=self.last_headers, **kwargs)
  File "D:\Pyhton\Pyton39\lib\site-packages\requests\sessions.py", line 587, in request
    resp = self.send(prep, **send_kwargs)
  File "D:\Pyhton\Pyton39\lib\site-packages\requests\sessions.py", line 701, in send
    r = adapter.send(request, **kwargs)
  File "D:\Pyhton\Pyton39\lib\site-packages\requests\adapters.py", line 565, in send
    raise ConnectionError(e, request=request)
requests.exceptions.ConnectionError: HTTPConnectionPool(host='127.0.0.1', port=6700): Max retries exceeded with url: /v1/cms/io/write (Caused by NewConnectionError('<urllib3.connection.HTTPConnection object at 0x000001BDF19CFBE0>: Failed to establish a new connection: [WinError 10061] 由于目标计算机积极拒绝，无法连接。'))

[2022-09-25 16:22:40,238] logger_util.py->error_log line:65 [INFO] 分析YAML文件异常：异常信息: Traceback (most recent call last):
  File "D:\Pyhton\Pyton39\lib\site-packages\urllib3\connection.py", line 174, in _new_conn
    conn = connection.create_connection(
  File "D:\Pyhton\Pyton39\lib\site-packages\urllib3\util\connection.py", line 95, in create_connection
    raise err
  File "D:\Pyhton\Pyton39\lib\site-packages\urllib3\util\connection.py", line 85, in create_connection
    sock.connect(sa)
ConnectionRefusedError: [WinError 10061] 由于目标计算机积极拒绝，无法连接。

During handling of the above exception, another exception occurred:

Traceback (most recent call last):
  File "D:\Pyhton\Pyton39\lib\site-packages\urllib3\connectionpool.py", line 703, in urlopen
    httplib_response = self._make_request(
  File "D:\Pyhton\Pyton39\lib\site-packages\urllib3\connectionpool.py", line 398, in _make_request
    conn.request(method, url, **httplib_request_kw)
  File "D:\Pyhton\Pyton39\lib\site-packages\urllib3\connection.py", line 239, in request
    super(HTTPConnection, self).request(method, url, body=body, headers=headers)
  File "D:\Pyhton\Pyton39\lib\http\client.py", line 1285, in request
    self._send_request(method, url, body, headers, encode_chunked)
  File "D:\Pyhton\Pyton39\lib\http\client.py", line 1331, in _send_request
    self.endheaders(body, encode_chunked=encode_chunked)
  File "D:\Pyhton\Pyton39\lib\http\client.py", line 1280, in endheaders
    self._send_output(message_body, encode_chunked=encode_chunked)
  File "D:\Pyhton\Pyton39\lib\http\client.py", line 1040, in _send_output
    self.send(msg)
  File "D:\Pyhton\Pyton39\lib\http\client.py", line 980, in send
    self.connect()
  File "D:\Pyhton\Pyton39\lib\site-packages\urllib3\connection.py", line 205, in connect
    conn = self._new_conn()
  File "D:\Pyhton\Pyton39\lib\site-packages\urllib3\connection.py", line 186, in _new_conn
    raise NewConnectionError(
urllib3.exceptions.NewConnectionError: <urllib3.connection.HTTPConnection object at 0x000001BDF19CFBE0>: Failed to establish a new connection: [WinError 10061] 由于目标计算机积极拒绝，无法连接。

During handling of the above exception, another exception occurred:

Traceback (most recent call last):
  File "D:\Pyhton\Pyton39\lib\site-packages\requests\adapters.py", line 489, in send
    resp = conn.urlopen(
  File "D:\Pyhton\Pyton39\lib\site-packages\urllib3\connectionpool.py", line 785, in urlopen
    retries = retries.increment(
  File "D:\Pyhton\Pyton39\lib\site-packages\urllib3\util\retry.py", line 592, in increment
    raise MaxRetryError(_pool, url, error or ResponseError(cause))
urllib3.exceptions.MaxRetryError: HTTPConnectionPool(host='127.0.0.1', port=6700): Max retries exceeded with url: /v1/cms/io/write (Caused by NewConnectionError('<urllib3.connection.HTTPConnection object at 0x000001BDF19CFBE0>: Failed to establish a new connection: [WinError 10061] 由于目标计算机积极拒绝，无法连接。'))

During handling of the above exception, another exception occurred:

Traceback (most recent call last):
  File "E:\Project_python\2TestCMS2.0\common\requests_util.py", line 357, in send_request
    res = RequestUtil.session.request(method=self.last_method, url=self.base_url, headers=self.last_headers, **kwargs)
  File "D:\Pyhton\Pyton39\lib\site-packages\requests\sessions.py", line 587, in request
    resp = self.send(prep, **send_kwargs)
  File "D:\Pyhton\Pyton39\lib\site-packages\requests\sessions.py", line 701, in send
    r = adapter.send(request, **kwargs)
  File "D:\Pyhton\Pyton39\lib\site-packages\requests\adapters.py", line 565, in send
    raise ConnectionError(e, request=request)
requests.exceptions.ConnectionError: HTTPConnectionPool(host='127.0.0.1', port=6700): Max retries exceeded with url: /v1/cms/io/write (Caused by NewConnectionError('<urllib3.connection.HTTPConnection object at 0x000001BDF19CFBE0>: Failed to establish a new connection: [WinError 10061] 由于目标计算机积极拒绝，无法连接。'))

During handling of the above exception, another exception occurred:

Traceback (most recent call last):
  File "E:\Project_python\2TestCMS2.0\common\requests_util.py", line 204, in analysis_yaml
    res = self.send_request(name =name,method=method,
  File "E:\Project_python\2TestCMS2.0\common\requests_util.py", line 360, in send_request
    error_log("发送请求异常：异常信息: %s" % str(traceback.format_exc()))
  File "E:\Project_python\2TestCMS2.0\common\logger_util.py", line 66, in error_log
    raise Exception(log_message)
Exception: 发送请求异常：异常信息: Traceback (most recent call last):
  File "D:\Pyhton\Pyton39\lib\site-packages\urllib3\connection.py", line 174, in _new_conn
    conn = connection.create_connection(
  File "D:\Pyhton\Pyton39\lib\site-packages\urllib3\util\connection.py", line 95, in create_connection
    raise err
  File "D:\Pyhton\Pyton39\lib\site-packages\urllib3\util\connection.py", line 85, in create_connection
    sock.connect(sa)
ConnectionRefusedError: [WinError 10061] 由于目标计算机积极拒绝，无法连接。

During handling of the above exception, another exception occurred:

Traceback (most recent call last):
  File "D:\Pyhton\Pyton39\lib\site-packages\urllib3\connectionpool.py", line 703, in urlopen
    httplib_response = self._make_request(
  File "D:\Pyhton\Pyton39\lib\site-packages\urllib3\connectionpool.py", line 398, in _make_request
    conn.request(method, url, **httplib_request_kw)
  File "D:\Pyhton\Pyton39\lib\site-packages\urllib3\connection.py", line 239, in request
    super(HTTPConnection, self).request(method, url, body=body, headers=headers)
  File "D:\Pyhton\Pyton39\lib\http\client.py", line 1285, in request
    self._send_request(method, url, body, headers, encode_chunked)
  File "D:\Pyhton\Pyton39\lib\http\client.py", line 1331, in _send_request
    self.endheaders(body, encode_chunked=encode_chunked)
  File "D:\Pyhton\Pyton39\lib\http\client.py", line 1280, in endheaders
    self._send_output(message_body, encode_chunked=encode_chunked)
  File "D:\Pyhton\Pyton39\lib\http\client.py", line 1040, in _send_output
    self.send(msg)
  File "D:\Pyhton\Pyton39\lib\http\client.py", line 980, in send
    self.connect()
  File "D:\Pyhton\Pyton39\lib\site-packages\urllib3\connection.py", line 205, in connect
    conn = self._new_conn()
  File "D:\Pyhton\Pyton39\lib\site-packages\urllib3\connection.py", line 186, in _new_conn
    raise NewConnectionError(
urllib3.exceptions.NewConnectionError: <urllib3.connection.HTTPConnection object at 0x000001BDF19CFBE0>: Failed to establish a new connection: [WinError 10061] 由于目标计算机积极拒绝，无法连接。

During handling of the above exception, another exception occurred:

Traceback (most recent call last):
  File "D:\Pyhton\Pyton39\lib\site-packages\requests\adapters.py", line 489, in send
    resp = conn.urlopen(
  File "D:\Pyhton\Pyton39\lib\site-packages\urllib3\connectionpool.py", line 785, in urlopen
    retries = retries.increment(
  File "D:\Pyhton\Pyton39\lib\site-packages\urllib3\util\retry.py", line 592, in increment
    raise MaxRetryError(_pool, url, error or ResponseError(cause))
urllib3.exceptions.MaxRetryError: HTTPConnectionPool(host='127.0.0.1', port=6700): Max retries exceeded with url: /v1/cms/io/write (Caused by NewConnectionError('<urllib3.connection.HTTPConnection object at 0x000001BDF19CFBE0>: Failed to establish a new connection: [WinError 10061] 由于目标计算机积极拒绝，无法连接。'))

During handling of the above exception, another exception occurred:

Traceback (most recent call last):
  File "E:\Project_python\2TestCMS2.0\common\requests_util.py", line 357, in send_request
    res = RequestUtil.session.request(method=self.last_method, url=self.base_url, headers=self.last_headers, **kwargs)
  File "D:\Pyhton\Pyton39\lib\site-packages\requests\sessions.py", line 587, in request
    resp = self.send(prep, **send_kwargs)
  File "D:\Pyhton\Pyton39\lib\site-packages\requests\sessions.py", line 701, in send
    r = adapter.send(request, **kwargs)
  File "D:\Pyhton\Pyton39\lib\site-packages\requests\adapters.py", line 565, in send
    raise ConnectionError(e, request=request)
requests.exceptions.ConnectionError: HTTPConnectionPool(host='127.0.0.1', port=6700): Max retries exceeded with url: /v1/cms/io/write (Caused by NewConnectionError('<urllib3.connection.HTTPConnection object at 0x000001BDF19CFBE0>: Failed to establish a new connection: [WinError 10061] 由于目标计算机积极拒绝，无法连接。'))


[2022-09-25 16:22:40,373] logger_util.py->write_log line:61 [INFO] -------------接口请求开始-----------
[2022-09-25 16:22:40,373] logger_util.py->write_log line:61 [INFO] 接口名称：cms变量下发
[2022-09-25 16:22:40,373] logger_util.py->write_log line:61 [INFO] 接口方式：post
[2022-09-25 16:22:40,373] logger_util.py->write_log line:61 [INFO] 接口路径：http://127.0.0.1:6700/v1/cms/io/write
[2022-09-25 16:22:40,373] logger_util.py->write_log line:61 [INFO] 请求头：{'Content-Type': 'application/json;charset=UTF-8', 'X-Project': '7afb29a8886d48189d0a935643282ae7', 'Authorization': 'Bearer eyJhbGciOiJIUzI1NiIsInR5cCI6IkpXVCJ9.eyJodHRwOi8vc2NoZW1hcy54bWxzb2FwLm9yZy93cy8yMDA1LzA1L2lkZW50aXR5L2NsYWltcy9uYW1lIjoiU3VwZXJBZG1pbiIsImh0dHA6Ly9zY2hlbWFzLnhtbHNvYXAub3JnL3dzLzIwMDUvMDUvaWRlbnRpdHkvY2xhaW1zL25hbWVpZGVudGlmaWVyIjoiU3VwZXJBZG1pbiIsImV4cCI6MTY2NDE4MDMxNCwiaXNzIjoiQ01TdjIiLCJhdWQiOiJBcGkifQ.zb-RW5uSkCNR9OXqHBPMtaVL8apvevjkXA0s_1BuoMc'}
[2022-09-25 16:22:40,373] logger_util.py->write_log line:61 [INFO] 请求参数：{'tagDatas': {'A3': '1556'}}
[2022-09-25 16:22:40,374] logger_util.py->write_log line:61 [INFO] 文件上传：None
[2022-09-25 16:22:42,401] logger_util.py->error_log line:65 [INFO] 发送请求异常：异常信息: Traceback (most recent call last):
  File "D:\Pyhton\Pyton39\lib\site-packages\urllib3\connection.py", line 174, in _new_conn
    conn = connection.create_connection(
  File "D:\Pyhton\Pyton39\lib\site-packages\urllib3\util\connection.py", line 95, in create_connection
    raise err
  File "D:\Pyhton\Pyton39\lib\site-packages\urllib3\util\connection.py", line 85, in create_connection
    sock.connect(sa)
ConnectionRefusedError: [WinError 10061] 由于目标计算机积极拒绝，无法连接。

During handling of the above exception, another exception occurred:

Traceback (most recent call last):
  File "D:\Pyhton\Pyton39\lib\site-packages\urllib3\connectionpool.py", line 703, in urlopen
    httplib_response = self._make_request(
  File "D:\Pyhton\Pyton39\lib\site-packages\urllib3\connectionpool.py", line 398, in _make_request
    conn.request(method, url, **httplib_request_kw)
  File "D:\Pyhton\Pyton39\lib\site-packages\urllib3\connection.py", line 239, in request
    super(HTTPConnection, self).request(method, url, body=body, headers=headers)
  File "D:\Pyhton\Pyton39\lib\http\client.py", line 1285, in request
    self._send_request(method, url, body, headers, encode_chunked)
  File "D:\Pyhton\Pyton39\lib\http\client.py", line 1331, in _send_request
    self.endheaders(body, encode_chunked=encode_chunked)
  File "D:\Pyhton\Pyton39\lib\http\client.py", line 1280, in endheaders
    self._send_output(message_body, encode_chunked=encode_chunked)
  File "D:\Pyhton\Pyton39\lib\http\client.py", line 1040, in _send_output
    self.send(msg)
  File "D:\Pyhton\Pyton39\lib\http\client.py", line 980, in send
    self.connect()
  File "D:\Pyhton\Pyton39\lib\site-packages\urllib3\connection.py", line 205, in connect
    conn = self._new_conn()
  File "D:\Pyhton\Pyton39\lib\site-packages\urllib3\connection.py", line 186, in _new_conn
    raise NewConnectionError(
urllib3.exceptions.NewConnectionError: <urllib3.connection.HTTPConnection object at 0x000001BDF1AADB20>: Failed to establish a new connection: [WinError 10061] 由于目标计算机积极拒绝，无法连接。

During handling of the above exception, another exception occurred:

Traceback (most recent call last):
  File "D:\Pyhton\Pyton39\lib\site-packages\requests\adapters.py", line 489, in send
    resp = conn.urlopen(
  File "D:\Pyhton\Pyton39\lib\site-packages\urllib3\connectionpool.py", line 785, in urlopen
    retries = retries.increment(
  File "D:\Pyhton\Pyton39\lib\site-packages\urllib3\util\retry.py", line 592, in increment
    raise MaxRetryError(_pool, url, error or ResponseError(cause))
urllib3.exceptions.MaxRetryError: HTTPConnectionPool(host='127.0.0.1', port=6700): Max retries exceeded with url: /v1/cms/io/write (Caused by NewConnectionError('<urllib3.connection.HTTPConnection object at 0x000001BDF1AADB20>: Failed to establish a new connection: [WinError 10061] 由于目标计算机积极拒绝，无法连接。'))

During handling of the above exception, another exception occurred:

Traceback (most recent call last):
  File "E:\Project_python\2TestCMS2.0\common\requests_util.py", line 357, in send_request
    res = RequestUtil.session.request(method=self.last_method, url=self.base_url, headers=self.last_headers, **kwargs)
  File "D:\Pyhton\Pyton39\lib\site-packages\requests\sessions.py", line 587, in request
    resp = self.send(prep, **send_kwargs)
  File "D:\Pyhton\Pyton39\lib\site-packages\requests\sessions.py", line 701, in send
    r = adapter.send(request, **kwargs)
  File "D:\Pyhton\Pyton39\lib\site-packages\requests\adapters.py", line 565, in send
    raise ConnectionError(e, request=request)
requests.exceptions.ConnectionError: HTTPConnectionPool(host='127.0.0.1', port=6700): Max retries exceeded with url: /v1/cms/io/write (Caused by NewConnectionError('<urllib3.connection.HTTPConnection object at 0x000001BDF1AADB20>: Failed to establish a new connection: [WinError 10061] 由于目标计算机积极拒绝，无法连接。'))

[2022-09-25 16:22:42,416] logger_util.py->error_log line:65 [INFO] 分析YAML文件异常：异常信息: Traceback (most recent call last):
  File "D:\Pyhton\Pyton39\lib\site-packages\urllib3\connection.py", line 174, in _new_conn
    conn = connection.create_connection(
  File "D:\Pyhton\Pyton39\lib\site-packages\urllib3\util\connection.py", line 95, in create_connection
    raise err
  File "D:\Pyhton\Pyton39\lib\site-packages\urllib3\util\connection.py", line 85, in create_connection
    sock.connect(sa)
ConnectionRefusedError: [WinError 10061] 由于目标计算机积极拒绝，无法连接。

During handling of the above exception, another exception occurred:

Traceback (most recent call last):
  File "D:\Pyhton\Pyton39\lib\site-packages\urllib3\connectionpool.py", line 703, in urlopen
    httplib_response = self._make_request(
  File "D:\Pyhton\Pyton39\lib\site-packages\urllib3\connectionpool.py", line 398, in _make_request
    conn.request(method, url, **httplib_request_kw)
  File "D:\Pyhton\Pyton39\lib\site-packages\urllib3\connection.py", line 239, in request
    super(HTTPConnection, self).request(method, url, body=body, headers=headers)
  File "D:\Pyhton\Pyton39\lib\http\client.py", line 1285, in request
    self._send_request(method, url, body, headers, encode_chunked)
  File "D:\Pyhton\Pyton39\lib\http\client.py", line 1331, in _send_request
    self.endheaders(body, encode_chunked=encode_chunked)
  File "D:\Pyhton\Pyton39\lib\http\client.py", line 1280, in endheaders
    self._send_output(message_body, encode_chunked=encode_chunked)
  File "D:\Pyhton\Pyton39\lib\http\client.py", line 1040, in _send_output
    self.send(msg)
  File "D:\Pyhton\Pyton39\lib\http\client.py", line 980, in send
    self.connect()
  File "D:\Pyhton\Pyton39\lib\site-packages\urllib3\connection.py", line 205, in connect
    conn = self._new_conn()
  File "D:\Pyhton\Pyton39\lib\site-packages\urllib3\connection.py", line 186, in _new_conn
    raise NewConnectionError(
urllib3.exceptions.NewConnectionError: <urllib3.connection.HTTPConnection object at 0x000001BDF1AADB20>: Failed to establish a new connection: [WinError 10061] 由于目标计算机积极拒绝，无法连接。

During handling of the above exception, another exception occurred:

Traceback (most recent call last):
  File "D:\Pyhton\Pyton39\lib\site-packages\requests\adapters.py", line 489, in send
    resp = conn.urlopen(
  File "D:\Pyhton\Pyton39\lib\site-packages\urllib3\connectionpool.py", line 785, in urlopen
    retries = retries.increment(
  File "D:\Pyhton\Pyton39\lib\site-packages\urllib3\util\retry.py", line 592, in increment
    raise MaxRetryError(_pool, url, error or ResponseError(cause))
urllib3.exceptions.MaxRetryError: HTTPConnectionPool(host='127.0.0.1', port=6700): Max retries exceeded with url: /v1/cms/io/write (Caused by NewConnectionError('<urllib3.connection.HTTPConnection object at 0x000001BDF1AADB20>: Failed to establish a new connection: [WinError 10061] 由于目标计算机积极拒绝，无法连接。'))

During handling of the above exception, another exception occurred:

Traceback (most recent call last):
  File "E:\Project_python\2TestCMS2.0\common\requests_util.py", line 357, in send_request
    res = RequestUtil.session.request(method=self.last_method, url=self.base_url, headers=self.last_headers, **kwargs)
  File "D:\Pyhton\Pyton39\lib\site-packages\requests\sessions.py", line 587, in request
    resp = self.send(prep, **send_kwargs)
  File "D:\Pyhton\Pyton39\lib\site-packages\requests\sessions.py", line 701, in send
    r = adapter.send(request, **kwargs)
  File "D:\Pyhton\Pyton39\lib\site-packages\requests\adapters.py", line 565, in send
    raise ConnectionError(e, request=request)
requests.exceptions.ConnectionError: HTTPConnectionPool(host='127.0.0.1', port=6700): Max retries exceeded with url: /v1/cms/io/write (Caused by NewConnectionError('<urllib3.connection.HTTPConnection object at 0x000001BDF1AADB20>: Failed to establish a new connection: [WinError 10061] 由于目标计算机积极拒绝，无法连接。'))

During handling of the above exception, another exception occurred:

Traceback (most recent call last):
  File "E:\Project_python\2TestCMS2.0\common\requests_util.py", line 204, in analysis_yaml
    res = self.send_request(name =name,method=method,
  File "E:\Project_python\2TestCMS2.0\common\requests_util.py", line 360, in send_request
    error_log("发送请求异常：异常信息: %s" % str(traceback.format_exc()))
  File "E:\Project_python\2TestCMS2.0\common\logger_util.py", line 66, in error_log
    raise Exception(log_message)
Exception: 发送请求异常：异常信息: Traceback (most recent call last):
  File "D:\Pyhton\Pyton39\lib\site-packages\urllib3\connection.py", line 174, in _new_conn
    conn = connection.create_connection(
  File "D:\Pyhton\Pyton39\lib\site-packages\urllib3\util\connection.py", line 95, in create_connection
    raise err
  File "D:\Pyhton\Pyton39\lib\site-packages\urllib3\util\connection.py", line 85, in create_connection
    sock.connect(sa)
ConnectionRefusedError: [WinError 10061] 由于目标计算机积极拒绝，无法连接。

During handling of the above exception, another exception occurred:

Traceback (most recent call last):
  File "D:\Pyhton\Pyton39\lib\site-packages\urllib3\connectionpool.py", line 703, in urlopen
    httplib_response = self._make_request(
  File "D:\Pyhton\Pyton39\lib\site-packages\urllib3\connectionpool.py", line 398, in _make_request
    conn.request(method, url, **httplib_request_kw)
  File "D:\Pyhton\Pyton39\lib\site-packages\urllib3\connection.py", line 239, in request
    super(HTTPConnection, self).request(method, url, body=body, headers=headers)
  File "D:\Pyhton\Pyton39\lib\http\client.py", line 1285, in request
    self._send_request(method, url, body, headers, encode_chunked)
  File "D:\Pyhton\Pyton39\lib\http\client.py", line 1331, in _send_request
    self.endheaders(body, encode_chunked=encode_chunked)
  File "D:\Pyhton\Pyton39\lib\http\client.py", line 1280, in endheaders
    self._send_output(message_body, encode_chunked=encode_chunked)
  File "D:\Pyhton\Pyton39\lib\http\client.py", line 1040, in _send_output
    self.send(msg)
  File "D:\Pyhton\Pyton39\lib\http\client.py", line 980, in send
    self.connect()
  File "D:\Pyhton\Pyton39\lib\site-packages\urllib3\connection.py", line 205, in connect
    conn = self._new_conn()
  File "D:\Pyhton\Pyton39\lib\site-packages\urllib3\connection.py", line 186, in _new_conn
    raise NewConnectionError(
urllib3.exceptions.NewConnectionError: <urllib3.connection.HTTPConnection object at 0x000001BDF1AADB20>: Failed to establish a new connection: [WinError 10061] 由于目标计算机积极拒绝，无法连接。

During handling of the above exception, another exception occurred:

Traceback (most recent call last):
  File "D:\Pyhton\Pyton39\lib\site-packages\requests\adapters.py", line 489, in send
    resp = conn.urlopen(
  File "D:\Pyhton\Pyton39\lib\site-packages\urllib3\connectionpool.py", line 785, in urlopen
    retries = retries.increment(
  File "D:\Pyhton\Pyton39\lib\site-packages\urllib3\util\retry.py", line 592, in increment
    raise MaxRetryError(_pool, url, error or ResponseError(cause))
urllib3.exceptions.MaxRetryError: HTTPConnectionPool(host='127.0.0.1', port=6700): Max retries exceeded with url: /v1/cms/io/write (Caused by NewConnectionError('<urllib3.connection.HTTPConnection object at 0x000001BDF1AADB20>: Failed to establish a new connection: [WinError 10061] 由于目标计算机积极拒绝，无法连接。'))

During handling of the above exception, another exception occurred:

Traceback (most recent call last):
  File "E:\Project_python\2TestCMS2.0\common\requests_util.py", line 357, in send_request
    res = RequestUtil.session.request(method=self.last_method, url=self.base_url, headers=self.last_headers, **kwargs)
  File "D:\Pyhton\Pyton39\lib\site-packages\requests\sessions.py", line 587, in request
    resp = self.send(prep, **send_kwargs)
  File "D:\Pyhton\Pyton39\lib\site-packages\requests\sessions.py", line 701, in send
    r = adapter.send(request, **kwargs)
  File "D:\Pyhton\Pyton39\lib\site-packages\requests\adapters.py", line 565, in send
    raise ConnectionError(e, request=request)
requests.exceptions.ConnectionError: HTTPConnectionPool(host='127.0.0.1', port=6700): Max retries exceeded with url: /v1/cms/io/write (Caused by NewConnectionError('<urllib3.connection.HTTPConnection object at 0x000001BDF1AADB20>: Failed to establish a new connection: [WinError 10061] 由于目标计算机积极拒绝，无法连接。'))


[2022-09-25 16:22:42,584] logger_util.py->write_log line:61 [INFO] -------------接口请求开始-----------
[2022-09-25 16:22:42,584] logger_util.py->write_log line:61 [INFO] 接口名称：cms变量下发
[2022-09-25 16:22:42,585] logger_util.py->write_log line:61 [INFO] 接口方式：post
[2022-09-25 16:22:42,585] logger_util.py->write_log line:61 [INFO] 接口路径：http://127.0.0.1:6700/v1/cms/io/write
[2022-09-25 16:22:42,585] logger_util.py->write_log line:61 [INFO] 请求头：{'Content-Type': 'application/json;charset=UTF-8', 'X-Project': '7afb29a8886d48189d0a935643282ae7', 'Authorization': 'Bearer eyJhbGciOiJIUzI1NiIsInR5cCI6IkpXVCJ9.eyJodHRwOi8vc2NoZW1hcy54bWxzb2FwLm9yZy93cy8yMDA1LzA1L2lkZW50aXR5L2NsYWltcy9uYW1lIjoiU3VwZXJBZG1pbiIsImh0dHA6Ly9zY2hlbWFzLnhtbHNvYXAub3JnL3dzLzIwMDUvMDUvaWRlbnRpdHkvY2xhaW1zL25hbWVpZGVudGlmaWVyIjoiU3VwZXJBZG1pbiIsImV4cCI6MTY2NDE4MDMxNCwiaXNzIjoiQ01TdjIiLCJhdWQiOiJBcGkifQ.zb-RW5uSkCNR9OXqHBPMtaVL8apvevjkXA0s_1BuoMc'}
[2022-09-25 16:22:42,585] logger_util.py->write_log line:61 [INFO] 请求参数：{'tagDatas': {'A4': '1.556'}}
[2022-09-25 16:22:42,585] logger_util.py->write_log line:61 [INFO] 文件上传：None
[2022-09-25 16:22:44,610] logger_util.py->error_log line:65 [INFO] 发送请求异常：异常信息: Traceback (most recent call last):
  File "D:\Pyhton\Pyton39\lib\site-packages\urllib3\connection.py", line 174, in _new_conn
    conn = connection.create_connection(
  File "D:\Pyhton\Pyton39\lib\site-packages\urllib3\util\connection.py", line 95, in create_connection
    raise err
  File "D:\Pyhton\Pyton39\lib\site-packages\urllib3\util\connection.py", line 85, in create_connection
    sock.connect(sa)
ConnectionRefusedError: [WinError 10061] 由于目标计算机积极拒绝，无法连接。

During handling of the above exception, another exception occurred:

Traceback (most recent call last):
  File "D:\Pyhton\Pyton39\lib\site-packages\urllib3\connectionpool.py", line 703, in urlopen
    httplib_response = self._make_request(
  File "D:\Pyhton\Pyton39\lib\site-packages\urllib3\connectionpool.py", line 398, in _make_request
    conn.request(method, url, **httplib_request_kw)
  File "D:\Pyhton\Pyton39\lib\site-packages\urllib3\connection.py", line 239, in request
    super(HTTPConnection, self).request(method, url, body=body, headers=headers)
  File "D:\Pyhton\Pyton39\lib\http\client.py", line 1285, in request
    self._send_request(method, url, body, headers, encode_chunked)
  File "D:\Pyhton\Pyton39\lib\http\client.py", line 1331, in _send_request
    self.endheaders(body, encode_chunked=encode_chunked)
  File "D:\Pyhton\Pyton39\lib\http\client.py", line 1280, in endheaders
    self._send_output(message_body, encode_chunked=encode_chunked)
  File "D:\Pyhton\Pyton39\lib\http\client.py", line 1040, in _send_output
    self.send(msg)
  File "D:\Pyhton\Pyton39\lib\http\client.py", line 980, in send
    self.connect()
  File "D:\Pyhton\Pyton39\lib\site-packages\urllib3\connection.py", line 205, in connect
    conn = self._new_conn()
  File "D:\Pyhton\Pyton39\lib\site-packages\urllib3\connection.py", line 186, in _new_conn
    raise NewConnectionError(
urllib3.exceptions.NewConnectionError: <urllib3.connection.HTTPConnection object at 0x000001BDF1AB9760>: Failed to establish a new connection: [WinError 10061] 由于目标计算机积极拒绝，无法连接。

During handling of the above exception, another exception occurred:

Traceback (most recent call last):
  File "D:\Pyhton\Pyton39\lib\site-packages\requests\adapters.py", line 489, in send
    resp = conn.urlopen(
  File "D:\Pyhton\Pyton39\lib\site-packages\urllib3\connectionpool.py", line 785, in urlopen
    retries = retries.increment(
  File "D:\Pyhton\Pyton39\lib\site-packages\urllib3\util\retry.py", line 592, in increment
    raise MaxRetryError(_pool, url, error or ResponseError(cause))
urllib3.exceptions.MaxRetryError: HTTPConnectionPool(host='127.0.0.1', port=6700): Max retries exceeded with url: /v1/cms/io/write (Caused by NewConnectionError('<urllib3.connection.HTTPConnection object at 0x000001BDF1AB9760>: Failed to establish a new connection: [WinError 10061] 由于目标计算机积极拒绝，无法连接。'))

During handling of the above exception, another exception occurred:

Traceback (most recent call last):
  File "E:\Project_python\2TestCMS2.0\common\requests_util.py", line 357, in send_request
    res = RequestUtil.session.request(method=self.last_method, url=self.base_url, headers=self.last_headers, **kwargs)
  File "D:\Pyhton\Pyton39\lib\site-packages\requests\sessions.py", line 587, in request
    resp = self.send(prep, **send_kwargs)
  File "D:\Pyhton\Pyton39\lib\site-packages\requests\sessions.py", line 701, in send
    r = adapter.send(request, **kwargs)
  File "D:\Pyhton\Pyton39\lib\site-packages\requests\adapters.py", line 565, in send
    raise ConnectionError(e, request=request)
requests.exceptions.ConnectionError: HTTPConnectionPool(host='127.0.0.1', port=6700): Max retries exceeded with url: /v1/cms/io/write (Caused by NewConnectionError('<urllib3.connection.HTTPConnection object at 0x000001BDF1AB9760>: Failed to establish a new connection: [WinError 10061] 由于目标计算机积极拒绝，无法连接。'))

[2022-09-25 16:22:44,624] logger_util.py->error_log line:65 [INFO] 分析YAML文件异常：异常信息: Traceback (most recent call last):
  File "D:\Pyhton\Pyton39\lib\site-packages\urllib3\connection.py", line 174, in _new_conn
    conn = connection.create_connection(
  File "D:\Pyhton\Pyton39\lib\site-packages\urllib3\util\connection.py", line 95, in create_connection
    raise err
  File "D:\Pyhton\Pyton39\lib\site-packages\urllib3\util\connection.py", line 85, in create_connection
    sock.connect(sa)
ConnectionRefusedError: [WinError 10061] 由于目标计算机积极拒绝，无法连接。

During handling of the above exception, another exception occurred:

Traceback (most recent call last):
  File "D:\Pyhton\Pyton39\lib\site-packages\urllib3\connectionpool.py", line 703, in urlopen
    httplib_response = self._make_request(
  File "D:\Pyhton\Pyton39\lib\site-packages\urllib3\connectionpool.py", line 398, in _make_request
    conn.request(method, url, **httplib_request_kw)
  File "D:\Pyhton\Pyton39\lib\site-packages\urllib3\connection.py", line 239, in request
    super(HTTPConnection, self).request(method, url, body=body, headers=headers)
  File "D:\Pyhton\Pyton39\lib\http\client.py", line 1285, in request
    self._send_request(method, url, body, headers, encode_chunked)
  File "D:\Pyhton\Pyton39\lib\http\client.py", line 1331, in _send_request
    self.endheaders(body, encode_chunked=encode_chunked)
  File "D:\Pyhton\Pyton39\lib\http\client.py", line 1280, in endheaders
    self._send_output(message_body, encode_chunked=encode_chunked)
  File "D:\Pyhton\Pyton39\lib\http\client.py", line 1040, in _send_output
    self.send(msg)
  File "D:\Pyhton\Pyton39\lib\http\client.py", line 980, in send
    self.connect()
  File "D:\Pyhton\Pyton39\lib\site-packages\urllib3\connection.py", line 205, in connect
    conn = self._new_conn()
  File "D:\Pyhton\Pyton39\lib\site-packages\urllib3\connection.py", line 186, in _new_conn
    raise NewConnectionError(
urllib3.exceptions.NewConnectionError: <urllib3.connection.HTTPConnection object at 0x000001BDF1AB9760>: Failed to establish a new connection: [WinError 10061] 由于目标计算机积极拒绝，无法连接。

During handling of the above exception, another exception occurred:

Traceback (most recent call last):
  File "D:\Pyhton\Pyton39\lib\site-packages\requests\adapters.py", line 489, in send
    resp = conn.urlopen(
  File "D:\Pyhton\Pyton39\lib\site-packages\urllib3\connectionpool.py", line 785, in urlopen
    retries = retries.increment(
  File "D:\Pyhton\Pyton39\lib\site-packages\urllib3\util\retry.py", line 592, in increment
    raise MaxRetryError(_pool, url, error or ResponseError(cause))
urllib3.exceptions.MaxRetryError: HTTPConnectionPool(host='127.0.0.1', port=6700): Max retries exceeded with url: /v1/cms/io/write (Caused by NewConnectionError('<urllib3.connection.HTTPConnection object at 0x000001BDF1AB9760>: Failed to establish a new connection: [WinError 10061] 由于目标计算机积极拒绝，无法连接。'))

During handling of the above exception, another exception occurred:

Traceback (most recent call last):
  File "E:\Project_python\2TestCMS2.0\common\requests_util.py", line 357, in send_request
    res = RequestUtil.session.request(method=self.last_method, url=self.base_url, headers=self.last_headers, **kwargs)
  File "D:\Pyhton\Pyton39\lib\site-packages\requests\sessions.py", line 587, in request
    resp = self.send(prep, **send_kwargs)
  File "D:\Pyhton\Pyton39\lib\site-packages\requests\sessions.py", line 701, in send
    r = adapter.send(request, **kwargs)
  File "D:\Pyhton\Pyton39\lib\site-packages\requests\adapters.py", line 565, in send
    raise ConnectionError(e, request=request)
requests.exceptions.ConnectionError: HTTPConnectionPool(host='127.0.0.1', port=6700): Max retries exceeded with url: /v1/cms/io/write (Caused by NewConnectionError('<urllib3.connection.HTTPConnection object at 0x000001BDF1AB9760>: Failed to establish a new connection: [WinError 10061] 由于目标计算机积极拒绝，无法连接。'))

During handling of the above exception, another exception occurred:

Traceback (most recent call last):
  File "E:\Project_python\2TestCMS2.0\common\requests_util.py", line 204, in analysis_yaml
    res = self.send_request(name =name,method=method,
  File "E:\Project_python\2TestCMS2.0\common\requests_util.py", line 360, in send_request
    error_log("发送请求异常：异常信息: %s" % str(traceback.format_exc()))
  File "E:\Project_python\2TestCMS2.0\common\logger_util.py", line 66, in error_log
    raise Exception(log_message)
Exception: 发送请求异常：异常信息: Traceback (most recent call last):
  File "D:\Pyhton\Pyton39\lib\site-packages\urllib3\connection.py", line 174, in _new_conn
    conn = connection.create_connection(
  File "D:\Pyhton\Pyton39\lib\site-packages\urllib3\util\connection.py", line 95, in create_connection
    raise err
  File "D:\Pyhton\Pyton39\lib\site-packages\urllib3\util\connection.py", line 85, in create_connection
    sock.connect(sa)
ConnectionRefusedError: [WinError 10061] 由于目标计算机积极拒绝，无法连接。

During handling of the above exception, another exception occurred:

Traceback (most recent call last):
  File "D:\Pyhton\Pyton39\lib\site-packages\urllib3\connectionpool.py", line 703, in urlopen
    httplib_response = self._make_request(
  File "D:\Pyhton\Pyton39\lib\site-packages\urllib3\connectionpool.py", line 398, in _make_request
    conn.request(method, url, **httplib_request_kw)
  File "D:\Pyhton\Pyton39\lib\site-packages\urllib3\connection.py", line 239, in request
    super(HTTPConnection, self).request(method, url, body=body, headers=headers)
  File "D:\Pyhton\Pyton39\lib\http\client.py", line 1285, in request
    self._send_request(method, url, body, headers, encode_chunked)
  File "D:\Pyhton\Pyton39\lib\http\client.py", line 1331, in _send_request
    self.endheaders(body, encode_chunked=encode_chunked)
  File "D:\Pyhton\Pyton39\lib\http\client.py", line 1280, in endheaders
    self._send_output(message_body, encode_chunked=encode_chunked)
  File "D:\Pyhton\Pyton39\lib\http\client.py", line 1040, in _send_output
    self.send(msg)
  File "D:\Pyhton\Pyton39\lib\http\client.py", line 980, in send
    self.connect()
  File "D:\Pyhton\Pyton39\lib\site-packages\urllib3\connection.py", line 205, in connect
    conn = self._new_conn()
  File "D:\Pyhton\Pyton39\lib\site-packages\urllib3\connection.py", line 186, in _new_conn
    raise NewConnectionError(
urllib3.exceptions.NewConnectionError: <urllib3.connection.HTTPConnection object at 0x000001BDF1AB9760>: Failed to establish a new connection: [WinError 10061] 由于目标计算机积极拒绝，无法连接。

During handling of the above exception, another exception occurred:

Traceback (most recent call last):
  File "D:\Pyhton\Pyton39\lib\site-packages\requests\adapters.py", line 489, in send
    resp = conn.urlopen(
  File "D:\Pyhton\Pyton39\lib\site-packages\urllib3\connectionpool.py", line 785, in urlopen
    retries = retries.increment(
  File "D:\Pyhton\Pyton39\lib\site-packages\urllib3\util\retry.py", line 592, in increment
    raise MaxRetryError(_pool, url, error or ResponseError(cause))
urllib3.exceptions.MaxRetryError: HTTPConnectionPool(host='127.0.0.1', port=6700): Max retries exceeded with url: /v1/cms/io/write (Caused by NewConnectionError('<urllib3.connection.HTTPConnection object at 0x000001BDF1AB9760>: Failed to establish a new connection: [WinError 10061] 由于目标计算机积极拒绝，无法连接。'))

During handling of the above exception, another exception occurred:

Traceback (most recent call last):
  File "E:\Project_python\2TestCMS2.0\common\requests_util.py", line 357, in send_request
    res = RequestUtil.session.request(method=self.last_method, url=self.base_url, headers=self.last_headers, **kwargs)
  File "D:\Pyhton\Pyton39\lib\site-packages\requests\sessions.py", line 587, in request
    resp = self.send(prep, **send_kwargs)
  File "D:\Pyhton\Pyton39\lib\site-packages\requests\sessions.py", line 701, in send
    r = adapter.send(request, **kwargs)
  File "D:\Pyhton\Pyton39\lib\site-packages\requests\adapters.py", line 565, in send
    raise ConnectionError(e, request=request)
requests.exceptions.ConnectionError: HTTPConnectionPool(host='127.0.0.1', port=6700): Max retries exceeded with url: /v1/cms/io/write (Caused by NewConnectionError('<urllib3.connection.HTTPConnection object at 0x000001BDF1AB9760>: Failed to establish a new connection: [WinError 10061] 由于目标计算机积极拒绝，无法连接。'))


[2022-09-25 16:22:44,763] logger_util.py->write_log line:61 [INFO] -------------接口请求开始-----------
[2022-09-25 16:22:44,763] logger_util.py->write_log line:61 [INFO] 接口名称：cms变量下发
[2022-09-25 16:22:44,763] logger_util.py->write_log line:61 [INFO] 接口方式：post
[2022-09-25 16:22:44,763] logger_util.py->write_log line:61 [INFO] 接口路径：http://127.0.0.1:6700/v1/cms/io/write
[2022-09-25 16:22:44,763] logger_util.py->write_log line:61 [INFO] 请求头：{'Content-Type': 'application/json;charset=UTF-8', 'X-Project': '7afb29a8886d48189d0a935643282ae7', 'Authorization': 'Bearer eyJhbGciOiJIUzI1NiIsInR5cCI6IkpXVCJ9.eyJodHRwOi8vc2NoZW1hcy54bWxzb2FwLm9yZy93cy8yMDA1LzA1L2lkZW50aXR5L2NsYWltcy9uYW1lIjoiU3VwZXJBZG1pbiIsImh0dHA6Ly9zY2hlbWFzLnhtbHNvYXAub3JnL3dzLzIwMDUvMDUvaWRlbnRpdHkvY2xhaW1zL25hbWVpZGVudGlmaWVyIjoiU3VwZXJBZG1pbiIsImV4cCI6MTY2NDE4MDMxNCwiaXNzIjoiQ01TdjIiLCJhdWQiOiJBcGkifQ.zb-RW5uSkCNR9OXqHBPMtaVL8apvevjkXA0s_1BuoMc'}
[2022-09-25 16:22:44,763] logger_util.py->write_log line:61 [INFO] 请求参数：{'tagDatas': {'A5': '1.556'}}
[2022-09-25 16:22:44,764] logger_util.py->write_log line:61 [INFO] 文件上传：None
