[2023-11-16 18:00:16,488] logger_util.py->write_log line:61 [INFO] 
-------------接口请求开始-----------
[2023-11-16 18:00:16,488] logger_util.py->write_log line:61 [INFO] 接口名称：创建历史文件夹
[2023-11-16 18:00:16,488] logger_util.py->write_log line:61 [INFO] 接口方式：post
[2023-11-16 18:00:16,488] logger_util.py->write_log line:61 [INFO] 接口路径：http://127.0.0.1:18000/api/v1/historicarchive/folder
[2023-11-16 18:00:16,489] logger_util.py->write_log line:61 [INFO] 请求头：{'Content-Type': 'application/json;charset=UTF-8', 'X-Project': 'cade0634c4a44304911e8cfdb1b8f8b9'}
[2023-11-16 18:00:16,489] logger_util.py->write_log line:61 [INFO] 请求参数：{'name': '新建文件夹628'}
[2023-11-16 18:00:16,489] logger_util.py->write_log line:61 [INFO] 文件上传：None
[2023-11-16 18:00:16,513] logger_util.py->write_log line:61 [INFO] 预期结果：[{'equals': {'status_code': 200}}]
[2023-11-16 18:00:16,513] logger_util.py->write_log line:61 [INFO] 实际结果：{'id': 'c88004db-2710-4645-85e7-ae93547df872', 'name': '新建文件夹628', 'createDateTime': '2023-11-16T18:00:16.4978598+08:00'}
[2023-11-16 18:00:16,514] logger_util.py->write_log line:61 [INFO] 接口请求成功！
[2023-11-16 18:00:16,514] logger_util.py->write_log line:61 [INFO] 
-------------接口请求结束-----------

[2023-11-16 18:00:16,525] logger_util.py->write_log line:61 [INFO] 
-------------接口请求开始-----------
[2023-11-16 18:00:16,526] logger_util.py->write_log line:61 [INFO] 接口名称：编辑历史文件夹
[2023-11-16 18:00:16,526] logger_util.py->write_log line:61 [INFO] 接口方式：put
[2023-11-16 18:00:16,526] logger_util.py->write_log line:61 [INFO] 接口路径：http://127.0.0.1:18000/api/v1/historicarchive/folder/c88004db-2710-4645-85e7-ae93547df872
[2023-11-16 18:00:16,526] logger_util.py->write_log line:61 [INFO] 请求头：{'Content-Type': 'application/json;charset=UTF-8', 'X-Project': 'cade0634c4a44304911e8cfdb1b8f8b9'}
[2023-11-16 18:00:16,526] logger_util.py->write_log line:61 [INFO] 请求参数：{'name': '编辑历史文件夹725'}
[2023-11-16 18:00:16,526] logger_util.py->write_log line:61 [INFO] 文件上传：None
[2023-11-16 18:00:16,549] logger_util.py->write_log line:61 [INFO] 预期结果：[{'equals': {'status_code': 200}}]
[2023-11-16 18:00:16,549] logger_util.py->write_log line:61 [INFO] 实际结果：{'id': 'c88004db-2710-4645-85e7-ae93547df872', 'name': '编辑历史文件夹725', 'createDateTime': '2023-11-16T18:00:16.4978598'}
[2023-11-16 18:00:16,549] logger_util.py->write_log line:61 [INFO] 接口请求成功！
[2023-11-16 18:00:16,549] logger_util.py->write_log line:61 [INFO] 
-------------接口请求结束-----------

[2023-11-16 18:00:16,554] logger_util.py->write_log line:61 [INFO] 
-------------接口请求开始-----------
[2023-11-16 18:00:16,554] logger_util.py->write_log line:61 [INFO] 接口名称：创建历史文件夹
[2023-11-16 18:00:16,554] logger_util.py->write_log line:61 [INFO] 接口方式：post
[2023-11-16 18:00:16,554] logger_util.py->write_log line:61 [INFO] 接口路径：http://127.0.0.1:18000/api/v1/historicarchive/folder
[2023-11-16 18:00:16,554] logger_util.py->write_log line:61 [INFO] 请求头：{'Content-Type': 'application/json;charset=UTF-8', 'X-Project': 'cade0634c4a44304911e8cfdb1b8f8b9'}
[2023-11-16 18:00:16,554] logger_util.py->write_log line:61 [INFO] 请求参数：{'name': '新建文件夹641'}
[2023-11-16 18:00:16,554] logger_util.py->write_log line:61 [INFO] 文件上传：None
[2023-11-16 18:00:16,576] logger_util.py->write_log line:61 [INFO] 预期结果：[{'equals': {'status_code': 200}}]
[2023-11-16 18:00:16,576] logger_util.py->write_log line:61 [INFO] 实际结果：{'id': '2ef0ed52-f35d-4603-89aa-59da7805247c', 'name': '新建文件夹641', 'createDateTime': '2023-11-16T18:00:16.5601806+08:00'}
[2023-11-16 18:00:16,576] logger_util.py->write_log line:61 [INFO] 接口请求成功！
[2023-11-16 18:00:16,576] logger_util.py->write_log line:61 [INFO] 
-------------接口请求结束-----------

[2023-11-16 18:00:16,586] logger_util.py->write_log line:61 [INFO] 
-------------接口请求开始-----------
[2023-11-16 18:00:16,586] logger_util.py->write_log line:61 [INFO] 接口名称：删除历史文件夹
[2023-11-16 18:00:16,586] logger_util.py->write_log line:61 [INFO] 接口方式：delete
[2023-11-16 18:00:16,586] logger_util.py->write_log line:61 [INFO] 接口路径：http://127.0.0.1:18000/api/v1/historicarchive/folder/2ef0ed52-f35d-4603-89aa-59da7805247c
[2023-11-16 18:00:16,586] logger_util.py->write_log line:61 [INFO] 请求头：{'Content-Type': 'application/json;charset=UTF-8', 'X-Project': 'cade0634c4a44304911e8cfdb1b8f8b9'}
[2023-11-16 18:00:16,586] logger_util.py->write_log line:61 [INFO] 文件上传：None
[2023-11-16 18:00:16,608] logger_util.py->write_log line:61 [INFO] 预期结果：[{'equals': {'status_code': 200}}]
[2023-11-16 18:00:16,609] logger_util.py->write_log line:61 [INFO] 实际结果：
[2023-11-16 18:00:16,609] logger_util.py->write_log line:61 [INFO] 接口请求成功！
[2023-11-16 18:00:16,609] logger_util.py->write_log line:61 [INFO] 
-------------接口请求结束-----------

[2023-11-16 18:00:16,614] logger_util.py->write_log line:61 [INFO] 
-------------接口请求开始-----------
[2023-11-16 18:00:16,614] logger_util.py->write_log line:61 [INFO] 接口名称：创建历史组
[2023-11-16 18:00:16,614] logger_util.py->write_log line:61 [INFO] 接口方式：post
[2023-11-16 18:00:16,614] logger_util.py->write_log line:61 [INFO] 接口路径：http://127.0.0.1:18000/api/v1/historicarchive/group
[2023-11-16 18:00:16,614] logger_util.py->write_log line:61 [INFO] 请求头：{'Content-Type': 'application/json;charset=UTF-8', 'X-Project': 'cade0634c4a44304911e8cfdb1b8f8b9'}
[2023-11-16 18:00:16,614] logger_util.py->write_log line:61 [INFO] 请求参数：{'folderId': None, 'name': '历史组219'}
[2023-11-16 18:00:16,614] logger_util.py->write_log line:61 [INFO] 文件上传：None
[2023-11-16 18:00:16,633] logger_util.py->write_log line:61 [INFO] 预期结果：[{'equals': {'status_code': 200}}]
[2023-11-16 18:00:16,634] logger_util.py->write_log line:61 [INFO] 实际结果：{'id': '1c6e37b8-6d49-459c-b329-1421f393d237', 'folderId': '00000000-0000-0000-0000-000000000000', 'name': '历史组219', 'archiveSetting': None, 'storageSetting': None, 'createDateTime': '2023-11-16T18:00:16.618832+08:00'}
[2023-11-16 18:00:16,634] logger_util.py->write_log line:61 [INFO] 接口请求成功！
[2023-11-16 18:00:16,634] logger_util.py->write_log line:61 [INFO] 
-------------接口请求结束-----------

[2023-11-16 18:00:16,645] logger_util.py->write_log line:61 [INFO] 
-------------接口请求开始-----------
[2023-11-16 18:00:16,645] logger_util.py->write_log line:61 [INFO] 接口名称：编辑历史组
[2023-11-16 18:00:16,645] logger_util.py->write_log line:61 [INFO] 接口方式：put
[2023-11-16 18:00:16,645] logger_util.py->write_log line:61 [INFO] 接口路径：http://127.0.0.1:18000/api/v1/historicarchive/group/1c6e37b8-6d49-459c-b329-1421f393d237
[2023-11-16 18:00:16,645] logger_util.py->write_log line:61 [INFO] 请求头：{'Content-Type': 'application/json;charset=UTF-8', 'X-Project': 'cade0634c4a44304911e8cfdb1b8f8b9'}
[2023-11-16 18:00:16,645] logger_util.py->write_log line:61 [INFO] 请求参数：{'name': '编辑历史组481'}
[2023-11-16 18:00:16,645] logger_util.py->write_log line:61 [INFO] 文件上传：None
[2023-11-16 18:00:16,667] logger_util.py->write_log line:61 [INFO] 预期结果：[{'equals': {'status_code': 200}}]
[2023-11-16 18:00:16,667] logger_util.py->write_log line:61 [INFO] 实际结果：{'id': '1c6e37b8-6d49-459c-b329-1421f393d237', 'folderId': '00000000-0000-0000-0000-000000000000', 'name': '编辑历史组481', 'archiveSetting': None, 'storageSetting': None, 'createDateTime': '2023-11-16T18:00:16.618832'}
[2023-11-16 18:00:16,667] logger_util.py->write_log line:61 [INFO] 接口请求成功！
[2023-11-16 18:00:16,667] logger_util.py->write_log line:61 [INFO] 
-------------接口请求结束-----------

[2023-11-16 18:00:16,672] logger_util.py->write_log line:61 [INFO] 
-------------接口请求开始-----------
[2023-11-16 18:00:16,672] logger_util.py->write_log line:61 [INFO] 接口名称：创建历史组
[2023-11-16 18:00:16,672] logger_util.py->write_log line:61 [INFO] 接口方式：post
[2023-11-16 18:00:16,672] logger_util.py->write_log line:61 [INFO] 接口路径：http://127.0.0.1:18000/api/v1/historicarchive/group
[2023-11-16 18:00:16,672] logger_util.py->write_log line:61 [INFO] 请求头：{'Content-Type': 'application/json;charset=UTF-8', 'X-Project': 'cade0634c4a44304911e8cfdb1b8f8b9'}
[2023-11-16 18:00:16,672] logger_util.py->write_log line:61 [INFO] 请求参数：{'folderId': None, 'name': '历史组433'}
[2023-11-16 18:00:16,672] logger_util.py->write_log line:61 [INFO] 文件上传：None
[2023-11-16 18:00:16,694] logger_util.py->write_log line:61 [INFO] 预期结果：[{'equals': {'status_code': 200}}]
[2023-11-16 18:00:16,695] logger_util.py->write_log line:61 [INFO] 实际结果：{'id': '554b82ec-5d72-410e-b1a8-741529055ee2', 'folderId': '00000000-0000-0000-0000-000000000000', 'name': '历史组433', 'archiveSetting': None, 'storageSetting': None, 'createDateTime': '2023-11-16T18:00:16.6785828+08:00'}
[2023-11-16 18:00:16,695] logger_util.py->write_log line:61 [INFO] 接口请求成功！
[2023-11-16 18:00:16,695] logger_util.py->write_log line:61 [INFO] 
-------------接口请求结束-----------

[2023-11-16 18:00:16,705] logger_util.py->write_log line:61 [INFO] 
-------------接口请求开始-----------
[2023-11-16 18:00:16,705] logger_util.py->write_log line:61 [INFO] 接口名称：删除历史文件夹
[2023-11-16 18:00:16,705] logger_util.py->write_log line:61 [INFO] 接口方式：delete
[2023-11-16 18:00:16,705] logger_util.py->write_log line:61 [INFO] 接口路径：http://127.0.0.1:18000/api/v1/historicarchive/group/554b82ec-5d72-410e-b1a8-741529055ee2
[2023-11-16 18:00:16,705] logger_util.py->write_log line:61 [INFO] 请求头：{'Content-Type': 'application/json;charset=UTF-8', 'X-Project': 'cade0634c4a44304911e8cfdb1b8f8b9'}
[2023-11-16 18:00:16,705] logger_util.py->write_log line:61 [INFO] 文件上传：None
[2023-11-16 18:00:16,736] logger_util.py->write_log line:61 [INFO] 预期结果：[{'equals': {'status_code': 200}}]
[2023-11-16 18:00:16,737] logger_util.py->write_log line:61 [INFO] 实际结果：
[2023-11-16 18:00:16,737] logger_util.py->write_log line:61 [INFO] 接口请求成功！
[2023-11-16 18:00:16,737] logger_util.py->write_log line:61 [INFO] 
-------------接口请求结束-----------

[2023-11-16 18:00:16,743] logger_util.py->write_log line:61 [INFO] 
-------------接口请求开始-----------
[2023-11-16 18:00:16,743] logger_util.py->write_log line:61 [INFO] 接口名称：获取历史组树
[2023-11-16 18:00:16,743] logger_util.py->write_log line:61 [INFO] 接口方式：get
[2023-11-16 18:00:16,743] logger_util.py->write_log line:61 [INFO] 接口路径：http://127.0.0.1:18000/api/v1/historicarchive/tree
[2023-11-16 18:00:16,743] logger_util.py->write_log line:61 [INFO] 请求头：{'Content-Type': 'application/json;charset=UTF-8', 'X-Project': 'cade0634c4a44304911e8cfdb1b8f8b9'}
[2023-11-16 18:00:16,743] logger_util.py->write_log line:61 [INFO] 文件上传：None
[2023-11-16 18:00:16,778] logger_util.py->write_log line:61 [INFO] 预期结果：[{'equals': {'status_code': 200}}]
[2023-11-16 18:00:16,778] logger_util.py->write_log line:61 [INFO] 实际结果：[{'id': '00000000-0000-0000-0000-000000000000', 'type': 2, 'name': '默认组', 'children': None, 'createDateTime': '2023-11-16T18:00:16.7774603+08:00'}, {'id': 'b6c6f4b4-074c-41da-94fb-dbad49a31eff', 'type': 2, 'name': '新建历史组-1712', 'children': None, 'createDateTime': '2023-11-13T09:52:17.8334998'}, {'id': 'd17cdef9-6286-42b0-87ae-560211308db1', 'type': 1, 'name': '编辑历史文件夹81', 'children': [], 'createDateTime': '2023-11-16T16:23:34.7776828'}, {'id': '722f4f08-2ff2-478b-9a34-fa133e425da0', 'type': 2, 'name': '编辑历史组772', 'children': None, 'createDateTime': '2023-11-16T16:23:34.9436027'}, {'id': '54dd2bc9-9b04-47ef-9aaf-e7d533601fa9', 'type': 1, 'name': '编辑历史文件夹31', 'children': [], 'createDateTime': '2023-11-16T16:33:30.4560239'}, {'id': '3aa22ab6-9cef-4a95-9213-01e7e0ae3f31', 'type': 2, 'name': '编辑历史组623', 'children': None, 'createDateTime': '2023-11-16T16:33:30.5707644'}, {'id': 'bf2cc60e-3e5e-46cf-b4ab-fe2940637329', 'type': 1, 'name': '编辑历史文件夹223', 'children': [], 'createDateTime': '2023-11-16T16:36:38.6091077'}, {'id': '8f7ecbd9-0ca4-4ddd-9181-70ec69894a31', 'type': 2, 'name': '编辑历史组298', 'children': None, 'createDateTime': '2023-11-16T16:36:38.7219695'}, {'id': '493f890e-f987-46ee-aa0f-544e256dee0f', 'type': 1, 'name': '编辑历史文件夹963', 'children': [], 'createDateTime': '2023-11-16T16:37:22.4856977'}, {'id': 'b04bc767-17d4-43a9-9657-db7165912096', 'type': 2, 'name': '编辑历史组500', 'children': None, 'createDateTime': '2023-11-16T16:37:22.6222646'}, {'id': '20ea98ba-802a-4b1a-93c1-c12bc63dc661', 'type': 1, 'name': '编辑历史文件夹754', 'children': [], 'createDateTime': '2023-11-16T16:38:05.7590984'}, {'id': 'ee78a11e-a204-4889-940d-35668ea0f922', 'type': 2, 'name': '编辑历史组432', 'children': None, 'createDateTime': '2023-11-16T16:38:05.8746957'}, {'id': '92e620ec-8033-41ec-b7e3-3ac33fa30980', 'type': 1, 'name': '编辑历史文件夹25', 'children': [], 'createDateTime': '2023-11-16T17:59:48.5710397'}, {'id': '6c2d8974-e6e7-4f71-b825-750da6aa9635', 'type': 2, 'name': '编辑历史组992', 'children': None, 'createDateTime': '2023-11-16T17:59:48.6914489'}, {'id': 'c88004db-2710-4645-85e7-ae93547df872', 'type': 1, 'name': '编辑历史文件夹725', 'children': [], 'createDateTime': '2023-11-16T18:00:16.4978598'}, {'id': '1c6e37b8-6d49-459c-b329-1421f393d237', 'type': 2, 'name': '编辑历史组481', 'children': None, 'createDateTime': '2023-11-16T18:00:16.618832'}]
[2023-11-16 18:00:16,778] logger_util.py->write_log line:61 [INFO] 接口请求成功！
[2023-11-16 18:00:16,778] logger_util.py->write_log line:61 [INFO] 
-------------接口请求结束-----------

[2023-11-16 18:00:16,785] logger_util.py->write_log line:61 [INFO] 
-------------接口请求开始-----------
[2023-11-16 18:00:16,785] logger_util.py->write_log line:61 [INFO] 接口名称：获取所有历史组
[2023-11-16 18:00:16,785] logger_util.py->write_log line:61 [INFO] 接口方式：get
[2023-11-16 18:00:16,785] logger_util.py->write_log line:61 [INFO] 接口路径：http://127.0.0.1:18000/api/v1/historicarchive/group
[2023-11-16 18:00:16,785] logger_util.py->write_log line:61 [INFO] 请求头：{'Content-Type': 'application/json;charset=UTF-8', 'X-Project': 'cade0634c4a44304911e8cfdb1b8f8b9'}
[2023-11-16 18:00:16,785] logger_util.py->write_log line:61 [INFO] 文件上传：None
[2023-11-16 18:00:16,802] logger_util.py->write_log line:61 [INFO] 预期结果：[{'equals': {'status_code': 200}}]
[2023-11-16 18:00:16,803] logger_util.py->write_log line:61 [INFO] 实际结果：[{'id': '00000000-0000-0000-0000-000000000000', 'name': '默认组'}, {'id': 'b6c6f4b4-074c-41da-94fb-dbad49a31eff', 'name': '新建历史组-1712'}, {'id': '722f4f08-2ff2-478b-9a34-fa133e425da0', 'name': '编辑历史组772'}, {'id': '3aa22ab6-9cef-4a95-9213-01e7e0ae3f31', 'name': '编辑历史组623'}, {'id': '8f7ecbd9-0ca4-4ddd-9181-70ec69894a31', 'name': '编辑历史组298'}, {'id': 'b04bc767-17d4-43a9-9657-db7165912096', 'name': '编辑历史组500'}, {'id': 'ee78a11e-a204-4889-940d-35668ea0f922', 'name': '编辑历史组432'}, {'id': '6c2d8974-e6e7-4f71-b825-750da6aa9635', 'name': '编辑历史组992'}, {'id': '1c6e37b8-6d49-459c-b329-1421f393d237', 'name': '编辑历史组481'}]
[2023-11-16 18:00:16,803] logger_util.py->write_log line:61 [INFO] 接口请求成功！
[2023-11-16 18:00:16,803] logger_util.py->write_log line:61 [INFO] 
-------------接口请求结束-----------

[2023-11-16 18:00:16,809] logger_util.py->write_log line:61 [INFO] 
-------------接口请求开始-----------
[2023-11-16 18:00:16,809] logger_util.py->write_log line:61 [INFO] 接口名称：获取通道下所有变量信息
[2023-11-16 18:00:16,809] logger_util.py->write_log line:61 [INFO] 接口方式：post
[2023-11-16 18:00:16,809] logger_util.py->write_log line:61 [INFO] 接口路径：http://127.0.0.1:18000/api/v1/variable/tunnel/2/tag/query
[2023-11-16 18:00:16,809] logger_util.py->write_log line:61 [INFO] 请求头：{'X-Project': 'cade0634c4a44304911e8cfdb1b8f8b9'}
[2023-11-16 18:00:16,809] logger_util.py->write_log line:61 [INFO] 请求参数：{'groupId': None, 'dataTypes': [], 'usedType': 0, 'keyword': ''}
[2023-11-16 18:00:16,809] logger_util.py->write_log line:61 [INFO] 文件上传：None
[2023-11-16 18:00:16,820] logger_util.py->write_log line:61 [INFO] 预期结果：[{'equals': {'status_code': 200}}]
[2023-11-16 18:00:16,821] logger_util.py->write_log line:61 [INFO] 实际结果：[{'id': 11, 'tunnelId': 2, 'groupId': None, 'sort': 0, 'name': 'B1', 'description': '缩放比10', 'tunnelType': 1, 'config': {'address': '400080', 'readWriteMode': 0, 'interval': 1000, 'stringLength': None, 'zoom': 10, 'digit': None, 'readWriteRule': 1}, 'type': 1, 'typeName': '有符号8位整型', 'historicGroupId': '00000000-0000-0000-0000-000000000000', 'historicGroupName': None, 'archiveSetting': None, 'historicBriefMsg': None, 'createTime': '2023-11-08T10:03:11.3688692', 'updateTime': '2023-11-08T10:03:11.3688698'}, {'id': 12, 'tunnelId': 2, 'groupId': None, 'sort': 1, 'name': 'B2', 'description': '缩放比0.1', 'tunnelType': 1, 'config': {'address': '400081', 'readWriteMode': 0, 'interval': 1000, 'stringLength': None, 'zoom': 0.1, 'digit': None, 'readWriteRule': 1}, 'type': 1, 'typeName': '有符号8位整型', 'historicGroupId': '00000000-0000-0000-0000-000000000000', 'historicGroupName': None, 'archiveSetting': None, 'historicBriefMsg': None, 'createTime': '2023-11-08T10:03:11.413346', 'updateTime': '2023-11-08T10:03:11.4133465'}, {'id': 13, 'tunnelId': 2, 'groupId': None, 'sort': 2, 'name': 'B3', 'description': '缩放比小数位，舍位', 'tunnelType': 1, 'config': {'address': '400082', 'readWriteMode': 0, 'interval': 1000, 'stringLength': None, 'zoom': 0.01, 'digit': 1, 'readWriteRule': 1}, 'type': 3, 'typeName': '有符号16位整型', 'historicGroupId': '00000000-0000-0000-0000-000000000000', 'historicGroupName': None, 'archiveSetting': None, 'historicBriefMsg': None, 'createTime': '2023-11-08T10:03:11.4576859', 'updateTime': '2023-11-08T10:03:11.4576863'}, {'id': 14, 'tunnelId': 2, 'groupId': None, 'sort': 3, 'name': 'B4', 'description': '缩放比小数位，四舍', 'tunnelType': 1, 'config': {'address': '400083', 'readWriteMode': 0, 'interval': 1000, 'stringLength': None, 'zoom': 0.01, 'digit': 1, 'readWriteRule': 2}, 'type': 3, 'typeName': '有符号16位整型', 'historicGroupId': '00000000-0000-0000-0000-000000000000', 'historicGroupName': None, 'archiveSetting': None, 'historicBriefMsg': None, 'createTime': '2023-11-08T10:03:11.5018032', 'updateTime': '2023-11-08T10:03:11.5018036'}, {'id': 15, 'tunnelId': 2, 'groupId': None, 'sort': 4, 'name': 'B5', 'description': '缩放比小数位，进位', 'tunnelType': 1, 'config': {'address': '400084', 'readWriteMode': 0, 'interval': 1000, 'stringLength': None, 'zoom': 0.01, 'digit': 1, 'readWriteRule': 3}, 'type': 3, 'typeName': '有符号16位整型', 'historicGroupId': '00000000-0000-0000-0000-000000000000', 'historicGroupName': None, 'archiveSetting': None, 'historicBriefMsg': None, 'createTime': '2023-11-08T10:03:11.5450044', 'updateTime': '2023-11-08T10:03:11.5450049'}, {'id': 16, 'tunnelId': 2, 'groupId': None, 'sort': 5, 'name': 'B6', 'description': '浮点数小数位，舍位', 'tunnelType': 1, 'config': {'address': '400085', 'readWriteMode': 0, 'interval': 1000, 'stringLength': None, 'zoom': 1, 'digit': 2, 'readWriteRule': 1}, 'type': 9, 'typeName': 'F32位浮点数IEEE754', 'historicGroupId': '00000000-0000-0000-0000-000000000000', 'historicGroupName': None, 'archiveSetting': None, 'historicBriefMsg': None, 'createTime': '2023-11-08T10:03:11.5873163', 'updateTime': '2023-11-08T10:03:11.5873167'}, {'id': 17, 'tunnelId': 2, 'groupId': None, 'sort': 6, 'name': 'B7', 'description': '浮点数小数位，四舍', 'tunnelType': 1, 'config': {'address': '400087', 'readWriteMode': 0, 'interval': 1000, 'stringLength': None, 'zoom': 1, 'digit': 2, 'readWriteRule': 2}, 'type': 9, 'typeName': 'F32位浮点数IEEE754', 'historicGroupId': '00000000-0000-0000-0000-000000000000', 'historicGroupName': None, 'archiveSetting': None, 'historicBriefMsg': None, 'createTime': '2023-11-08T10:03:11.6320551', 'updateTime': '2023-11-08T10:03:11.6320555'}, {'id': 18, 'tunnelId': 2, 'groupId': None, 'sort': 7, 'name': 'B8', 'description': '浮点数小数位，进位', 'tunnelType': 1, 'config': {'address': '400089', 'readWriteMode': 0, 'interval': 1000, 'stringLength': None, 'zoom': 1, 'digit': 2, 'readWriteRule': 3}, 'type': 9, 'typeName': 'F32位浮点数IEEE754', 'historicGroupId': '00000000-0000-0000-0000-000000000000', 'historicGroupName': None, 'archiveSetting': None, 'historicBriefMsg': None, 'createTime': '2023-11-08T10:03:11.6783584', 'updateTime': '2023-11-08T10:03:11.6783597'}, {'id': 19, 'tunnelId': 2, 'groupId': None, 'sort': 8, 'name': 'A1', 'description': '二进制', 'tunnelType': 1, 'config': {'address': '400001.0', 'readWriteMode': 0, 'interval': 1000, 'stringLength': None, 'zoom': None, 'digit': None, 'readWriteRule': 1}, 'type': 0, 'typeName': '二进制变量', 'historicGroupId': '6c2d8974-e6e7-4f71-b825-750da6aa9635', 'historicGroupName': '编辑历史组992', 'archiveSetting': {'enableArchive': True, 'archiveType': 0, 'intervalValue': 1, 'intervalUnit': 1, 'notArchiveNull': False, 'enableDeadZone': False, 'deadZoneType': 0, 'deadZoneThreshold': 1, 'enableMinInterval': False, 'minIntervalValue': 1, 'minIntervalUnit': 1}, 'historicBriefMsg': '编辑历史组992', 'createTime': '2023-11-08T10:03:11.723243', 'updateTime': '2023-11-08T10:03:11.7232435'}, {'id': 20, 'tunnelId': 2, 'groupId': None, 'sort': 9, 'name': 'A2', 'description': '有符号8位整型', 'tunnelType': 1, 'config': {'address': '400002', 'readWriteMode': 0, 'interval': 1000, 'stringLength': None, 'zoom': 1, 'digit': None, 'readWriteRule': 1}, 'type': 1, 'typeName': '有符号8位整型', 'historicGroupId': '6c2d8974-e6e7-4f71-b825-750da6aa9635', 'historicGroupName': '编辑历史组992', 'archiveSetting': {'enableArchive': True, 'archiveType': 0, 'intervalValue': 1, 'intervalUnit': 1, 'notArchiveNull': False, 'enableDeadZone': False, 'deadZoneType': 0, 'deadZoneThreshold': 1, 'enableMinInterval': False, 'minIntervalValue': 1, 'minIntervalUnit': 1}, 'historicBriefMsg': '编辑历史组992', 'createTime': '2023-11-08T10:03:11.7657619', 'updateTime': '2023-11-08T10:03:11.7657623'}, {'id': 21, 'tunnelId': 2, 'groupId': None, 'sort': 10, 'name': 'A3', 'description': '无符号8位整型', 'tunnelType': 1, 'config': {'address': '400003', 'readWriteMode': 0, 'interval': 1000, 'stringLength': None, 'zoom': 1, 'digit': None, 'readWriteRule': 1}, 'type': 2, 'typeName': '无符号8位整型', 'historicGroupId': '00000000-0000-0000-0000-000000000000', 'historicGroupName': None, 'archiveSetting': None, 'historicBriefMsg': None, 'createTime': '2023-11-08T10:03:11.8080683', 'updateTime': '2023-11-08T10:03:11.8080687'}, {'id': 22, 'tunnelId': 2, 'groupId': None, 'sort': 11, 'name': 'A4', 'description': '有符号16位整型', 'tunnelType': 1, 'config': {'address': '400004', 'readWriteMode': 0, 'interval': 1000, 'stringLength': None, 'zoom': 1, 'digit': None, 'readWriteRule': 1}, 'type': 3, 'typeName': '有符号16位整型', 'historicGroupId': '00000000-0000-0000-0000-000000000000', 'historicGroupName': None, 'archiveSetting': None, 'historicBriefMsg': None, 'createTime': '2023-11-08T10:03:11.8523373', 'updateTime': '2023-11-08T10:03:11.8523378'}, {'id': 23, 'tunnelId': 2, 'groupId': None, 'sort': 12, 'name': 'A5', 'description': '无符号16位整型', 'tunnelType': 1, 'config': {'address': '400005', 'readWriteMode': 0, 'interval': 1000, 'stringLength': None, 'zoom': 1, 'digit': None, 'readWriteRule': 1}, 'type': 4, 'typeName': '无符号16位整型', 'historicGroupId': '00000000-0000-0000-0000-000000000000', 'historicGroupName': None, 'archiveSetting': None, 'historicBriefMsg': None, 'createTime': '2023-11-08T10:03:11.8979534', 'updateTime': '2023-11-08T10:03:11.8979539'}, {'id': 24, 'tunnelId': 2, 'groupId': None, 'sort': 13, 'name': 'A6', 'description': '有符号32位整型', 'tunnelType': 1, 'config': {'address': '400013', 'readWriteMode': 0, 'interval': 1000, 'stringLength': None, 'zoom': 1, 'digit': None, 'readWriteRule': 1}, 'type': 5, 'typeName': '有符号32位整型', 'historicGroupId': '00000000-0000-0000-0000-000000000000', 'historicGroupName': None, 'archiveSetting': None, 'historicBriefMsg': None, 'createTime': '2023-11-08T10:03:11.9492486', 'updateTime': '2023-11-08T10:03:11.949249'}, {'id': 25, 'tunnelId': 2, 'groupId': None, 'sort': 14, 'name': 'A7', 'description': '无符号32位整型', 'tunnelType': 1, 'config': {'address': '400015', 'readWriteMode': 0, 'interval': 1000, 'stringLength': None, 'zoom': 1, 'digit': None, 'readWriteRule': 1}, 'type': 6, 'typeName': '无符号32位整型', 'historicGroupId': '00000000-0000-0000-0000-000000000000', 'historicGroupName': None, 'archiveSetting': None, 'historicBriefMsg': None, 'createTime': '2023-11-08T10:03:12.0220824', 'updateTime': '2023-11-08T10:03:12.0220829'}, {'id': 26, 'tunnelId': 2, 'groupId': None, 'sort': 15, 'name': 'A8', 'description': '有符号64位整型', 'tunnelType': 1, 'config': {'address': '400025', 'readWriteMode': 0, 'interval': 1000, 'stringLength': None, 'zoom': 1, 'digit': None, 'readWriteRule': 1}, 'type': 7, 'typeName': '有符号64位整型', 'historicGroupId': '00000000-0000-0000-0000-000000000000', 'historicGroupName': None, 'archiveSetting': None, 'historicBriefMsg': None, 'createTime': '2023-11-08T10:03:12.075335', 'updateTime': '2023-11-08T10:03:12.0753355'}, {'id': 27, 'tunnelId': 2, 'groupId': None, 'sort': 16, 'name': 'A9', 'description': '无符号64位整型', 'tunnelType': 1, 'config': {'address': '400029', 'readWriteMode': 0, 'interval': 1000, 'stringLength': None, 'zoom': 1, 'digit': None, 'readWriteRule': 1}, 'type': 8, 'typeName': '无符号64位整型', 'historicGroupId': '00000000-0000-0000-0000-000000000000', 'historicGroupName': None, 'archiveSetting': None, 'historicBriefMsg': None, 'createTime': '2023-11-08T10:03:12.1547697', 'updateTime': '2023-11-08T10:03:12.1547702'}, {'id': 28, 'tunnelId': 2, 'groupId': None, 'sort': 17, 'name': 'A10', 'description': 'F32位浮点数IEEE754', 'tunnelType': 1, 'config': {'address': '400045', 'readWriteMode': 0, 'interval': 1000, 'stringLength': None, 'zoom': 1, 'digit': None, 'readWriteRule': 1}, 'type': 9, 'typeName': 'F32位浮点数IEEE754', 'historicGroupId': '6c2d8974-e6e7-4f71-b825-750da6aa9635', 'historicGroupName': '编辑历史组992', 'archiveSetting': {'enableArchive': True, 'archiveType': 0, 'intervalValue': 1, 'intervalUnit': 1, 'notArchiveNull': False, 'enableDeadZone': False, 'deadZoneType': 0, 'deadZoneThreshold': 1, 'enableMinInterval': False, 'minIntervalValue': 1, 'minIntervalUnit': 1}, 'historicBriefMsg': '编辑历史组992', 'createTime': '2023-11-08T10:03:12.2009223', 'updateTime': '2023-11-08T10:03:12.2009228'}, {'id': 29, 'tunnelId': 2, 'groupId': None, 'sort': 18, 'name': 'A11', 'description': 'F64位浮点数IEEE754', 'tunnelType': 1, 'config': {'address': '400049', 'readWriteMode': 0, 'interval': 1000, 'stringLength': None, 'zoom': 1, 'digit': None, 'readWriteRule': 1}, 'type': 10, 'typeName': 'F64位浮点数IEEE754', 'historicGroupId': '00000000-0000-0000-0000-000000000000', 'historicGroupName': None, 'archiveSetting': None, 'historicBriefMsg': None, 'createTime': '2023-11-08T10:03:12.2440019', 'updateTime': '2023-11-08T10:03:12.2440027'}, {'id': 30, 'tunnelId': 2, 'groupId': None, 'sort': 19, 'name': 'A12', 'description': '字符串', 'tunnelType': 1, 'config': {'address': '400060', 'readWriteMode': 0, 'interval': 1000, 'stringLength': 10, 'zoom': None, 'digit': None, 'readWriteRule': 1}, 'type': 14, 'typeName': '字符串', 'historicGroupId': '6c2d8974-e6e7-4f71-b825-750da6aa9635', 'historicGroupName': '编辑历史组992', 'archiveSetting': {'enableArchive': True, 'archiveType': 0, 'intervalValue': 1, 'intervalUnit': 1, 'notArchiveNull': False, 'enableDeadZone': False, 'deadZoneType': 0, 'deadZoneThreshold': 1, 'enableMinInterval': False, 'minIntervalValue': 1, 'minIntervalUnit': 1}, 'historicBriefMsg': '编辑历史组992', 'createTime': '2023-11-08T10:03:12.2883211', 'updateTime': '2023-11-08T10:03:12.2883215'}]
[2023-11-16 18:00:16,826] logger_util.py->write_log line:61 [INFO] 接口请求成功！
[2023-11-16 18:00:16,826] logger_util.py->write_log line:61 [INFO] 
-------------接口请求结束-----------

[2023-11-16 18:00:16,836] logger_util.py->write_log line:61 [INFO] 
-------------接口请求开始-----------
[2023-11-16 18:00:16,836] logger_util.py->write_log line:61 [INFO] 接口名称：添加历史变量
[2023-11-16 18:00:16,836] logger_util.py->write_log line:61 [INFO] 接口方式：put
[2023-11-16 18:00:16,836] logger_util.py->write_log line:61 [INFO] 接口路径：http://127.0.0.1:18000/api/v1/historicarchive/group/1c6e37b8-6d49-459c-b329-1421f393d237/var
[2023-11-16 18:00:16,836] logger_util.py->write_log line:61 [INFO] 请求头：{'X-Project': 'cade0634c4a44304911e8cfdb1b8f8b9'}
[2023-11-16 18:00:16,836] logger_util.py->write_log line:61 [INFO] 请求参数：[19, 20, 28, 30, 32, 33, 41, 47]
[2023-11-16 18:00:16,836] logger_util.py->write_log line:61 [INFO] 文件上传：None
[2023-11-16 18:00:16,866] logger_util.py->write_log line:61 [INFO] 预期结果：[{'equals': {'status_code': 200}}]
[2023-11-16 18:00:16,866] logger_util.py->write_log line:61 [INFO] 实际结果：
[2023-11-16 18:00:16,867] logger_util.py->write_log line:61 [INFO] 接口请求成功！
[2023-11-16 18:00:16,867] logger_util.py->write_log line:61 [INFO] 
-------------接口请求结束-----------

[2023-11-16 18:00:16,872] logger_util.py->write_log line:61 [INFO] 
-------------接口请求开始-----------
[2023-11-16 18:00:16,872] logger_util.py->write_log line:61 [INFO] 接口名称：获取历史组变量
[2023-11-16 18:00:16,872] logger_util.py->write_log line:61 [INFO] 接口方式：get
[2023-11-16 18:00:16,872] logger_util.py->write_log line:61 [INFO] 接口路径：http://127.0.0.1:18000/api/v1/historicarchive/group/1c6e37b8-6d49-459c-b329-1421f393d237/var
[2023-11-16 18:00:16,873] logger_util.py->write_log line:61 [INFO] 请求头：{'Content-Type': 'application/json;charset=UTF-8', 'X-Project': 'cade0634c4a44304911e8cfdb1b8f8b9'}
[2023-11-16 18:00:16,873] logger_util.py->write_log line:61 [INFO] 文件上传：None
[2023-11-16 18:00:16,899] logger_util.py->write_log line:61 [INFO] 预期结果：[{'equals': {'status_code': 200}}]
[2023-11-16 18:00:16,899] logger_util.py->write_log line:61 [INFO] 实际结果：[{'id': 19, 'name': 'A1', 'description': '二进制', 'type': '二进制变量'}, {'id': 20, 'name': 'A2', 'description': '有符号8位整型', 'type': '有符号8位整型'}, {'id': 28, 'name': 'A10', 'description': 'F32位浮点数IEEE754', 'type': 'F32位浮点数IEEE754'}, {'id': 30, 'name': 'A12', 'description': '字符串', 'type': '字符串'}, {'id': 32, 'name': 'aa1', 'description': '二进制变量', 'type': '二进制变量'}, {'id': 33, 'name': 'aa2', 'description': '有符号8位整型', 'type': '有符号8位整型'}, {'id': 41, 'name': 'aa10', 'description': 'F32位浮点数IEEE754', 'type': 'F32位浮点数IEEE754'}, {'id': 47, 'name': 'aa16', 'description': '日期时间', 'type': '日期时间'}]
[2023-11-16 18:00:16,899] logger_util.py->write_log line:61 [INFO] 接口请求成功！
[2023-11-16 18:00:16,899] logger_util.py->write_log line:61 [INFO] 
-------------接口请求结束-----------

[2023-11-16 18:00:16,905] logger_util.py->write_log line:61 [INFO] 
-------------接口请求开始-----------
[2023-11-16 18:00:16,905] logger_util.py->write_log line:61 [INFO] 接口名称：删除历史组变量
[2023-11-16 18:00:16,905] logger_util.py->write_log line:61 [INFO] 接口方式：delete
[2023-11-16 18:00:16,905] logger_util.py->write_log line:61 [INFO] 接口路径：http://127.0.0.1:18000/api/v1/historicarchive/group/1c6e37b8-6d49-459c-b329-1421f393d237/var
[2023-11-16 18:00:16,905] logger_util.py->write_log line:61 [INFO] 请求头：{'Content-Type': 'application/json;charset=UTF-8', 'X-Project': 'cade0634c4a44304911e8cfdb1b8f8b9'}
[2023-11-16 18:00:16,905] logger_util.py->write_log line:61 [INFO] 请求参数：[19, 20, 28, 30]
[2023-11-16 18:00:16,905] logger_util.py->write_log line:61 [INFO] 文件上传：None
[2023-11-16 18:00:16,941] logger_util.py->write_log line:61 [INFO] 预期结果：[{'equals': {'status_code': 200}}]
[2023-11-16 18:00:16,941] logger_util.py->write_log line:61 [INFO] 实际结果：
[2023-11-16 18:00:16,942] logger_util.py->write_log line:61 [INFO] 接口请求成功！
[2023-11-16 18:00:16,942] logger_util.py->write_log line:61 [INFO] 
-------------接口请求结束-----------

[2023-11-16 18:00:16,949] logger_util.py->write_log line:61 [INFO] 
-------------接口请求开始-----------
[2023-11-16 18:00:16,949] logger_util.py->write_log line:61 [INFO] 接口名称：添加历史变量
[2023-11-16 18:00:16,950] logger_util.py->write_log line:61 [INFO] 接口方式：put
[2023-11-16 18:00:16,950] logger_util.py->write_log line:61 [INFO] 接口路径：http://127.0.0.1:18000/api/v1/historicarchive/group/1c6e37b8-6d49-459c-b329-1421f393d237/var
[2023-11-16 18:00:16,950] logger_util.py->write_log line:61 [INFO] 请求头：{'X-Project': 'cade0634c4a44304911e8cfdb1b8f8b9'}
[2023-11-16 18:00:16,950] logger_util.py->write_log line:61 [INFO] 请求参数：[19, 20, 28, 30, 32, 33, 41, 47]
[2023-11-16 18:00:16,950] logger_util.py->write_log line:61 [INFO] 文件上传：None
[2023-11-16 18:00:16,983] logger_util.py->write_log line:61 [INFO] 预期结果：[{'equals': {'status_code': 200}}]
[2023-11-16 18:00:16,983] logger_util.py->write_log line:61 [INFO] 实际结果：
[2023-11-16 18:00:16,983] logger_util.py->write_log line:61 [INFO] 接口请求成功！
[2023-11-16 18:00:16,983] logger_util.py->write_log line:61 [INFO] 
-------------接口请求结束-----------

[2023-11-16 18:00:16,989] logger_util.py->write_log line:61 [INFO] 
-------------接口请求开始-----------
[2023-11-16 18:00:16,989] logger_util.py->write_log line:61 [INFO] 接口名称：变量是否已绑定历史组(true)
[2023-11-16 18:00:16,989] logger_util.py->write_log line:61 [INFO] 接口方式：post
[2023-11-16 18:00:16,989] logger_util.py->write_log line:61 [INFO] 接口路径：http://127.0.0.1:18000/api/v1/historicarchive/var/bindinggroup
[2023-11-16 18:00:16,989] logger_util.py->write_log line:61 [INFO] 请求头：{'X-Project': 'cade0634c4a44304911e8cfdb1b8f8b9'}
[2023-11-16 18:00:16,989] logger_util.py->write_log line:61 [INFO] 请求参数：[19, 20, 28, 30, 32, 33, 41, 47]
[2023-11-16 18:00:16,989] logger_util.py->write_log line:61 [INFO] 文件上传：None
[2023-11-16 18:00:16,997] logger_util.py->write_log line:61 [INFO] 实际结果：True
[2023-11-16 18:00:16,997] logger_util.py->write_log line:61 [INFO] 接口请求失败！
[2023-11-16 18:00:16,998] logger_util.py->write_log line:61 [INFO] -------------接口请求结束-----------

[2023-11-16 18:00:16,998] logger_util.py->error_log line:65 [INFO] 断言异常：异常信息: Traceback (most recent call last):
  File "E:\Project_python\api_cms\common\requests_util.py", line 378, in validate_result
    if value not in sj_result:
TypeError: argument of type 'bool' is not iterable

[2023-11-16 18:00:16,999] logger_util.py->error_log line:65 [INFO] 分析YAML文件异常：异常信息: Traceback (most recent call last):
  File "E:\Project_python\api_cms\common\requests_util.py", line 378, in validate_result
    if value not in sj_result:
TypeError: argument of type 'bool' is not iterable

During handling of the above exception, another exception occurred:

Traceback (most recent call last):
  File "E:\Project_python\api_cms\common\requests_util.py", line 238, in analysis_yaml
    self.validate_result(yq_result, return_data, status_code)
  File "E:\Project_python\api_cms\common\requests_util.py", line 438, in validate_result
    error_log("断言异常：异常信息: %s" % str(traceback.format_exc()))
  File "E:\Project_python\api_cms\common\logger_util.py", line 66, in error_log
    raise Exception(log_message)
Exception: 断言异常：异常信息: Traceback (most recent call last):
  File "E:\Project_python\api_cms\common\requests_util.py", line 378, in validate_result
    if value not in sj_result:
TypeError: argument of type 'bool' is not iterable


[2023-11-16 18:00:17,105] logger_util.py->write_log line:61 [INFO] 
-------------接口请求开始-----------
[2023-11-16 18:00:17,106] logger_util.py->write_log line:61 [INFO] 接口名称：变量是否已绑定历史组(false)
[2023-11-16 18:00:17,106] logger_util.py->write_log line:61 [INFO] 接口方式：post
[2023-11-16 18:00:17,106] logger_util.py->write_log line:61 [INFO] 接口路径：http://127.0.0.1:18000/api/v1/historicarchive/var/bindinggroup
[2023-11-16 18:00:17,106] logger_util.py->write_log line:61 [INFO] 请求头：{'X-Project': 'cade0634c4a44304911e8cfdb1b8f8b9'}
[2023-11-16 18:00:17,106] logger_util.py->write_log line:61 [INFO] 请求参数：[1, 2]
[2023-11-16 18:00:17,106] logger_util.py->write_log line:61 [INFO] 文件上传：None
[2023-11-16 18:00:17,114] logger_util.py->write_log line:61 [INFO] 实际结果：False
[2023-11-16 18:00:17,114] logger_util.py->write_log line:61 [INFO] 接口请求失败！
[2023-11-16 18:00:17,115] logger_util.py->write_log line:61 [INFO] -------------接口请求结束-----------

[2023-11-16 18:00:17,115] logger_util.py->error_log line:65 [INFO] 断言异常：异常信息: Traceback (most recent call last):
  File "E:\Project_python\api_cms\common\requests_util.py", line 378, in validate_result
    if value not in sj_result:
TypeError: argument of type 'bool' is not iterable

[2023-11-16 18:00:17,115] logger_util.py->error_log line:65 [INFO] 分析YAML文件异常：异常信息: Traceback (most recent call last):
  File "E:\Project_python\api_cms\common\requests_util.py", line 378, in validate_result
    if value not in sj_result:
TypeError: argument of type 'bool' is not iterable

During handling of the above exception, another exception occurred:

Traceback (most recent call last):
  File "E:\Project_python\api_cms\common\requests_util.py", line 238, in analysis_yaml
    self.validate_result(yq_result, return_data, status_code)
  File "E:\Project_python\api_cms\common\requests_util.py", line 438, in validate_result
    error_log("断言异常：异常信息: %s" % str(traceback.format_exc()))
  File "E:\Project_python\api_cms\common\logger_util.py", line 66, in error_log
    raise Exception(log_message)
Exception: 断言异常：异常信息: Traceback (most recent call last):
  File "E:\Project_python\api_cms\common\requests_util.py", line 378, in validate_result
    if value not in sj_result:
TypeError: argument of type 'bool' is not iterable


[2023-11-16 18:00:17,158] logger_util.py->write_log line:61 [INFO] 
-------------接口请求开始-----------
[2023-11-16 18:00:17,159] logger_util.py->write_log line:61 [INFO] 接口名称：设置归档配置
[2023-11-16 18:00:17,159] logger_util.py->write_log line:61 [INFO] 接口方式：put
[2023-11-16 18:00:17,159] logger_util.py->write_log line:61 [INFO] 接口路径：http://127.0.0.1:18000/api/v1/historicarchive/group/1c6e37b8-6d49-459c-b329-1421f393d237/archivesetting
[2023-11-16 18:00:17,159] logger_util.py->write_log line:61 [INFO] 请求头：{'X-Project': 'cade0634c4a44304911e8cfdb1b8f8b9'}
[2023-11-16 18:00:17,160] logger_util.py->write_log line:61 [INFO] 请求参数：{'minIntervalValue': 1, 'minIntervalUnit': 1, 'archiveType': 0, 'deadZoneType': 0, 'deadZoneThreshold': 1, 'intervalUnit': 1, 'intervalValue': 1, 'enableArchive': True}
[2023-11-16 18:00:17,160] logger_util.py->write_log line:61 [INFO] 文件上传：None
[2023-11-16 18:00:17,186] logger_util.py->write_log line:61 [INFO] 预期结果：[{'equals': {'status_code': 200}}]
[2023-11-16 18:00:17,186] logger_util.py->write_log line:61 [INFO] 实际结果：
[2023-11-16 18:00:17,186] logger_util.py->write_log line:61 [INFO] 接口请求成功！
[2023-11-16 18:00:17,186] logger_util.py->write_log line:61 [INFO] 
-------------接口请求结束-----------

[2023-11-16 18:00:17,193] logger_util.py->write_log line:61 [INFO] 
-------------接口请求开始-----------
[2023-11-16 18:00:17,194] logger_util.py->write_log line:61 [INFO] 接口名称：获取归档配置
[2023-11-16 18:00:17,194] logger_util.py->write_log line:61 [INFO] 接口方式：get
[2023-11-16 18:00:17,194] logger_util.py->write_log line:61 [INFO] 接口路径：http://127.0.0.1:18000/api/v1/historicarchive/group/1c6e37b8-6d49-459c-b329-1421f393d237/archivesetting
[2023-11-16 18:00:17,194] logger_util.py->write_log line:61 [INFO] 请求头：{'X-Project': 'cade0634c4a44304911e8cfdb1b8f8b9'}
[2023-11-16 18:00:17,194] logger_util.py->write_log line:61 [INFO] 文件上传：None
[2023-11-16 18:00:17,218] logger_util.py->write_log line:61 [INFO] 预期结果：[{'equals': {'status_code': 200}}]
[2023-11-16 18:00:17,218] logger_util.py->write_log line:61 [INFO] 实际结果：{'enableArchive': True, 'archiveType': 0, 'intervalValue': 1, 'intervalUnit': 1, 'enableDeadZone': False, 'deadZoneType': 0, 'deadZoneThreshold': 1, 'enableMinInterval': False, 'minIntervalValue': 1, 'minIntervalUnit': 1}
[2023-11-16 18:00:17,218] logger_util.py->write_log line:61 [INFO] 接口请求成功！
[2023-11-16 18:00:17,218] logger_util.py->write_log line:61 [INFO] 
-------------接口请求结束-----------

[2023-11-16 18:00:17,224] logger_util.py->write_log line:61 [INFO] 
-------------接口请求开始-----------
[2023-11-16 18:00:17,224] logger_util.py->write_log line:61 [INFO] 接口名称：存储设置
[2023-11-16 18:00:17,225] logger_util.py->write_log line:61 [INFO] 接口方式：put
[2023-11-16 18:00:17,225] logger_util.py->write_log line:61 [INFO] 接口路径：http://127.0.0.1:18000/api/v1/historicarchive/group/1c6e37b8-6d49-459c-b329-1421f393d237/storagesetting
[2023-11-16 18:00:17,225] logger_util.py->write_log line:61 [INFO] 请求头：{'X-Project': 'cade0634c4a44304911e8cfdb1b8f8b9'}
[2023-11-16 18:00:17,225] logger_util.py->write_log line:61 [INFO] 请求参数：{'retentionUnit': 4, 'retentionValue': 1, 'enableClear': True, 'backupBeforeClear': True, 'backupPath': 'C:\\数据备份\\历史数据'}
[2023-11-16 18:00:17,225] logger_util.py->write_log line:61 [INFO] 文件上传：None
[2023-11-16 18:00:17,250] logger_util.py->write_log line:61 [INFO] 预期结果：[{'equals': {'status_code': 200}}]
[2023-11-16 18:00:17,251] logger_util.py->write_log line:61 [INFO] 实际结果：
[2023-11-16 18:00:17,251] logger_util.py->write_log line:61 [INFO] 接口请求成功！
[2023-11-16 18:00:17,251] logger_util.py->write_log line:61 [INFO] 
-------------接口请求结束-----------

[2023-11-16 18:00:17,267] logger_util.py->write_log line:61 [INFO] 
-------------接口请求开始-----------
[2023-11-16 18:00:17,267] logger_util.py->write_log line:61 [INFO] 接口名称：获取存储设置
[2023-11-16 18:00:17,267] logger_util.py->write_log line:61 [INFO] 接口方式：get
[2023-11-16 18:00:17,268] logger_util.py->write_log line:61 [INFO] 接口路径：http://127.0.0.1:18000/api/v1/historicarchive/group/1c6e37b8-6d49-459c-b329-1421f393d237/storagesetting
[2023-11-16 18:00:17,268] logger_util.py->write_log line:61 [INFO] 请求头：{'X-Project': 'cade0634c4a44304911e8cfdb1b8f8b9'}
[2023-11-16 18:00:17,268] logger_util.py->write_log line:61 [INFO] 文件上传：None
[2023-11-16 18:00:17,294] logger_util.py->write_log line:61 [INFO] 预期结果：[{'equals': {'status_code': 200}}]
[2023-11-16 18:00:17,294] logger_util.py->write_log line:61 [INFO] 实际结果：{'enableClear': True, 'retentionValue': 1, 'retentionUnit': 4, 'backupBeforeClear': True, 'backupPath': 'C:\\数据备份\\历史数据'}
[2023-11-16 18:00:17,294] logger_util.py->write_log line:61 [INFO] 接口请求成功！
[2023-11-16 18:00:17,294] logger_util.py->write_log line:61 [INFO] 
-------------接口请求结束-----------

[2023-11-16 18:00:17,298] logger_util.py->write_log line:61 [INFO] 
-------------接口请求开始-----------
[2023-11-16 18:00:17,298] logger_util.py->write_log line:61 [INFO] 接口名称：下发A1=true
[2023-11-16 18:00:17,298] logger_util.py->write_log line:61 [INFO] 接口方式：post
[2023-11-16 18:00:17,299] logger_util.py->write_log line:61 [INFO] 接口路径：http://127.0.0.1:18000/api/v1/variable/setvalues
[2023-11-16 18:00:17,299] logger_util.py->write_log line:61 [INFO] 请求头：{'X-Project': 'cade0634c4a44304911e8cfdb1b8f8b9', 'Authorization': 'Bearer eyJhbGciOiJIUzI1NiIsInR5cCI6IkpXVCJ9.eyJodHRwOi8vc2NoZW1hcy54bWxzb2FwLm9yZy93cy8yMDA1LzA1L2lkZW50aXR5L2NsYWltcy9uYW1lIjoiU3VwZXJBZG1pbiIsImh0dHA6Ly9zY2hlbWFzLnhtbHNvYXAub3JnL3dzLzIwMDUvMDUvaWRlbnRpdHkvY2xhaW1zL25hbWVpZGVudGlmaWVyIjoiU3VwZXJBZG1pbiIsImV4cCI6MTcwMDY0MzQzNiwiaXNzIjoiQ01TdjIiLCJhdWQiOiJBcGkifQ.t_fO-FkNoykuA18dAWBnTg49IOpNb0sOksTcxN_DfdU'}
[2023-11-16 18:00:17,299] logger_util.py->write_log line:61 [INFO] 请求参数：{'A1': 'true'}
[2023-11-16 18:00:17,299] logger_util.py->write_log line:61 [INFO] 文件上传：None
[2023-11-16 18:00:17,311] logger_util.py->write_log line:61 [INFO] 预期结果：[{'equals': {'status_code': 200}}, {'equals': {'allSuccess': True}}]
[2023-11-16 18:00:17,311] logger_util.py->write_log line:61 [INFO] 实际结果：{'allSuccess': True, 'items': {'A1': {'value': True, 'quality': 0, 'errorMsg': None}}}
[2023-11-16 18:00:17,311] logger_util.py->write_log line:61 [INFO] 接口请求成功！
[2023-11-16 18:00:17,311] logger_util.py->write_log line:61 [INFO] 
-------------接口请求结束-----------

[2023-11-16 18:00:17,817] logger_util.py->write_log line:61 [INFO] 
-------------接口请求开始-----------
[2023-11-16 18:00:17,817] logger_util.py->write_log line:61 [INFO] 接口名称：下发A2=77
[2023-11-16 18:00:17,817] logger_util.py->write_log line:61 [INFO] 接口方式：post
[2023-11-16 18:00:17,817] logger_util.py->write_log line:61 [INFO] 接口路径：http://127.0.0.1:18000/api/v1/variable/setvalues
[2023-11-16 18:00:17,817] logger_util.py->write_log line:61 [INFO] 请求头：{'X-Project': 'cade0634c4a44304911e8cfdb1b8f8b9', 'Authorization': 'Bearer eyJhbGciOiJIUzI1NiIsInR5cCI6IkpXVCJ9.eyJodHRwOi8vc2NoZW1hcy54bWxzb2FwLm9yZy93cy8yMDA1LzA1L2lkZW50aXR5L2NsYWltcy9uYW1lIjoiU3VwZXJBZG1pbiIsImh0dHA6Ly9zY2hlbWFzLnhtbHNvYXAub3JnL3dzLzIwMDUvMDUvaWRlbnRpdHkvY2xhaW1zL25hbWVpZGVudGlmaWVyIjoiU3VwZXJBZG1pbiIsImV4cCI6MTcwMDY0MzQzNiwiaXNzIjoiQ01TdjIiLCJhdWQiOiJBcGkifQ.t_fO-FkNoykuA18dAWBnTg49IOpNb0sOksTcxN_DfdU'}
[2023-11-16 18:00:17,817] logger_util.py->write_log line:61 [INFO] 请求参数：{'A2': '77'}
[2023-11-16 18:00:17,817] logger_util.py->write_log line:61 [INFO] 文件上传：None
[2023-11-16 18:00:17,828] logger_util.py->write_log line:61 [INFO] 预期结果：[{'equals': {'status_code': 200}}, {'equals': {'allSuccess': True}}]
[2023-11-16 18:00:17,828] logger_util.py->write_log line:61 [INFO] 实际结果：{'allSuccess': True, 'items': {'A2': {'value': 77, 'quality': 0, 'errorMsg': None}}}
[2023-11-16 18:00:17,828] logger_util.py->write_log line:61 [INFO] 接口请求成功！
[2023-11-16 18:00:17,828] logger_util.py->write_log line:61 [INFO] 
-------------接口请求结束-----------

[2023-11-16 18:00:18,336] logger_util.py->write_log line:61 [INFO] 
-------------接口请求开始-----------
[2023-11-16 18:00:18,337] logger_util.py->write_log line:61 [INFO] 接口名称：下发A10=70.456
[2023-11-16 18:00:18,337] logger_util.py->write_log line:61 [INFO] 接口方式：post
[2023-11-16 18:00:18,337] logger_util.py->write_log line:61 [INFO] 接口路径：http://127.0.0.1:18000/api/v1/variable/setvalues
[2023-11-16 18:00:18,337] logger_util.py->write_log line:61 [INFO] 请求头：{'X-Project': 'cade0634c4a44304911e8cfdb1b8f8b9', 'Authorization': 'Bearer eyJhbGciOiJIUzI1NiIsInR5cCI6IkpXVCJ9.eyJodHRwOi8vc2NoZW1hcy54bWxzb2FwLm9yZy93cy8yMDA1LzA1L2lkZW50aXR5L2NsYWltcy9uYW1lIjoiU3VwZXJBZG1pbiIsImh0dHA6Ly9zY2hlbWFzLnhtbHNvYXAub3JnL3dzLzIwMDUvMDUvaWRlbnRpdHkvY2xhaW1zL25hbWVpZGVudGlmaWVyIjoiU3VwZXJBZG1pbiIsImV4cCI6MTcwMDY0MzQzNiwiaXNzIjoiQ01TdjIiLCJhdWQiOiJBcGkifQ.t_fO-FkNoykuA18dAWBnTg49IOpNb0sOksTcxN_DfdU'}
[2023-11-16 18:00:18,337] logger_util.py->write_log line:61 [INFO] 请求参数：{'A10': '70.456'}
[2023-11-16 18:00:18,337] logger_util.py->write_log line:61 [INFO] 文件上传：None
[2023-11-16 18:00:18,345] logger_util.py->write_log line:61 [INFO] 预期结果：[{'equals': {'status_code': 200}}, {'equals': {'allSuccess': True}}]
[2023-11-16 18:00:18,345] logger_util.py->write_log line:61 [INFO] 实际结果：{'allSuccess': True, 'items': {'A10': {'value': 70.456, 'quality': 0, 'errorMsg': None}}}
[2023-11-16 18:00:18,345] logger_util.py->write_log line:61 [INFO] 接口请求成功！
[2023-11-16 18:00:18,345] logger_util.py->write_log line:61 [INFO] 
-------------接口请求结束-----------

[2023-11-16 18:00:18,852] logger_util.py->write_log line:61 [INFO] 
-------------接口请求开始-----------
[2023-11-16 18:00:18,852] logger_util.py->write_log line:61 [INFO] 接口名称：下发A12=中文
[2023-11-16 18:00:18,852] logger_util.py->write_log line:61 [INFO] 接口方式：post
[2023-11-16 18:00:18,852] logger_util.py->write_log line:61 [INFO] 接口路径：http://127.0.0.1:18000/api/v1/variable/setvalues
[2023-11-16 18:00:18,852] logger_util.py->write_log line:61 [INFO] 请求头：{'X-Project': 'cade0634c4a44304911e8cfdb1b8f8b9', 'Authorization': 'Bearer eyJhbGciOiJIUzI1NiIsInR5cCI6IkpXVCJ9.eyJodHRwOi8vc2NoZW1hcy54bWxzb2FwLm9yZy93cy8yMDA1LzA1L2lkZW50aXR5L2NsYWltcy9uYW1lIjoiU3VwZXJBZG1pbiIsImh0dHA6Ly9zY2hlbWFzLnhtbHNvYXAub3JnL3dzLzIwMDUvMDUvaWRlbnRpdHkvY2xhaW1zL25hbWVpZGVudGlmaWVyIjoiU3VwZXJBZG1pbiIsImV4cCI6MTcwMDY0MzQzNiwiaXNzIjoiQ01TdjIiLCJhdWQiOiJBcGkifQ.t_fO-FkNoykuA18dAWBnTg49IOpNb0sOksTcxN_DfdU'}
[2023-11-16 18:00:18,853] logger_util.py->write_log line:61 [INFO] 请求参数：{'A12': '中文'}
[2023-11-16 18:00:18,853] logger_util.py->write_log line:61 [INFO] 文件上传：None
[2023-11-16 18:00:18,861] logger_util.py->write_log line:61 [INFO] 预期结果：[{'equals': {'status_code': 200}}, {'equals': {'allSuccess': True}}]
[2023-11-16 18:00:18,861] logger_util.py->write_log line:61 [INFO] 实际结果：{'allSuccess': True, 'items': {'A12': {'value': '中文', 'quality': 0, 'errorMsg': None}}}
[2023-11-16 18:00:18,861] logger_util.py->write_log line:61 [INFO] 接口请求成功！
[2023-11-16 18:00:18,861] logger_util.py->write_log line:61 [INFO] 
-------------接口请求结束-----------

