[2023-08-17 11:04:19,268] logger_util.py->write_log line:61 [INFO] -------------接口请求开始-----------
[2023-08-17 11:04:19,268] logger_util.py->write_log line:61 [INFO] 接口名称：创建工程
[2023-08-17 11:04:19,268] logger_util.py->write_log line:61 [INFO] 接口方式：post
[2023-08-17 11:04:19,268] logger_util.py->write_log line:61 [INFO] 接口路径：http://127.0.0.1:18000/api/v1/project/node
[2023-08-17 11:04:19,268] logger_util.py->write_log line:61 [INFO] 请求头：{}
[2023-08-17 11:04:19,268] logger_util.py->write_log line:61 [INFO] 请求参数：{'name': '工程6911', 'path': 'C:\\自动化工程', 'type': 1}
[2023-08-17 11:04:19,269] logger_util.py->write_log line:61 [INFO] 文件上传：None
[2023-08-17 11:04:19,588] logger_util.py->write_log line:61 [INFO] 预期结果：[{'equals': {'status_code': 200}}]
[2023-08-17 11:04:19,589] logger_util.py->write_log line:61 [INFO] 实际结果：218
[2023-08-17 11:04:19,589] logger_util.py->write_log line:61 [INFO] 接口请求成功！
[2023-08-17 11:04:19,589] logger_util.py->write_log line:61 [INFO] -------------接口请求结束-----------

[2023-08-17 11:04:19,594] logger_util.py->write_log line:61 [INFO] -------------接口请求开始-----------
[2023-08-17 11:04:19,594] logger_util.py->write_log line:61 [INFO] 接口名称：创建文件夹
[2023-08-17 11:04:19,594] logger_util.py->write_log line:61 [INFO] 接口方式：post
[2023-08-17 11:04:19,594] logger_util.py->write_log line:61 [INFO] 接口路径：http://127.0.0.1:18000/api/v1/project/node
[2023-08-17 11:04:19,594] logger_util.py->write_log line:61 [INFO] 请求头：{}
[2023-08-17 11:04:19,594] logger_util.py->write_log line:61 [INFO] 请求参数：{'name': '文件夹1704', 'type': 0}
[2023-08-17 11:04:19,594] logger_util.py->write_log line:61 [INFO] 文件上传：None
[2023-08-17 11:04:19,638] logger_util.py->write_log line:61 [INFO] 预期结果：[{'equals': {'status_code': 200}}]
[2023-08-17 11:04:19,638] logger_util.py->write_log line:61 [INFO] 实际结果：219
[2023-08-17 11:04:19,638] logger_util.py->write_log line:61 [INFO] 接口请求成功！
[2023-08-17 11:04:19,638] logger_util.py->write_log line:61 [INFO] -------------接口请求结束-----------

[2023-08-17 11:04:19,647] logger_util.py->write_log line:61 [INFO] -------------接口请求开始-----------
[2023-08-17 11:04:19,647] logger_util.py->write_log line:61 [INFO] 接口名称：获取工程信息
[2023-08-17 11:04:19,648] logger_util.py->write_log line:61 [INFO] 接口方式：get
[2023-08-17 11:04:19,648] logger_util.py->write_log line:61 [INFO] 接口路径：http://127.0.0.1:18000/api/v1/project/218/info
[2023-08-17 11:04:19,648] logger_util.py->write_log line:61 [INFO] 请求头：{}
[2023-08-17 11:04:19,648] logger_util.py->write_log line:61 [INFO] 文件上传：None
[2023-08-17 11:04:20,999] logger_util.py->write_log line:61 [INFO] 预期结果：[{'equals': {'status_code': 200}}]
[2023-08-17 11:04:20,999] logger_util.py->write_log line:61 [INFO] 实际结果：{'id': 218, 'name': '工程6911', 'identifier': '9c218e9ade624ef38ef9d246253143b3', 'path': 'C:\\自动化工程\\工程6911.cmsproj', 'createTime': '2023-08-17T11:04:19.5670352', 'updateTime': '2023-08-17T11:04:19.5670352'}
[2023-08-17 11:04:20,999] logger_util.py->write_log line:61 [INFO] 接口请求成功！
[2023-08-17 11:04:20,999] logger_util.py->write_log line:61 [INFO] -------------接口请求结束-----------

[2023-08-17 11:04:21,004] logger_util.py->write_log line:61 [INFO] -------------接口请求开始-----------
[2023-08-17 11:04:21,004] logger_util.py->write_log line:61 [INFO] 接口名称：获取工程树节点
[2023-08-17 11:04:21,004] logger_util.py->write_log line:61 [INFO] 接口方式：get
[2023-08-17 11:04:21,004] logger_util.py->write_log line:61 [INFO] 接口路径：http://127.0.0.1:18000/api/v1/project/node/tree
[2023-08-17 11:04:21,005] logger_util.py->write_log line:61 [INFO] 请求头：{}
[2023-08-17 11:04:21,005] logger_util.py->write_log line:61 [INFO] 文件上传：None
[2023-08-17 11:04:21,010] logger_util.py->write_log line:61 [INFO] 预期结果：[{'equals': {'status_code': 200}}]
[2023-08-17 11:04:21,010] logger_util.py->write_log line:61 [INFO] 实际结果：[{'child': [], 'fileAvailableState': False, 'version': None, 'id': 219, 'parentId': None, 'name': '文件夹1704', 'path': None, 'type': 0, 'createTime': '0001-01-01T00:00:00', 'updateTime': '2023-08-17T11:04:19.5968961'}, {'child': [], 'fileAvailableState': True, 'version': '2.0.3', 'id': 218, 'parentId': None, 'name': '工程6911', 'path': 'C:\\自动化工程\\工程6911.cmsproj', 'type': 1, 'createTime': '0001-01-01T00:00:00', 'updateTime': '2023-08-17T11:04:19.5321747'}]
[2023-08-17 11:04:21,010] logger_util.py->write_log line:61 [INFO] 接口请求成功！
[2023-08-17 11:04:21,011] logger_util.py->write_log line:61 [INFO] -------------接口请求结束-----------

[2023-08-17 11:04:21,021] logger_util.py->error_log line:65 [INFO] 发送请求异常：异常信息: Traceback (most recent call last):
  File "E:\Project_python\api_cms\common\requests_util.py", line 299, in send_request
    kwargs[key] = self.replace_load(value)
  File "E:\Project_python\api_cms\common\requests_util.py", line 126, in replace_load
    for i in range(1, str_data.count('${') + 1):
AttributeError: 'NoneType' object has no attribute 'count'

[2023-08-17 11:04:21,022] logger_util.py->error_log line:65 [INFO] 分析YAML文件异常：异常信息: Traceback (most recent call last):
  File "E:\Project_python\api_cms\common\requests_util.py", line 299, in send_request
    kwargs[key] = self.replace_load(value)
  File "E:\Project_python\api_cms\common\requests_util.py", line 126, in replace_load
    for i in range(1, str_data.count('${') + 1):
AttributeError: 'NoneType' object has no attribute 'count'

During handling of the above exception, another exception occurred:

Traceback (most recent call last):
  File "E:\Project_python\api_cms\common\requests_util.py", line 180, in analysis_yaml
    res = self.send_request(name =name,method=method,
  File "E:\Project_python\api_cms\common\requests_util.py", line 318, in send_request
    error_log("发送请求异常：异常信息: %s" % str(traceback.format_exc()))
  File "E:\Project_python\api_cms\common\logger_util.py", line 66, in error_log
    raise Exception(log_message)
Exception: 发送请求异常：异常信息: Traceback (most recent call last):
  File "E:\Project_python\api_cms\common\requests_util.py", line 299, in send_request
    kwargs[key] = self.replace_load(value)
  File "E:\Project_python\api_cms\common\requests_util.py", line 126, in replace_load
    for i in range(1, str_data.count('${') + 1):
AttributeError: 'NoneType' object has no attribute 'count'


[2023-08-17 11:04:21,144] logger_util.py->write_log line:61 [INFO] -------------接口请求开始-----------
[2023-08-17 11:04:21,144] logger_util.py->write_log line:61 [INFO] 接口名称：创建工程
[2023-08-17 11:04:21,144] logger_util.py->write_log line:61 [INFO] 接口方式：post
[2023-08-17 11:04:21,144] logger_util.py->write_log line:61 [INFO] 接口路径：http://127.0.0.1:18000/api/v1/project/node
[2023-08-17 11:04:21,144] logger_util.py->write_log line:61 [INFO] 请求头：{}
[2023-08-17 11:04:21,144] logger_util.py->write_log line:61 [INFO] 请求参数：{'name': '删除工程保留路径下的文件1692241461.144317', 'path': 'C:\\自动化工程', 'type': 1}
[2023-08-17 11:04:21,144] logger_util.py->write_log line:61 [INFO] 文件上传：None
[2023-08-17 11:04:21,479] logger_util.py->write_log line:61 [INFO] 预期结果：[{'equals': {'status_code': 200}}]
[2023-08-17 11:04:21,480] logger_util.py->write_log line:61 [INFO] 实际结果：220
[2023-08-17 11:04:21,480] logger_util.py->write_log line:61 [INFO] 接口请求成功！
[2023-08-17 11:04:21,481] logger_util.py->write_log line:61 [INFO] -------------接口请求结束-----------

[2023-08-17 11:04:21,512] logger_util.py->write_log line:61 [INFO] -------------接口请求开始-----------
[2023-08-17 11:04:21,512] logger_util.py->write_log line:61 [INFO] 接口名称：删除工程
[2023-08-17 11:04:21,513] logger_util.py->write_log line:61 [INFO] 接口方式：put
[2023-08-17 11:04:21,513] logger_util.py->write_log line:61 [INFO] 接口路径：http://127.0.0.1:18000/api/v1/project/node/deletenodes
[2023-08-17 11:04:21,513] logger_util.py->write_log line:61 [INFO] 请求头：{}
[2023-08-17 11:04:21,514] logger_util.py->write_log line:61 [INFO] 请求参数：{'ids': '220', 'isDeleteFile': False}
[2023-08-17 11:04:21,514] logger_util.py->write_log line:61 [INFO] 文件上传：None
[2023-08-17 11:04:21,566] logger_util.py->write_log line:61 [INFO] 预期结果：[{'equals': {'status_code': 200}}]
[2023-08-17 11:04:21,566] logger_util.py->write_log line:61 [INFO] 实际结果：
[2023-08-17 11:04:21,566] logger_util.py->write_log line:61 [INFO] 接口请求成功！
[2023-08-17 11:04:21,566] logger_util.py->write_log line:61 [INFO] -------------接口请求结束-----------

[2023-08-17 11:04:21,570] logger_util.py->write_log line:61 [INFO] -------------接口请求开始-----------
[2023-08-17 11:04:21,570] logger_util.py->write_log line:61 [INFO] 接口名称：创建工程
[2023-08-17 11:04:21,570] logger_util.py->write_log line:61 [INFO] 接口方式：post
[2023-08-17 11:04:21,570] logger_util.py->write_log line:61 [INFO] 接口路径：http://127.0.0.1:18000/api/v1/project/node
[2023-08-17 11:04:21,571] logger_util.py->write_log line:61 [INFO] 请求头：{}
[2023-08-17 11:04:21,571] logger_util.py->write_log line:61 [INFO] 请求参数：{'name': '工程9899', 'path': 'C:\\自动化工程', 'type': 1}
[2023-08-17 11:04:21,571] logger_util.py->write_log line:61 [INFO] 文件上传：None
[2023-08-17 11:04:21,954] logger_util.py->write_log line:61 [INFO] 预期结果：[{'equals': {'status_code': 200}}]
[2023-08-17 11:04:21,955] logger_util.py->write_log line:61 [INFO] 实际结果：221
[2023-08-17 11:04:21,955] logger_util.py->write_log line:61 [INFO] 接口请求成功！
[2023-08-17 11:04:21,955] logger_util.py->write_log line:61 [INFO] -------------接口请求结束-----------

[2023-08-17 11:04:21,965] logger_util.py->write_log line:61 [INFO] -------------接口请求开始-----------
[2023-08-17 11:04:21,965] logger_util.py->write_log line:61 [INFO] 接口名称：删除工程
[2023-08-17 11:04:21,965] logger_util.py->write_log line:61 [INFO] 接口方式：put
[2023-08-17 11:04:21,966] logger_util.py->write_log line:61 [INFO] 接口路径：http://127.0.0.1:18000/api/v1/project/node/deletenodes
[2023-08-17 11:04:21,966] logger_util.py->write_log line:61 [INFO] 请求头：{}
[2023-08-17 11:04:21,966] logger_util.py->write_log line:61 [INFO] 请求参数：{'ids': '221', 'isDeleteFile': True}
[2023-08-17 11:04:21,966] logger_util.py->write_log line:61 [INFO] 文件上传：None
[2023-08-17 11:04:22,018] logger_util.py->write_log line:61 [INFO] 预期结果：[{'equals': {'status_code': 200}}]
[2023-08-17 11:04:22,018] logger_util.py->write_log line:61 [INFO] 实际结果：
[2023-08-17 11:04:22,018] logger_util.py->write_log line:61 [INFO] 接口请求成功！
[2023-08-17 11:04:22,018] logger_util.py->write_log line:61 [INFO] -------------接口请求结束-----------

[2023-08-17 11:04:22,023] logger_util.py->write_log line:61 [INFO] -------------接口请求开始-----------
[2023-08-17 11:04:22,023] logger_util.py->write_log line:61 [INFO] 接口名称：创建文件夹
[2023-08-17 11:04:22,023] logger_util.py->write_log line:61 [INFO] 接口方式：post
[2023-08-17 11:04:22,023] logger_util.py->write_log line:61 [INFO] 接口路径：http://127.0.0.1:18000/api/v1/project/node
[2023-08-17 11:04:22,023] logger_util.py->write_log line:61 [INFO] 请求头：{}
[2023-08-17 11:04:22,023] logger_util.py->write_log line:61 [INFO] 请求参数：{'name': '文件夹1102', 'type': 0}
[2023-08-17 11:04:22,024] logger_util.py->write_log line:61 [INFO] 文件上传：None
[2023-08-17 11:04:22,044] logger_util.py->write_log line:61 [INFO] 预期结果：[{'equals': {'status_code': 200}}]
[2023-08-17 11:04:22,045] logger_util.py->write_log line:61 [INFO] 实际结果：222
[2023-08-17 11:04:22,045] logger_util.py->write_log line:61 [INFO] 接口请求成功！
[2023-08-17 11:04:22,045] logger_util.py->write_log line:61 [INFO] -------------接口请求结束-----------

[2023-08-17 11:04:22,053] logger_util.py->write_log line:61 [INFO] -------------接口请求开始-----------
[2023-08-17 11:04:22,053] logger_util.py->write_log line:61 [INFO] 接口名称：删除文件夹
[2023-08-17 11:04:22,053] logger_util.py->write_log line:61 [INFO] 接口方式：put
[2023-08-17 11:04:22,053] logger_util.py->write_log line:61 [INFO] 接口路径：http://127.0.0.1:18000/api/v1/project/node/deletenodes
[2023-08-17 11:04:22,054] logger_util.py->write_log line:61 [INFO] 请求头：{}
[2023-08-17 11:04:22,054] logger_util.py->write_log line:61 [INFO] 请求参数：{'ids': '222', 'isDeleteFile': True}
[2023-08-17 11:04:22,054] logger_util.py->write_log line:61 [INFO] 文件上传：None
[2023-08-17 11:04:22,084] logger_util.py->write_log line:61 [INFO] 预期结果：[{'equals': {'status_code': 200}}]
[2023-08-17 11:04:22,085] logger_util.py->write_log line:61 [INFO] 实际结果：
[2023-08-17 11:04:22,085] logger_util.py->write_log line:61 [INFO] 接口请求成功！
[2023-08-17 11:04:22,085] logger_util.py->write_log line:61 [INFO] -------------接口请求结束-----------

[2023-08-17 11:04:22,090] logger_util.py->write_log line:61 [INFO] -------------接口请求开始-----------
[2023-08-17 11:04:22,091] logger_util.py->write_log line:61 [INFO] 接口名称：创建工程副本
[2023-08-17 11:04:22,091] logger_util.py->write_log line:61 [INFO] 接口方式：post
[2023-08-17 11:04:22,091] logger_util.py->write_log line:61 [INFO] 接口路径：http://127.0.0.1:18000/api/v1/project/node/copyprojectnode
[2023-08-17 11:04:22,091] logger_util.py->write_log line:61 [INFO] 请求头：{}
[2023-08-17 11:04:22,091] logger_util.py->write_log line:61 [INFO] 请求参数：{'parentId': '219', 'path': 'C:\\自动化工程', 'name': '工程副本1692241462.090768', 'type': 1, 'rawProjectNodeID': '218', 'copyType': 0}
[2023-08-17 11:04:22,091] logger_util.py->write_log line:61 [INFO] 文件上传：None
[2023-08-17 11:04:22,195] logger_util.py->write_log line:61 [INFO] 预期结果：[{'equals': {'status_code': 200}}]
[2023-08-17 11:04:22,195] logger_util.py->write_log line:61 [INFO] 实际结果：223
[2023-08-17 11:04:22,195] logger_util.py->write_log line:61 [INFO] 接口请求成功！
[2023-08-17 11:04:22,195] logger_util.py->write_log line:61 [INFO] -------------接口请求结束-----------

[2023-08-17 11:04:22,200] logger_util.py->write_log line:61 [INFO] -------------接口请求开始-----------
[2023-08-17 11:04:22,200] logger_util.py->write_log line:61 [INFO] 接口名称：查询
[2023-08-17 11:04:22,200] logger_util.py->write_log line:61 [INFO] 接口方式：get
[2023-08-17 11:04:22,200] logger_util.py->write_log line:61 [INFO] 接口路径：http://127.0.0.1:18000/api/v1/project/node/tree?rootId=&isOrderByDesc=false&orderFieldName=name&keyWord=副本
[2023-08-17 11:04:22,200] logger_util.py->write_log line:61 [INFO] 请求头：{}
[2023-08-17 11:04:22,200] logger_util.py->write_log line:61 [INFO] 文件上传：None
[2023-08-17 11:04:22,208] logger_util.py->write_log line:61 [INFO] 预期结果：[{'equals': {'status_code': 200}}]
[2023-08-17 11:04:22,208] logger_util.py->write_log line:61 [INFO] 实际结果：[{'child': [{'child': [], 'fileAvailableState': True, 'version': '2.0.3', 'id': 223, 'parentId': 219, 'name': '工程副本1692241462.090768', 'path': 'C:\\自动化工程\\工程副本1692241462.090768.cmsproj', 'type': 1, 'createTime': '0001-01-01T00:00:00', 'updateTime': '2023-08-17T11:04:22.1549376'}], 'fileAvailableState': False, 'version': None, 'id': 219, 'parentId': None, 'name': '文件夹1704', 'path': None, 'type': 0, 'createTime': '0001-01-01T00:00:00', 'updateTime': '2023-08-17T11:04:19.5968961'}]
[2023-08-17 11:04:22,208] logger_util.py->write_log line:61 [INFO] 接口请求成功！
[2023-08-17 11:04:22,209] logger_util.py->write_log line:61 [INFO] -------------接口请求结束-----------

[2023-08-17 11:04:22,213] logger_util.py->write_log line:61 [INFO] -------------接口请求开始-----------
[2023-08-17 11:04:22,213] logger_util.py->write_log line:61 [INFO] 接口名称：刷新列表
[2023-08-17 11:04:22,213] logger_util.py->write_log line:61 [INFO] 接口方式：get
[2023-08-17 11:04:22,213] logger_util.py->write_log line:61 [INFO] 接口路径：http://127.0.0.1:18000/api/v1/project/node/tree?rootId=&isOrderByDesc=false&orderFieldName=name&keyWord=
[2023-08-17 11:04:22,213] logger_util.py->write_log line:61 [INFO] 请求头：{}
[2023-08-17 11:04:22,213] logger_util.py->write_log line:61 [INFO] 文件上传：None
[2023-08-17 11:04:22,220] logger_util.py->write_log line:61 [INFO] 预期结果：[{'equals': {'status_code': 200}}]
[2023-08-17 11:04:22,221] logger_util.py->write_log line:61 [INFO] 实际结果：[{'child': [{'child': [], 'fileAvailableState': True, 'version': '2.0.3', 'id': 223, 'parentId': 219, 'name': '工程副本1692241462.090768', 'path': 'C:\\自动化工程\\工程副本1692241462.090768.cmsproj', 'type': 1, 'createTime': '0001-01-01T00:00:00', 'updateTime': '2023-08-17T11:04:22.1549376'}], 'fileAvailableState': False, 'version': None, 'id': 219, 'parentId': None, 'name': '文件夹1704', 'path': None, 'type': 0, 'createTime': '0001-01-01T00:00:00', 'updateTime': '2023-08-17T11:04:19.5968961'}, {'child': [], 'fileAvailableState': True, 'version': '2.0.3', 'id': 218, 'parentId': None, 'name': '工程6911', 'path': 'C:\\自动化工程\\工程6911.cmsproj', 'type': 1, 'createTime': '0001-01-01T00:00:00', 'updateTime': '2023-08-17T11:04:19.5321747'}]
[2023-08-17 11:04:22,221] logger_util.py->write_log line:61 [INFO] 接口请求成功！
[2023-08-17 11:04:22,221] logger_util.py->write_log line:61 [INFO] -------------接口请求结束-----------

