[2023-11-23 15:51:53,568] logger_util.py->write_log line:61 [INFO] 
-------------接口请求开始-----------
[2023-11-23 15:51:53,568] logger_util.py->write_log line:61 [INFO] 接口名称：创建语言列表
[2023-11-23 15:51:53,568] logger_util.py->write_log line:61 [INFO] 接口方式：post
[2023-11-23 15:51:53,568] logger_util.py->write_log line:61 [INFO] 接口路径：http://127.0.0.1:18000/api/v1/multiplelanguage/languagelist
[2023-11-23 15:51:53,568] logger_util.py->write_log line:61 [INFO] 请求头：{'X-Project': 'd800d1a6d0be4623aaa824c28dc71981'}
[2023-11-23 15:51:53,569] logger_util.py->write_log line:61 [INFO] 请求参数：{'languageType': 'zh-CN'}
[2023-11-23 15:51:53,569] logger_util.py->write_log line:61 [INFO] 文件上传：None
[2023-11-23 15:51:53,595] logger_util.py->write_log line:61 [INFO] 预期结果：[{'equals': {'status_code': 200}}]
[2023-11-23 15:51:53,596] logger_util.py->write_log line:61 [INFO] 实际结果：{'id': 25, 'languageType': 'zh-CN', 'name': '中文（中国）', 'enable': True, 'createDateTime': '2023-11-23T15:51:53.5753012+08:00'}
[2023-11-23 15:51:53,596] logger_util.py->write_log line:61 [INFO] 接口请求成功！
[2023-11-23 15:51:53,596] logger_util.py->write_log line:61 [INFO] 
-------------接口请求结束-----------

[2023-11-23 15:51:53,601] logger_util.py->write_log line:61 [INFO] 
-------------接口请求开始-----------
[2023-11-23 15:51:53,602] logger_util.py->write_log line:61 [INFO] 接口名称：获取语言列表
[2023-11-23 15:51:53,602] logger_util.py->write_log line:61 [INFO] 接口方式：get
[2023-11-23 15:51:53,602] logger_util.py->write_log line:61 [INFO] 接口路径：http://127.0.0.1:18000/api/v1/multiplelanguage/languagelist
[2023-11-23 15:51:53,602] logger_util.py->write_log line:61 [INFO] 请求头：{'X-Project': 'd800d1a6d0be4623aaa824c28dc71981'}
[2023-11-23 15:51:53,602] logger_util.py->write_log line:61 [INFO] 文件上传：None
[2023-11-23 15:51:53,620] logger_util.py->write_log line:61 [INFO] 预期结果：[{'equals': {'status_code': 200}}]
[2023-11-23 15:51:53,620] logger_util.py->write_log line:61 [INFO] 实际结果：[{'id': 25, 'languageType': 'zh-CN', 'name': '中文（中国）', 'enable': True, 'createDateTime': '2023-11-23T15:51:53.5753012'}]
[2023-11-23 15:51:53,620] logger_util.py->write_log line:61 [INFO] 接口请求成功！
[2023-11-23 15:51:53,621] logger_util.py->write_log line:61 [INFO] 
-------------接口请求结束-----------

[2023-11-23 15:51:53,625] logger_util.py->write_log line:61 [INFO] 
-------------接口请求开始-----------
[2023-11-23 15:51:53,626] logger_util.py->write_log line:61 [INFO] 接口名称：获取所有语言列表类型
[2023-11-23 15:51:53,626] logger_util.py->write_log line:61 [INFO] 接口方式：get
[2023-11-23 15:51:53,626] logger_util.py->write_log line:61 [INFO] 接口路径：http://127.0.0.1:18000/api/v1/multiplelanguage/languagelist/languagetype
[2023-11-23 15:51:53,626] logger_util.py->write_log line:61 [INFO] 请求头：{'X-Project': 'd800d1a6d0be4623aaa824c28dc71981'}
[2023-11-23 15:51:53,626] logger_util.py->write_log line:61 [INFO] 文件上传：None
[2023-11-23 15:51:53,645] logger_util.py->write_log line:61 [INFO] 预期结果：[{'equals': {'status_code': 200}}]
[2023-11-23 15:51:53,645] logger_util.py->write_log line:61 [INFO] 实际结果：[{'languageType': 'en-US', 'name': 'English (United States)'}, {'languageType': 'zh-CN', 'name': '中文（中国）'}]
[2023-11-23 15:51:53,645] logger_util.py->write_log line:61 [INFO] 接口请求成功！
[2023-11-23 15:51:53,645] logger_util.py->write_log line:61 [INFO] 
-------------接口请求结束-----------

[2023-11-23 15:51:53,654] logger_util.py->write_log line:61 [INFO] 
-------------接口请求开始-----------
[2023-11-23 15:51:53,654] logger_util.py->write_log line:61 [INFO] 接口名称：关闭语言状态
[2023-11-23 15:51:53,654] logger_util.py->write_log line:61 [INFO] 接口方式：put
[2023-11-23 15:51:53,654] logger_util.py->write_log line:61 [INFO] 接口路径：http://127.0.0.1:18000/api/v1/multiplelanguage/languagelist/25/switch
[2023-11-23 15:51:53,654] logger_util.py->write_log line:61 [INFO] 请求头：{'X-Project': 'd800d1a6d0be4623aaa824c28dc71981'}
[2023-11-23 15:51:53,655] logger_util.py->write_log line:61 [INFO] 请求参数：ddt{{false}}
[2023-11-23 15:51:53,655] logger_util.py->write_log line:61 [INFO] 文件上传：None
[2023-11-23 15:51:53,674] logger_util.py->write_log line:61 [INFO] 预期结果：[{'equals': {'status_code': 200}}]
[2023-11-23 15:51:53,675] logger_util.py->write_log line:61 [INFO] 实际结果：False
[2023-11-23 15:51:53,675] logger_util.py->write_log line:61 [INFO] 接口请求成功！
[2023-11-23 15:51:53,675] logger_util.py->write_log line:61 [INFO] 
-------------接口请求结束-----------

[2023-11-23 15:51:53,681] logger_util.py->write_log line:61 [INFO] 
-------------接口请求开始-----------
[2023-11-23 15:51:53,681] logger_util.py->write_log line:61 [INFO] 接口名称：开启语言状态
[2023-11-23 15:51:53,681] logger_util.py->write_log line:61 [INFO] 接口方式：put
[2023-11-23 15:51:53,681] logger_util.py->write_log line:61 [INFO] 接口路径：http://127.0.0.1:18000/api/v1/multiplelanguage/languagelist/25/switch
[2023-11-23 15:51:53,682] logger_util.py->write_log line:61 [INFO] 请求头：{'X-Project': 'd800d1a6d0be4623aaa824c28dc71981'}
[2023-11-23 15:51:53,682] logger_util.py->write_log line:61 [INFO] 请求参数：ddt{{true}}
[2023-11-23 15:51:53,682] logger_util.py->write_log line:61 [INFO] 文件上传：None
[2023-11-23 15:51:53,703] logger_util.py->write_log line:61 [INFO] 预期结果：[{'equals': {'status_code': 200}}]
[2023-11-23 15:51:53,703] logger_util.py->write_log line:61 [INFO] 实际结果：True
[2023-11-23 15:51:53,703] logger_util.py->write_log line:61 [INFO] 接口请求成功！
[2023-11-23 15:51:53,703] logger_util.py->write_log line:61 [INFO] 
-------------接口请求结束-----------

[2023-11-23 15:51:53,717] logger_util.py->write_log line:61 [INFO] 
-------------接口请求开始-----------
[2023-11-23 15:51:53,717] logger_util.py->write_log line:61 [INFO] 接口名称：编辑语言列表
[2023-11-23 15:51:53,717] logger_util.py->write_log line:61 [INFO] 接口方式：put
[2023-11-23 15:51:53,717] logger_util.py->write_log line:61 [INFO] 接口路径：http://127.0.0.1:18000/api/v1/multiplelanguage/languagelist/25
[2023-11-23 15:51:53,717] logger_util.py->write_log line:61 [INFO] 请求头：{'X-Project': 'd800d1a6d0be4623aaa824c28dc71981'}
[2023-11-23 15:51:53,717] logger_util.py->write_log line:61 [INFO] 请求参数：{'languageType': 'en-US'}
[2023-11-23 15:51:53,718] logger_util.py->write_log line:61 [INFO] 文件上传：None
[2023-11-23 15:51:53,737] logger_util.py->write_log line:61 [INFO] 预期结果：[{'equals': {'status_code': 200}}]
[2023-11-23 15:51:53,737] logger_util.py->write_log line:61 [INFO] 实际结果：
[2023-11-23 15:51:53,737] logger_util.py->write_log line:61 [INFO] 接口请求成功！
[2023-11-23 15:51:53,737] logger_util.py->write_log line:61 [INFO] 
-------------接口请求结束-----------

[2023-11-23 15:51:53,742] logger_util.py->write_log line:61 [INFO] 
-------------接口请求开始-----------
[2023-11-23 15:51:53,743] logger_util.py->write_log line:61 [INFO] 接口名称：保存翻译文本列表
[2023-11-23 15:51:53,743] logger_util.py->write_log line:61 [INFO] 接口方式：put
[2023-11-23 15:51:53,743] logger_util.py->write_log line:61 [INFO] 接口路径：http://127.0.0.1:18000/api/v1/multiplelanguage/25
[2023-11-23 15:51:53,743] logger_util.py->write_log line:61 [INFO] 请求头：{'X-Project': 'd800d1a6d0be4623aaa824c28dc71981'}
[2023-11-23 15:51:53,743] logger_util.py->write_log line:61 [INFO] 请求参数：[{'originalId': 0, 'originalText': '原始文本1', 'translationText': 'Original Text 1'}]
[2023-11-23 15:51:53,743] logger_util.py->write_log line:61 [INFO] 文件上传：None
[2023-11-23 15:51:53,751] logger_util.py->error_log line:65 [INFO] 断言失败:status_code不等于200
[2023-11-23 15:51:53,751] logger_util.py->write_log line:61 [INFO] 实际结果：原始文本不能重复：原始文本1
[2023-11-23 15:51:53,751] logger_util.py->write_log line:61 [INFO] 接口请求失败！
[2023-11-23 15:51:53,751] logger_util.py->write_log line:61 [INFO] -------------接口请求结束-----------

[2023-11-23 15:51:53,752] logger_util.py->error_log line:65 [INFO] 断言异常：异常信息: Traceback (most recent call last):
  File "E:\Project_python\api_cms\common\requests_util.py", line 366, in validate_result
    error_log("断言失败:"+assert_key+"不等于"+str(assert_value))
  File "E:\Project_python\api_cms\common\logger_util.py", line 66, in error_log
    raise Exception(log_message)
Exception: 断言失败:status_code不等于200

[2023-11-23 15:51:53,753] logger_util.py->error_log line:65 [INFO] 分析YAML文件异常：异常信息: Traceback (most recent call last):
  File "E:\Project_python\api_cms\common\requests_util.py", line 366, in validate_result
    error_log("断言失败:"+assert_key+"不等于"+str(assert_value))
  File "E:\Project_python\api_cms\common\logger_util.py", line 66, in error_log
    raise Exception(log_message)
Exception: 断言失败:status_code不等于200

During handling of the above exception, another exception occurred:

Traceback (most recent call last):
  File "E:\Project_python\api_cms\common\requests_util.py", line 263, in analysis_yaml
    self.validate_result(yq_result, return_text, status_code)
  File "E:\Project_python\api_cms\common\requests_util.py", line 446, in validate_result
    error_log("断言异常：异常信息: %s" % str(traceback.format_exc()))
  File "E:\Project_python\api_cms\common\logger_util.py", line 66, in error_log
    raise Exception(log_message)
Exception: 断言异常：异常信息: Traceback (most recent call last):
  File "E:\Project_python\api_cms\common\requests_util.py", line 366, in validate_result
    error_log("断言失败:"+assert_key+"不等于"+str(assert_value))
  File "E:\Project_python\api_cms\common\logger_util.py", line 66, in error_log
    raise Exception(log_message)
Exception: 断言失败:status_code不等于200


[2023-11-23 15:51:53,877] logger_util.py->write_log line:61 [INFO] 
-------------接口请求开始-----------
[2023-11-23 15:51:53,878] logger_util.py->write_log line:61 [INFO] 接口名称：获取翻译文本列表
[2023-11-23 15:51:53,878] logger_util.py->write_log line:61 [INFO] 接口方式：get
[2023-11-23 15:51:53,878] logger_util.py->write_log line:61 [INFO] 接口路径：http://127.0.0.1:18000/api/v1/multiplelanguage/19/0/2/
[2023-11-23 15:51:53,878] logger_util.py->write_log line:61 [INFO] 请求头：{'X-Project': 'd800d1a6d0be4623aaa824c28dc71981'}
[2023-11-23 15:51:53,878] logger_util.py->write_log line:61 [INFO] 文件上传：None
[2023-11-23 15:51:53,900] logger_util.py->write_log line:61 [INFO] 预期结果：[{'equals': {'status_code': 200}}]
[2023-11-23 15:51:53,901] logger_util.py->write_log line:61 [INFO] 实际结果：{'total': 1, 'translated': 0, 'payload': [{'no': 1, 'originalId': 20, 'originalText': '原始文本1', 'translationText': '', 'automatic': False}]}
[2023-11-23 15:51:53,901] logger_util.py->write_log line:61 [INFO] 接口请求成功！
[2023-11-23 15:51:53,901] logger_util.py->write_log line:61 [INFO] 
-------------接口请求结束-----------

[2023-11-23 15:51:53,905] logger_util.py->write_log line:61 [INFO] 
-------------接口请求开始-----------
[2023-11-23 15:51:53,905] logger_util.py->write_log line:61 [INFO] 接口名称：同步
[2023-11-23 15:51:53,905] logger_util.py->write_log line:61 [INFO] 接口方式：put
[2023-11-23 15:51:53,906] logger_util.py->write_log line:61 [INFO] 接口路径：http://127.0.0.1:18000/api/v1/multiplelanguage/sync
[2023-11-23 15:51:53,906] logger_util.py->write_log line:61 [INFO] 请求头：{'X-Project': 'd800d1a6d0be4623aaa824c28dc71981'}
[2023-11-23 15:51:53,906] logger_util.py->write_log line:61 [INFO] 请求参数：{'mappingType': 0, 'pageId': '9', 'originalTexts': ['静态文本123']}
[2023-11-23 15:51:53,906] logger_util.py->write_log line:61 [INFO] 文件上传：None
[2023-11-23 15:51:53,913] logger_util.py->write_log line:61 [INFO] 预期结果：[{'equals': {'status_code': 200}}]
[2023-11-23 15:51:53,913] logger_util.py->write_log line:61 [INFO] 实际结果：
[2023-11-23 15:51:53,913] logger_util.py->write_log line:61 [INFO] 接口请求成功！
[2023-11-23 15:51:53,913] logger_util.py->write_log line:61 [INFO] 
-------------接口请求结束-----------

[2023-11-23 15:51:53,919] logger_util.py->write_log line:61 [INFO] 
-------------接口请求开始-----------
[2023-11-23 15:51:53,919] logger_util.py->write_log line:61 [INFO] 接口名称：导出语言
[2023-11-23 15:51:53,919] logger_util.py->write_log line:61 [INFO] 接口方式：get
[2023-11-23 15:51:53,919] logger_util.py->write_log line:61 [INFO] 接口路径：http://127.0.0.1:18000/api/v1/multiplelanguage/export/多语言翻译列表/19/0/0/
[2023-11-23 15:51:53,920] logger_util.py->write_log line:61 [INFO] 请求头：{'X-Project': 'd800d1a6d0be4623aaa824c28dc71981'}
[2023-11-23 15:51:53,920] logger_util.py->write_log line:61 [INFO] 文件上传：None
[2023-11-23 15:51:54,022] logger_util.py->write_log line:61 [INFO] 预期结果：[{'equals': {'status_code': 200}}]
[2023-11-23 15:51:54,022] logger_util.py->write_log line:61 [INFO] 实际结果：PK   z~wW��#��   +     _rels/.rels��1n� ��<�=�AI�T�Y�t�rB62�����C��+t���}����5�[��N�8�
�]�@����I�����p!���Xf�
��cQ8ך^�(f��Kǉb�r����$�6��HȾ?���� `�����?*[���y��\����U�͋�ˍy�Z�ow�k��������Ob�jy�  �� PK   z~wWbP#��   �      xl/sharedStrings.xml4���0 �U"�i�PSHL D�i#�v�]Tf��H�������iO+�ĪY8¶	��{2�n��� N-�0Fx��;u����
k��l>z������y�r�Jɴ�:z�+�A'D��w!�=���zY�"p�ǂ���֫Z�  �� PK   z~wWL�5�  �     xl/worksheets/sheet1.xml��AK�0ǿJx'=���W֊����t6�H��G=y�M�^�z��t�ɯ �:i]&^J���^~��~�s��U�I����"�1c�&�;��`�{s�.tJ�A9τ���1c��ݑ*r�%RqbtG�1�I�"z,�)��`���Ǌf�0)t�&�n��鉢$�$x�j�	�J��q*�!���G����
8&��%�H��@y���#��AH�+��x[��!νYP>�`��}*�o�w�ˇڱ1ΘN�ι`����C�n����nC�d���_f����IGut=�:��x���Z�62�B�����e�f���e���q{64܂�����fߦi�kTGk�5�~�ph�Ŀ֗L�<e�������X�9c���b�e7~��  �� PK   z~wWV�&:v  h     xl/styles.xml�X_o�0�*��Y�R`��NPTi�4i�n�$f�������G�+ �q�t��Ԡ"O��|�����K~|���隂[,$�,��If�	+S�QŋSx�Ht,Ֆ���
�2�VJ5qȬ�5�'��L״�FJ�pQ���,�i0��A��  Ht�6��Vd|�T
#'	��9�SB��/y�SA���!o�ଷ:Y5"�f��'��-�-%%���p�$��a�U4��ީD�a�)@���V�}�h1Tcgd�(Y�G�@5�[�5ʓ@ǣ���o�he��nZg�E�Ó]"	�<^�I(�Md�����}��68����i�s���~i�h�^O�h��S��1`W��[�����l9���t<�ow6�}�Aw�k.r,�3�����3D�4���=�cf���Ņ�a�?Rh��R,������Dǂ��d��]�7S�x�k}͕��T��]>GSy��:?H���90������Ā9��c�9����9����?]+�0��ϸ.�~4���إLyf@(m_,�j����k,V���쬹&��;�m��RKj�x�[�Qp�3�҃��tR@yv�sk�"y�m�l銅s�c]gY47LǅA`.&��>4ġ��6P�_�Yw8i~��"�:����6����w�c$�	7��}p8Ү��B{��#C�M-��rϙ2<����|<(�Y�l�5��W�J��@���a�-��)R���S_7R�b{��� ����\�q�7a�C\�����E���Jq���D<=%�wJJ̰@�_�ʰA�O�_],;xwC�p?�MU¾������C��Q��_����Y��KC���Bam�At�¸��,~  �� PK   z~wW �霐   �   #   xl/drawings/_rels/drawing1.xml.relsT�A�0 �;	��]��1��6�@c�m����<�$��U��y��a��E�xlZ�1NN�[�-$�(l�ɊC_Wݍ=EW���E-����1:�H��X���mb^L��N�S۞M�=��+ ����_�  �� PK   z~wW�	%�   7     xl/drawings/drawing1.xml��Aj�0@ѫ���r�(������-�f̌�(gˢG�JI!�\�����?Ԝ�7�E�ޛ�,!�:��,o_� L�4��c_�v'��՜�:`+eＷy����N\sZD3kDWO�ל�G�~����9w#�B�%�4�|����(%,Qض��X�K�S��Jl#*ӵ����ߗ�?   �� PK   z~wWx�:��   5  #   xl/worksheets/_rels/sheet1.xml.rels��Aj�0Ы��dgQJ��M)d�y,�J#�QZ�l]�H�B74�Ew�����~]���"|P���`�:b���������� ��lcf2x&��8)�2����"����򬵸�����k�MT�^�ޭ'��G]8 ܹ0��G���dwJ��\��~�����A�n��B�����y���A�}�  �� PK   z~wW˪ �   L     xl/workbook.xml�бN�0��w���4U��EMoaa�'H[�]WI�n<��� `d����䏷��X�c/���@T50�6�\����8�E�R<�DgV�IFKΫ�<Mz�*Z1�E�s�(�8c'|���1d����Gt:[
i�k��7X��5��ӂ��������M�V����=*x��	`[�qV �EigO�hP����c׶���3#����Ƈۛ��?gz����  �� PK   z~wW��v�   �     xl/_rels/workbook.xml.rels��;N�0E{$���8	�|P�ihhG��yN��'��@fm,�- �`"Q�О+龿����x�@�w˒�:�ٍ;G}W�}�Ј8{GӼ��8�����9�	���/�Vk�VDJ|�"�I���4-y�v� `��e��X�ֳ�G��]�E�_|8фE1v����Z�d����бC-5f�|�eQ`#���f�%�ծ�����?�)^Ҷ��]e��)�\(��B�3��{�   �� PK   z~wWǥ��{       [Content_Types].xml�TMO�0�+U�h���Zǁ�# �(4n�8Ql��q�'�P�	Q�6@��y~��V�^^'g���"��8��",�6X���jt"2b�ZY�P��8�N�V(k�E*D�N����(��u���)���ZU�U�h<>��G��b:��J=[����T�*kJ�ƣ\��Rt�ʔ�}�� 9�Aij ��<D�q�k�eˀ��G�B���uv�K�&�q��S�z y
�H�!"��IjS8R�	�����l�fjL����#XJ7��h�Ք�Pܪ���A!�C�I�l�T��Ԩz�1�F���+��%\�8��o�'���I�ݛ�=
!^YXv����+��ji����:Er}ث���N�NI�������Φ�   �� PK    z~wW��#��   +                   _rels/.relsPK    z~wWbP#��   �                �   xl/sharedStrings.xmlPK    z~wWL�5�  �               �  xl/worksheets/sheet1.xmlPK    z~wWV�&:v  h               |  xl/styles.xmlPK    z~wW �霐   �   #               xl/drawings/_rels/drawing1.xml.relsPK    z~wW�	%�   7               �  xl/drawings/drawing1.xmlPK    z~wWx�:��   5  #             �  xl/worksheets/_rels/sheet1.xml.relsPK    z~wW˪ �   L               �	  xl/workbook.xmlPK    z~wW��v�   �               �
  xl/_rels/workbook.xml.relsPK    z~wWǥ��{                 $  [Content_Types].xmlPK    
 
 �  �    
[2023-11-23 15:51:54,024] logger_util.py->write_log line:61 [INFO] 接口请求成功！
[2023-11-23 15:51:54,024] logger_util.py->write_log line:61 [INFO] 
-------------接口请求结束-----------

