[2023-08-08 20:56:26,253] logger_util.py->error_log line:65 [INFO] 分析parameters参数化异常：异常信息: Traceback (most recent call last):
  File "E:\Project_python\api_SIOT\common\parameters_util.py", line 41, in analysis_parameters
    for key, value in dict(caseinfo['parameters']).items():
TypeError: 'NoneType' object is not iterable

[2023-08-08 20:56:26,254] logger_util.py->error_log line:65 [INFO] 读取用例文件异常：异常信息: Traceback (most recent call last):
  File "E:\Project_python\api_SIOT\common\parameters_util.py", line 41, in analysis_parameters
    for key, value in dict(caseinfo['parameters']).items():
TypeError: 'NoneType' object is not iterable

During handling of the above exception, another exception occurred:

Traceback (most recent call last):
  File "E:\Project_python\api_SIOT\common\parameters_util.py", line 29, in read_testcase_file
    new_caseinfo = analysis_parameters(*caseinfo)
  File "E:\Project_python\api_SIOT\common\parameters_util.py", line 68, in analysis_parameters
    error_log("分析parameters参数化异常：异常信息: %s" %str(traceback.format_exc()))
  File "E:\Project_python\api_SIOT\common\logger_util.py", line 66, in error_log
    raise Exception(log_message)
Exception: 分析parameters参数化异常：异常信息: Traceback (most recent call last):
  File "E:\Project_python\api_SIOT\common\parameters_util.py", line 41, in analysis_parameters
    for key, value in dict(caseinfo['parameters']).items():
TypeError: 'NoneType' object is not iterable


