[2023-06-02 13:29:30,177] logger_util.py->error_log line:65 [INFO] 分析parameters参数化异常：异常信息: Traceback (most recent call last):
  File "E:\Project_python\2TestCMS2.0\common\parameters_util.py", line 46, in analysis_parameters
    csv_data_list = read_csv_file(value)
  File "E:\Project_python\2TestCMS2.0\common\parameters_util.py", line 13, in read_csv_file
    with open(get_object_path()+'/'+csv_path,encoding='utf-8') as f:
FileNotFoundError: [Errno 2] No such file or directory: 'E:\\Project_python\\2TestCMS2.0/data/create_aggregate_table_trigger.yml'

[2023-06-02 13:29:30,178] logger_util.py->error_log line:65 [INFO] 读取用例文件异常：异常信息: Traceback (most recent call last):
  File "E:\Project_python\2TestCMS2.0\common\parameters_util.py", line 46, in analysis_parameters
    csv_data_list = read_csv_file(value)
  File "E:\Project_python\2TestCMS2.0\common\parameters_util.py", line 13, in read_csv_file
    with open(get_object_path()+'/'+csv_path,encoding='utf-8') as f:
FileNotFoundError: [Errno 2] No such file or directory: 'E:\\Project_python\\2TestCMS2.0/data/create_aggregate_table_trigger.yml'

During handling of the above exception, another exception occurred:

Traceback (most recent call last):
  File "E:\Project_python\2TestCMS2.0\common\parameters_util.py", line 29, in read_testcase_file
    new_caseinfo = analysis_parameters(*caseinfo)
  File "E:\Project_python\2TestCMS2.0\common\parameters_util.py", line 68, in analysis_parameters
    error_log("分析parameters参数化异常：异常信息: %s" %str(traceback.format_exc()))
  File "E:\Project_python\2TestCMS2.0\common\logger_util.py", line 66, in error_log
    raise Exception(log_message)
Exception: 分析parameters参数化异常：异常信息: Traceback (most recent call last):
  File "E:\Project_python\2TestCMS2.0\common\parameters_util.py", line 46, in analysis_parameters
    csv_data_list = read_csv_file(value)
  File "E:\Project_python\2TestCMS2.0\common\parameters_util.py", line 13, in read_csv_file
    with open(get_object_path()+'/'+csv_path,encoding='utf-8') as f:
FileNotFoundError: [Errno 2] No such file or directory: 'E:\\Project_python\\2TestCMS2.0/data/create_aggregate_table_trigger.yml'


