[2023-11-16 09:50:05,186] logger_util.py->write_log line:61 [INFO] 
-------------接口请求开始-----------
[2023-11-16 09:50:05,186] logger_util.py->write_log line:61 [INFO] 接口名称：设置归档配置
[2023-11-16 09:50:05,186] logger_util.py->write_log line:61 [INFO] 接口方式：put
[2023-11-16 09:50:05,186] logger_util.py->write_log line:61 [INFO] 接口路径：http://127.0.0.1:18000/api/v1/historicarchive/group/b6c6f4b4-074c-41da-94fb-dbad49a31eff/archivesetting
[2023-11-16 09:50:05,186] logger_util.py->write_log line:61 [INFO] 请求头：{'X-Project': 'cade0634c4a44304911e8cfdb1b8f8b9'}
[2023-11-16 09:50:05,187] logger_util.py->write_log line:61 [INFO] 请求参数：{'minIntervalValue': 1, 'minIntervalUnit': 1, 'archiveType': 0, 'deadZoneType': 0, 'deadZoneThreshold': 1, 'intervalUnit': 1, 'intervalValue': 1, 'enableArchive': True}
[2023-11-16 09:50:05,187] logger_util.py->write_log line:61 [INFO] 文件上传：None
[2023-11-16 09:50:05,213] logger_util.py->write_log line:61 [INFO] 预期结果：[{'equals': {'status_code': 200}}]
[2023-11-16 09:50:05,213] logger_util.py->write_log line:61 [INFO] 实际结果：
[2023-11-16 09:50:05,213] logger_util.py->write_log line:61 [INFO] 接口请求成功！
[2023-11-16 09:50:05,213] logger_util.py->write_log line:61 [INFO] 
-------------接口请求结束-----------

[2023-11-16 09:50:05,218] logger_util.py->write_log line:61 [INFO] 
-------------接口请求开始-----------
[2023-11-16 09:50:05,218] logger_util.py->write_log line:61 [INFO] 接口名称：获取归档配置
[2023-11-16 09:50:05,219] logger_util.py->write_log line:61 [INFO] 接口方式：get
[2023-11-16 09:50:05,219] logger_util.py->write_log line:61 [INFO] 接口路径：http://127.0.0.1:18000/api/v1/historicarchive/group/b6c6f4b4-074c-41da-94fb-dbad49a31eff/archivesetting
[2023-11-16 09:50:05,219] logger_util.py->write_log line:61 [INFO] 请求头：{'X-Project': 'cade0634c4a44304911e8cfdb1b8f8b9'}
[2023-11-16 09:50:05,219] logger_util.py->write_log line:61 [INFO] 文件上传：None
[2023-11-16 09:50:05,243] logger_util.py->write_log line:61 [INFO] 预期结果：[{'equals': {'status_code': 200}}]
[2023-11-16 09:50:05,243] logger_util.py->write_log line:61 [INFO] 实际结果：{'enableArchive': True, 'archiveType': 0, 'intervalValue': 1, 'intervalUnit': 1, 'enableDeadZone': False, 'deadZoneType': 0, 'deadZoneThreshold': 1, 'enableMinInterval': False, 'minIntervalValue': 1, 'minIntervalUnit': 1}
[2023-11-16 09:50:05,243] logger_util.py->write_log line:61 [INFO] 接口请求成功！
[2023-11-16 09:50:05,244] logger_util.py->write_log line:61 [INFO] 
-------------接口请求结束-----------

[2023-11-16 09:50:05,249] logger_util.py->write_log line:61 [INFO] 
-------------接口请求开始-----------
[2023-11-16 09:50:05,250] logger_util.py->write_log line:61 [INFO] 接口名称：存储设置
[2023-11-16 09:50:05,250] logger_util.py->write_log line:61 [INFO] 接口方式：put
[2023-11-16 09:50:05,250] logger_util.py->write_log line:61 [INFO] 接口路径：http://127.0.0.1:18000/api/v1/historicarchive/group/b6c6f4b4-074c-41da-94fb-dbad49a31eff/storagesetting
[2023-11-16 09:50:05,250] logger_util.py->write_log line:61 [INFO] 请求头：{'X-Project': 'cade0634c4a44304911e8cfdb1b8f8b9'}
[2023-11-16 09:50:05,250] logger_util.py->write_log line:61 [INFO] 请求参数：{'retentionUnit': 4, 'retentionValue': 1, 'enableClear': True, 'backupBeforeClear': True, 'backupPath': 'C:\\数据备份\\历史数据'}
[2023-11-16 09:50:05,250] logger_util.py->write_log line:61 [INFO] 文件上传：None
[2023-11-16 09:50:05,256] logger_util.py->write_log line:61 [INFO] 预期结果：[{'equals': {'status_code': 200}}]
[2023-11-16 09:50:05,256] logger_util.py->write_log line:61 [INFO] 实际结果：
[2023-11-16 09:50:05,257] logger_util.py->write_log line:61 [INFO] 接口请求成功！
[2023-11-16 09:50:05,257] logger_util.py->write_log line:61 [INFO] 
-------------接口请求结束-----------

[2023-11-16 09:50:05,262] logger_util.py->write_log line:61 [INFO] 
-------------接口请求开始-----------
[2023-11-16 09:50:05,262] logger_util.py->write_log line:61 [INFO] 接口名称：获取存储设置
[2023-11-16 09:50:05,262] logger_util.py->write_log line:61 [INFO] 接口方式：get
[2023-11-16 09:50:05,262] logger_util.py->write_log line:61 [INFO] 接口路径：http://127.0.0.1:18000/api/v1/historicarchive/group/b6c6f4b4-074c-41da-94fb-dbad49a31eff/storagesetting
[2023-11-16 09:50:05,262] logger_util.py->write_log line:61 [INFO] 请求头：{'X-Project': 'cade0634c4a44304911e8cfdb1b8f8b9'}
[2023-11-16 09:50:05,262] logger_util.py->write_log line:61 [INFO] 文件上传：None
[2023-11-16 09:50:05,286] logger_util.py->write_log line:61 [INFO] 预期结果：[{'equals': {'status_code': 200}}]
[2023-11-16 09:50:05,286] logger_util.py->write_log line:61 [INFO] 实际结果：{'enableClear': True, 'retentionValue': 1, 'retentionUnit': 4, 'backupBeforeClear': True, 'backupPath': 'C:\\数据备份\\历史数据'}
[2023-11-16 09:50:05,286] logger_util.py->write_log line:61 [INFO] 接口请求成功！
[2023-11-16 09:50:05,286] logger_util.py->write_log line:61 [INFO] 
-------------接口请求结束-----------

[2023-11-16 09:50:05,291] logger_util.py->write_log line:61 [INFO] 
-------------接口请求开始-----------
[2023-11-16 09:50:05,291] logger_util.py->write_log line:61 [INFO] 接口名称：下发A1=true
[2023-11-16 09:50:05,291] logger_util.py->write_log line:61 [INFO] 接口方式：post
[2023-11-16 09:50:05,291] logger_util.py->write_log line:61 [INFO] 接口路径：http://127.0.0.1:18000/api/v1/variable/setvalues
[2023-11-16 09:50:05,291] logger_util.py->write_log line:61 [INFO] 请求头：{'X-Project': 'cade0634c4a44304911e8cfdb1b8f8b9', 'Authorization': 'Bearer eyJhbGciOiJIUzI1NiIsInR5cCI6IkpXVCJ9.eyJodHRwOi8vc2NoZW1hcy54bWxzb2FwLm9yZy93cy8yMDA1LzA1L2lkZW50aXR5L2NsYWltcy9uYW1lIjoiU3VwZXJBZG1pbiIsImh0dHA6Ly9zY2hlbWFzLnhtbHNvYXAub3JnL3dzLzIwMDUvMDUvaWRlbnRpdHkvY2xhaW1zL25hbWVpZGVudGlmaWVyIjoiU3VwZXJBZG1pbiIsImV4cCI6MTcwMDY0MzQzNiwiaXNzIjoiQ01TdjIiLCJhdWQiOiJBcGkifQ.t_fO-FkNoykuA18dAWBnTg49IOpNb0sOksTcxN_DfdU'}
[2023-11-16 09:50:05,292] logger_util.py->write_log line:61 [INFO] 请求参数：{'A1': 'true'}
[2023-11-16 09:50:05,292] logger_util.py->write_log line:61 [INFO] 文件上传：None
[2023-11-16 09:50:05,310] logger_util.py->write_log line:61 [INFO] 预期结果：[{'equals': {'status_code': 200}}, {'equals': {'allSuccess': True}}]
[2023-11-16 09:50:05,310] logger_util.py->write_log line:61 [INFO] 实际结果：{'allSuccess': True, 'items': {'A1': {'value': True, 'quality': 0, 'errorMsg': None}}}
[2023-11-16 09:50:05,310] logger_util.py->write_log line:61 [INFO] 接口请求成功！
[2023-11-16 09:50:05,310] logger_util.py->write_log line:61 [INFO] 
-------------接口请求结束-----------

[2023-11-16 09:50:05,831] logger_util.py->write_log line:61 [INFO] 
-------------接口请求开始-----------
[2023-11-16 09:50:05,831] logger_util.py->write_log line:61 [INFO] 接口名称：下发A2=10
[2023-11-16 09:50:05,831] logger_util.py->write_log line:61 [INFO] 接口方式：post
[2023-11-16 09:50:05,831] logger_util.py->write_log line:61 [INFO] 接口路径：http://127.0.0.1:18000/api/v1/variable/setvalues
[2023-11-16 09:50:05,831] logger_util.py->write_log line:61 [INFO] 请求头：{'X-Project': 'cade0634c4a44304911e8cfdb1b8f8b9', 'Authorization': 'Bearer eyJhbGciOiJIUzI1NiIsInR5cCI6IkpXVCJ9.eyJodHRwOi8vc2NoZW1hcy54bWxzb2FwLm9yZy93cy8yMDA1LzA1L2lkZW50aXR5L2NsYWltcy9uYW1lIjoiU3VwZXJBZG1pbiIsImh0dHA6Ly9zY2hlbWFzLnhtbHNvYXAub3JnL3dzLzIwMDUvMDUvaWRlbnRpdHkvY2xhaW1zL25hbWVpZGVudGlmaWVyIjoiU3VwZXJBZG1pbiIsImV4cCI6MTcwMDY0MzQzNiwiaXNzIjoiQ01TdjIiLCJhdWQiOiJBcGkifQ.t_fO-FkNoykuA18dAWBnTg49IOpNb0sOksTcxN_DfdU'}
[2023-11-16 09:50:05,831] logger_util.py->write_log line:61 [INFO] 请求参数：{'A2': '10'}
[2023-11-16 09:50:05,831] logger_util.py->write_log line:61 [INFO] 文件上传：None
[2023-11-16 09:50:05,844] logger_util.py->write_log line:61 [INFO] 预期结果：[{'equals': {'status_code': 200}}, {'equals': {'allSuccess': True}}]
[2023-11-16 09:50:05,845] logger_util.py->write_log line:61 [INFO] 实际结果：{'allSuccess': True, 'items': {'A2': {'value': 10, 'quality': 0, 'errorMsg': None}}}
[2023-11-16 09:50:05,845] logger_util.py->write_log line:61 [INFO] 接口请求成功！
[2023-11-16 09:50:05,845] logger_util.py->write_log line:61 [INFO] 
-------------接口请求结束-----------

[2023-11-16 09:50:06,366] logger_util.py->write_log line:61 [INFO] 
-------------接口请求开始-----------
[2023-11-16 09:50:06,366] logger_util.py->write_log line:61 [INFO] 接口名称：下发A10=10.123
[2023-11-16 09:50:06,366] logger_util.py->write_log line:61 [INFO] 接口方式：post
[2023-11-16 09:50:06,366] logger_util.py->write_log line:61 [INFO] 接口路径：http://127.0.0.1:18000/api/v1/variable/setvalues
[2023-11-16 09:50:06,366] logger_util.py->write_log line:61 [INFO] 请求头：{'X-Project': 'cade0634c4a44304911e8cfdb1b8f8b9', 'Authorization': 'Bearer eyJhbGciOiJIUzI1NiIsInR5cCI6IkpXVCJ9.eyJodHRwOi8vc2NoZW1hcy54bWxzb2FwLm9yZy93cy8yMDA1LzA1L2lkZW50aXR5L2NsYWltcy9uYW1lIjoiU3VwZXJBZG1pbiIsImh0dHA6Ly9zY2hlbWFzLnhtbHNvYXAub3JnL3dzLzIwMDUvMDUvaWRlbnRpdHkvY2xhaW1zL25hbWVpZGVudGlmaWVyIjoiU3VwZXJBZG1pbiIsImV4cCI6MTcwMDY0MzQzNiwiaXNzIjoiQ01TdjIiLCJhdWQiOiJBcGkifQ.t_fO-FkNoykuA18dAWBnTg49IOpNb0sOksTcxN_DfdU'}
[2023-11-16 09:50:06,366] logger_util.py->write_log line:61 [INFO] 请求参数：{'A10': '10.123'}
[2023-11-16 09:50:06,366] logger_util.py->write_log line:61 [INFO] 文件上传：None
[2023-11-16 09:50:06,376] logger_util.py->write_log line:61 [INFO] 预期结果：[{'equals': {'status_code': 200}}, {'equals': {'allSuccess': True}}]
[2023-11-16 09:50:06,376] logger_util.py->write_log line:61 [INFO] 实际结果：{'allSuccess': True, 'items': {'A10': {'value': 10.123, 'quality': 0, 'errorMsg': None}}}
[2023-11-16 09:50:06,377] logger_util.py->write_log line:61 [INFO] 接口请求成功！
[2023-11-16 09:50:06,377] logger_util.py->write_log line:61 [INFO] 
-------------接口请求结束-----------

[2023-11-16 09:50:06,883] logger_util.py->write_log line:61 [INFO] 
-------------接口请求开始-----------
[2023-11-16 09:50:06,884] logger_util.py->write_log line:61 [INFO] 接口名称：下发A12=中文
[2023-11-16 09:50:06,884] logger_util.py->write_log line:61 [INFO] 接口方式：post
[2023-11-16 09:50:06,884] logger_util.py->write_log line:61 [INFO] 接口路径：http://127.0.0.1:18000/api/v1/variable/setvalues
[2023-11-16 09:50:06,884] logger_util.py->write_log line:61 [INFO] 请求头：{'X-Project': 'cade0634c4a44304911e8cfdb1b8f8b9', 'Authorization': 'Bearer eyJhbGciOiJIUzI1NiIsInR5cCI6IkpXVCJ9.eyJodHRwOi8vc2NoZW1hcy54bWxzb2FwLm9yZy93cy8yMDA1LzA1L2lkZW50aXR5L2NsYWltcy9uYW1lIjoiU3VwZXJBZG1pbiIsImh0dHA6Ly9zY2hlbWFzLnhtbHNvYXAub3JnL3dzLzIwMDUvMDUvaWRlbnRpdHkvY2xhaW1zL25hbWVpZGVudGlmaWVyIjoiU3VwZXJBZG1pbiIsImV4cCI6MTcwMDY0MzQzNiwiaXNzIjoiQ01TdjIiLCJhdWQiOiJBcGkifQ.t_fO-FkNoykuA18dAWBnTg49IOpNb0sOksTcxN_DfdU'}
[2023-11-16 09:50:06,884] logger_util.py->write_log line:61 [INFO] 请求参数：{'A12': '中文'}
[2023-11-16 09:50:06,884] logger_util.py->write_log line:61 [INFO] 文件上传：None
[2023-11-16 09:50:06,893] logger_util.py->write_log line:61 [INFO] 预期结果：[{'equals': {'status_code': 200}}, {'equals': {'allSuccess': True}}]
[2023-11-16 09:50:06,893] logger_util.py->write_log line:61 [INFO] 实际结果：{'allSuccess': True, 'items': {'A12': {'value': '中文', 'quality': 0, 'errorMsg': None}}}
[2023-11-16 09:50:06,893] logger_util.py->write_log line:61 [INFO] 接口请求成功！
[2023-11-16 09:50:06,893] logger_util.py->write_log line:61 [INFO] 
-------------接口请求结束-----------

[2023-11-16 09:50:07,401] logger_util.py->write_log line:61 [INFO] 
-------------接口请求开始-----------
[2023-11-16 09:50:07,401] logger_util.py->write_log line:61 [INFO] 接口名称：开启历史归档服务
[2023-11-16 09:50:07,401] logger_util.py->write_log line:61 [INFO] 接口方式：post
[2023-11-16 09:50:07,401] logger_util.py->write_log line:61 [INFO] 接口路径：http://127.0.0.1:18000/api/v1/project/service/historicarchive/start
[2023-11-16 09:50:07,401] logger_util.py->write_log line:61 [INFO] 请求头：{}
[2023-11-16 09:50:07,401] logger_util.py->write_log line:61 [INFO] 文件上传：None
[2023-11-16 09:50:07,413] logger_util.py->write_log line:61 [INFO] 预期结果：[{'equals': {'status_code': 200}}]
[2023-11-16 09:50:07,413] logger_util.py->write_log line:61 [INFO] 实际结果：
[2023-11-16 09:50:07,413] logger_util.py->write_log line:61 [INFO] 接口请求成功！
[2023-11-16 09:50:07,414] logger_util.py->write_log line:61 [INFO] 
-------------接口请求结束-----------

[2023-11-16 09:50:17,423] logger_util.py->write_log line:61 [INFO] 
-------------接口请求开始-----------
[2023-11-16 09:50:17,423] logger_util.py->write_log line:61 [INFO] 接口名称：查询历史数据(定时触发)
[2023-11-16 09:50:17,423] logger_util.py->write_log line:61 [INFO] 接口方式：post
[2023-11-16 09:50:17,423] logger_util.py->write_log line:61 [INFO] 接口路径：http://127.0.0.1:18000/api/v1/data/aggregate
[2023-11-16 09:50:17,423] logger_util.py->write_log line:61 [INFO] 请求头：{'X-Project': 'cade0634c4a44304911e8cfdb1b8f8b9'}
[2023-11-16 09:50:17,424] logger_util.py->write_log line:61 [INFO] 请求参数：{'dataSetId': 'history', 'dimensions': [{'aliasName': '', 'fieldName': '0', 'sort': 2, 'timeFormat': 'yyyy-MM-dd HH:mm:ss'}], 'measures': [{'aliasName': '', 'fieldName': '19', 'mode': 4, 'dataFormat': 0, 'sort': 0, 'mergeType': 0}, {'aliasName': '', 'fieldName': '20', 'mode': 4, 'dataFormat': 0, 'sort': 0, 'mergeType': 0}, {'aliasName': '', 'fieldName': '28', 'mode': 4, 'dataFormat': 0, 'sort': 0, 'mergeType': 0}, {'aliasName': '', 'fieldName': '30', 'mode': 4, 'dataFormat': 0, 'sort': 0, 'mergeType': 0}], 'filters': [], 'total': False, 'pageSize': None, 'pageIndex': None, 'limit': 10000, 'noAggregation': False, 'noDimensions': False, 'whereJson': ''}
[2023-11-16 09:50:17,424] logger_util.py->write_log line:61 [INFO] 文件上传：None
[2023-11-16 09:50:17,457] logger_util.py->error_log line:65 [INFO] 断言失败:A10(4)不等于10.456
[2023-11-16 09:50:17,457] logger_util.py->write_log line:61 [INFO] 实际结果：{'values': [{'A1(4)': '1', 'A2(4)': '10', 'A10(4)': '10.123', 'A12(4)': '中文', '记录时间': '2023-11-16 09:50:17'}, {'A1(4)': '1', 'A2(4)': '10', 'A10(4)': '10.123', 'A12(4)': '中文', '记录时间': '2023-11-16 09:50:16'}, {'A1(4)': '1', 'A2(4)': '10', 'A10(4)': '10.123', 'A12(4)': '中文', '记录时间': '2023-11-16 09:50:15'}, {'A1(4)': '1', 'A2(4)': '10', 'A10(4)': '10.123', 'A12(4)': '中文', '记录时间': '2023-11-16 09:50:14'}, {'A1(4)': '1', 'A2(4)': '10', 'A10(4)': '10.123', 'A12(4)': '中文', '记录时间': '2023-11-16 09:50:13'}, {'A1(4)': '1', 'A2(4)': '10', 'A10(4)': '10.123', 'A12(4)': '中文', '记录时间': '2023-11-16 09:50:12'}, {'A1(4)': '1', 'A2(4)': '10', 'A10(4)': '10.123', 'A12(4)': '中文', '记录时间': '2023-11-16 09:50:11'}, {'A1(4)': '1', 'A2(4)': '10', 'A10(4)': '10.123', 'A12(4)': '中文', '记录时间': '2023-11-16 09:50:10'}, {'A1(4)': '1', 'A2(4)': '10', 'A10(4)': '10.123', 'A12(4)': '中文', '记录时间': '2023-11-16 09:50:09'}, {'A1(4)': '1', 'A2(4)': '10', 'A10(4)': '10.123', 'A12(4)': '中文', '记录时间': '2023-11-16 09:50:08'}], 'mapping': [{'id': '19', 'name': 'A1(4)', 'aliasName': '', 'fieldName': 'A1', 'method': 4}, {'id': '20', 'name': 'A2(4)', 'aliasName': '', 'fieldName': 'A2', 'method': 4}, {'id': '28', 'name': 'A10(4)', 'aliasName': '', 'fieldName': 'A10', 'method': 4}, {'id': '30', 'name': 'A12(4)', 'aliasName': '', 'fieldName': 'A12', 'method': 4}, {'id': '_time', 'name': '_time', 'aliasName': '', 'fieldName': '_time', 'method': None}], 'queryTranslateResult': [{'queryString': '\r\na0 = from(bucket: "cade0634c4a44304911e8cfdb1b8f8b9")\r\n  |> range(start: 0, stop: now())\r\n  |> filter(fn: (r) => r["_measurement"] == "variables" and r["_field"]=="lval" and r["variable"] == "19")\r\n\r\n  |> group(columns: ["_measurement"])\r\n\n  |> limit(n: 10000)\n  |> set(key: "_field", value: "val")\n  |> toString()\r\n\r\na1 = from(bucket: "cade0634c4a44304911e8cfdb1b8f8b9")\r\n  |> range(start: 0, stop: now())\r\n  |> filter(fn: (r) => r["_measurement"] == "variables" and r["_field"]=="lval" and r["variable"] == "20")\r\n\r\n  |> group(columns: ["_measurement"])\r\n\n  |> limit(n: 10000)\n  |> set(key: "_field", value: "val")\n  |> toString()\r\n\r\na2 = from(bucket: "cade0634c4a44304911e8cfdb1b8f8b9")\r\n  |> range(start: 0, stop: now())\r\n  |> filter(fn: (r) => r["_measurement"] == "variables" and r["_field"]=="fval" and r["variable"] == "28")\r\n\r\n  |> group(columns: ["_measurement"])\r\n\n  |> limit(n: 10000)\n  |> set(key: "_field", value: "val")\n  |> toString()\r\n\r\na3 = from(bucket: "cade0634c4a44304911e8cfdb1b8f8b9")\r\n  |> range(start: 0, stop: now())\r\n  |> filter(fn: (r) => r["_measurement"] == "variables" and r["_field"]=="sval" and r["variable"] == "30")\r\n\r\n  |> group(columns: ["_measurement"])\r\n\n  |> limit(n: 10000)\n  |> set(key: "_field", value: "val")\n  |> toString()\r\n\r\nall = union(tables: [a0,a1,a2,a3])\r\n\r\n\r\nresult = all\r\n  |> pivot(rowKey:["_time"], columnKey: ["variable"], valueColumn: "_value")\r\n\r\n  |> sort(columns: ["_time"],desc:true)\r\n  |> rename(fn: (column) => if column=="19" then "M0" else if column=="20" then "M1" else if column=="28" then "M2" else if column=="30" then "M3" else column)\r\nresult\r\n', 'args': {}}], 'consuming': {'qcs': [19.7795]}, 'total': None}
[2023-11-16 09:50:17,458] logger_util.py->write_log line:61 [INFO] 接口请求失败！
[2023-11-16 09:50:17,458] logger_util.py->write_log line:61 [INFO] -------------接口请求结束-----------

[2023-11-16 09:50:17,471] logger_util.py->error_log line:65 [INFO] 断言异常：异常信息: Traceback (most recent call last):
  File "E:\Project_python\api_cms\common\requests_util.py", line 370, in validate_result
    error_log("断言失败:" + assert_key + "不等于" + str(assert_value))
  File "E:\Project_python\api_cms\common\logger_util.py", line 66, in error_log
    raise Exception(log_message)
Exception: 断言失败:A10(4)不等于10.456

[2023-11-16 09:50:17,471] logger_util.py->error_log line:65 [INFO] 分析YAML文件异常：异常信息: Traceback (most recent call last):
  File "E:\Project_python\api_cms\common\requests_util.py", line 370, in validate_result
    error_log("断言失败:" + assert_key + "不等于" + str(assert_value))
  File "E:\Project_python\api_cms\common\logger_util.py", line 66, in error_log
    raise Exception(log_message)
Exception: 断言失败:A10(4)不等于10.456

During handling of the above exception, another exception occurred:

Traceback (most recent call last):
  File "E:\Project_python\api_cms\common\requests_util.py", line 238, in analysis_yaml
    self.validate_result(yq_result, return_data, status_code)
  File "E:\Project_python\api_cms\common\requests_util.py", line 437, in validate_result
    error_log("断言异常：异常信息: %s" % str(traceback.format_exc()))
  File "E:\Project_python\api_cms\common\logger_util.py", line 66, in error_log
    raise Exception(log_message)
Exception: 断言异常：异常信息: Traceback (most recent call last):
  File "E:\Project_python\api_cms\common\requests_util.py", line 370, in validate_result
    error_log("断言失败:" + assert_key + "不等于" + str(assert_value))
  File "E:\Project_python\api_cms\common\logger_util.py", line 66, in error_log
    raise Exception(log_message)
Exception: 断言失败:A10(4)不等于10.456


[2023-11-16 09:50:17,583] logger_util.py->write_log line:61 [INFO] 
-------------接口请求开始-----------
[2023-11-16 09:50:17,583] logger_util.py->write_log line:61 [INFO] 接口名称：备份历史数据
[2023-11-16 09:50:17,583] logger_util.py->write_log line:61 [INFO] 接口方式：get
[2023-11-16 09:50:17,583] logger_util.py->write_log line:61 [INFO] 接口路径：http://127.0.0.1:18000/api/v1/historicarchive/group/b6c6f4b4-074c-41da-94fb-dbad49a31eff/backup
[2023-11-16 09:50:17,583] logger_util.py->write_log line:61 [INFO] 请求头：{'X-Project': 'cade0634c4a44304911e8cfdb1b8f8b9'}
[2023-11-16 09:50:17,583] logger_util.py->write_log line:61 [INFO] 文件上传：None
[2023-11-16 09:50:17,823] logger_util.py->write_log line:61 [INFO] 预期结果：[{'equals': {'status_code': 200}}]
[2023-11-16 09:50:17,823] logger_util.py->write_log line:61 [INFO] 实际结果："_time","_value","_field","_measurement","variable"
"2023-11-16 09:50:08",0,"dataquality","variables","A1"
"2023-11-16 09:50:09",0,"dataquality","variables","A1"
"2023-11-16 09:50:10",0,"dataquality","variables","A1"
"2023-11-16 09:50:11",0,"dataquality","variables","A1"
"2023-11-16 09:50:12",0,"dataquality","variables","A1"
"2023-11-16 09:50:13",0,"dataquality","variables","A1"
"2023-11-16 09:50:14",0,"dataquality","variables","A1"
"2023-11-16 09:50:15",0,"dataquality","variables","A1"
"2023-11-16 09:50:16",0,"dataquality","variables","A1"
"2023-11-16 09:50:17",0,"dataquality","variables","A1"
"2023-11-16 09:50:08",1,"lval","variables","A1"
"2023-11-16 09:50:09",1,"lval","variables","A1"
"2023-11-16 09:50:10",1,"lval","variables","A1"
"2023-11-16 09:50:11",1,"lval","variables","A1"
"2023-11-16 09:50:12",1,"lval","variables","A1"
"2023-11-16 09:50:13",1,"lval","variables","A1"
"2023-11-16 09:50:14",1,"lval","variables","A1"
"2023-11-16 09:50:15",1,"lval","variables","A1"
"2023-11-16 09:50:16",1,"lval","variables","A1"
"2023-11-16 09:50:17",1,"lval","variables","A1"
"2023-11-16 09:50:08",0,"dataquality","variables","A2"
"2023-11-16 09:50:09",0,"dataquality","variables","A2"
"2023-11-16 09:50:10",0,"dataquality","variables","A2"
"2023-11-16 09:50:11",0,"dataquality","variables","A2"
"2023-11-16 09:50:12",0,"dataquality","variables","A2"
"2023-11-16 09:50:13",0,"dataquality","variables","A2"
"2023-11-16 09:50:14",0,"dataquality","variables","A2"
"2023-11-16 09:50:15",0,"dataquality","variables","A2"
"2023-11-16 09:50:16",0,"dataquality","variables","A2"
"2023-11-16 09:50:17",0,"dataquality","variables","A2"
"2023-11-16 09:50:08",10,"lval","variables","A2"
"2023-11-16 09:50:09",10,"lval","variables","A2"
"2023-11-16 09:50:10",10,"lval","variables","A2"
"2023-11-16 09:50:11",10,"lval","variables","A2"
"2023-11-16 09:50:12",10,"lval","variables","A2"
"2023-11-16 09:50:13",10,"lval","variables","A2"
"2023-11-16 09:50:14",10,"lval","variables","A2"
"2023-11-16 09:50:15",10,"lval","variables","A2"
"2023-11-16 09:50:16",10,"lval","variables","A2"
"2023-11-16 09:50:17",10,"lval","variables","A2"
"2023-11-16 09:50:08",0,"dataquality","variables","A10"
"2023-11-16 09:50:09",0,"dataquality","variables","A10"
"2023-11-16 09:50:10",0,"dataquality","variables","A10"
"2023-11-16 09:50:11",0,"dataquality","variables","A10"
"2023-11-16 09:50:12",0,"dataquality","variables","A10"
"2023-11-16 09:50:13",0,"dataquality","variables","A10"
"2023-11-16 09:50:14",0,"dataquality","variables","A10"
"2023-11-16 09:50:15",0,"dataquality","variables","A10"
"2023-11-16 09:50:16",0,"dataquality","variables","A10"
"2023-11-16 09:50:17",0,"dataquality","variables","A10"
"2023-11-16 09:50:08",10.123,"fval","variables","A10"
"2023-11-16 09:50:09",10.123,"fval","variables","A10"
"2023-11-16 09:50:10",10.123,"fval","variables","A10"
"2023-11-16 09:50:11",10.123,"fval","variables","A10"
"2023-11-16 09:50:12",10.123,"fval","variables","A10"
"2023-11-16 09:50:13",10.123,"fval","variables","A10"
"2023-11-16 09:50:14",10.123,"fval","variables","A10"
"2023-11-16 09:50:15",10.123,"fval","variables","A10"
"2023-11-16 09:50:16",10.123,"fval","variables","A10"
"2023-11-16 09:50:17",10.123,"fval","variables","A10"
"2023-11-16 09:50:08",0,"dataquality","variables","A12"
"2023-11-16 09:50:09",0,"dataquality","variables","A12"
"2023-11-16 09:50:10",0,"dataquality","variables","A12"
"2023-11-16 09:50:11",0,"dataquality","variables","A12"
"2023-11-16 09:50:12",0,"dataquality","variables","A12"
"2023-11-16 09:50:13",0,"dataquality","variables","A12"
"2023-11-16 09:50:14",0,"dataquality","variables","A12"
"2023-11-16 09:50:15",0,"dataquality","variables","A12"
"2023-11-16 09:50:16",0,"dataquality","variables","A12"
"2023-11-16 09:50:17",0,"dataquality","variables","A12"
"2023-11-16 09:50:08","÷–Œƒ","sval","variables","A12"
"2023-11-16 09:50:09","÷–Œƒ","sval","variables","A12"
"2023-11-16 09:50:10","÷–Œƒ","sval","variables","A12"
"2023-11-16 09:50:11","÷–Œƒ","sval","variables","A12"
"2023-11-16 09:50:12","÷–Œƒ","sval","variables","A12"
"2023-11-16 09:50:13","÷–Œƒ","sval","variables","A12"
"2023-11-16 09:50:14","÷–Œƒ","sval","variables","A12"
"2023-11-16 09:50:15","÷–Œƒ","sval","variables","A12"
"2023-11-16 09:50:16","÷–Œƒ","sval","variables","A12"
"2023-11-16 09:50:17","÷–Œƒ","sval","variables","A12"

[2023-11-16 09:50:17,826] logger_util.py->write_log line:61 [INFO] 接口请求成功！
[2023-11-16 09:50:17,826] logger_util.py->write_log line:61 [INFO] 
-------------接口请求结束-----------

[2023-11-16 09:50:17,832] logger_util.py->write_log line:61 [INFO] 
-------------接口请求开始-----------
[2023-11-16 09:50:17,832] logger_util.py->write_log line:61 [INFO] 接口名称：清除历史数据
[2023-11-16 09:50:17,832] logger_util.py->write_log line:61 [INFO] 接口方式：get
[2023-11-16 09:50:17,832] logger_util.py->write_log line:61 [INFO] 接口路径：http://127.0.0.1:18000/api/v1/historicarchive/group/b6c6f4b4-074c-41da-94fb-dbad49a31eff/cleanup
[2023-11-16 09:50:17,832] logger_util.py->write_log line:61 [INFO] 请求头：{'X-Project': 'cade0634c4a44304911e8cfdb1b8f8b9'}
[2023-11-16 09:50:17,832] logger_util.py->write_log line:61 [INFO] 文件上传：None
[2023-11-16 09:50:18,019] logger_util.py->write_log line:61 [INFO] 预期结果：[{'equals': {'status_code': 200}}]
[2023-11-16 09:50:18,019] logger_util.py->write_log line:61 [INFO] 实际结果：
[2023-11-16 09:50:18,019] logger_util.py->write_log line:61 [INFO] 接口请求成功！
[2023-11-16 09:50:18,019] logger_util.py->write_log line:61 [INFO] 
-------------接口请求结束-----------

[2023-11-16 09:50:23,038] logger_util.py->write_log line:61 [INFO] 
-------------接口请求开始-----------
[2023-11-16 09:50:23,038] logger_util.py->write_log line:61 [INFO] 接口名称：关闭历史归档服务
[2023-11-16 09:50:23,039] logger_util.py->write_log line:61 [INFO] 接口方式：post
[2023-11-16 09:50:23,039] logger_util.py->write_log line:61 [INFO] 接口路径：http://127.0.0.1:18000/api/v1/project/service/historicarchive/stop
[2023-11-16 09:50:23,039] logger_util.py->write_log line:61 [INFO] 请求头：{}
[2023-11-16 09:50:23,039] logger_util.py->write_log line:61 [INFO] 文件上传：None
[2023-11-16 09:50:23,041] logger_util.py->write_log line:61 [INFO] 预期结果：[{'equals': {'status_code': 200}}]
[2023-11-16 09:50:23,041] logger_util.py->write_log line:61 [INFO] 实际结果：
[2023-11-16 09:50:23,041] logger_util.py->write_log line:61 [INFO] 接口请求成功！
[2023-11-16 09:50:23,041] logger_util.py->write_log line:61 [INFO] 
-------------接口请求结束-----------

[2023-11-16 09:50:28,049] logger_util.py->write_log line:61 [INFO] 
-------------接口请求开始-----------
[2023-11-16 09:50:28,050] logger_util.py->write_log line:61 [INFO] 接口名称：变化触发配置
[2023-11-16 09:50:28,050] logger_util.py->write_log line:61 [INFO] 接口方式：put
[2023-11-16 09:50:28,050] logger_util.py->write_log line:61 [INFO] 接口路径：http://127.0.0.1:18000/api/v1/historicarchive/group/b6c6f4b4-074c-41da-94fb-dbad49a31eff/archivesetting
[2023-11-16 09:50:28,050] logger_util.py->write_log line:61 [INFO] 请求头：{'X-Project': 'cade0634c4a44304911e8cfdb1b8f8b9'}
[2023-11-16 09:50:28,050] logger_util.py->write_log line:61 [INFO] 请求参数：{'enableArchive': True, 'archiveType': 1, 'intervalValue': 1, 'intervalUnit': 1, 'enableDeadZone': True, 'deadZoneType': 0, 'deadZoneThreshold': 10.15, 'enableMinInterval': True, 'minIntervalValue': 1, 'minIntervalUnit': 1}
[2023-11-16 09:50:28,050] logger_util.py->write_log line:61 [INFO] 文件上传：None
[2023-11-16 09:50:28,069] logger_util.py->write_log line:61 [INFO] 预期结果：[{'equals': {'status_code': 200}}]
[2023-11-16 09:50:28,069] logger_util.py->write_log line:61 [INFO] 实际结果：
[2023-11-16 09:50:28,069] logger_util.py->write_log line:61 [INFO] 接口请求成功！
[2023-11-16 09:50:28,069] logger_util.py->write_log line:61 [INFO] 
-------------接口请求结束-----------

[2023-11-16 09:50:28,074] logger_util.py->write_log line:61 [INFO] 
-------------接口请求开始-----------
[2023-11-16 09:50:28,074] logger_util.py->write_log line:61 [INFO] 接口名称：下发A2=20
[2023-11-16 09:50:28,074] logger_util.py->write_log line:61 [INFO] 接口方式：post
[2023-11-16 09:50:28,075] logger_util.py->write_log line:61 [INFO] 接口路径：http://127.0.0.1:18000/api/v1/variable/setvalues
[2023-11-16 09:50:28,075] logger_util.py->write_log line:61 [INFO] 请求头：{'X-Project': 'cade0634c4a44304911e8cfdb1b8f8b9', 'Authorization': 'Bearer eyJhbGciOiJIUzI1NiIsInR5cCI6IkpXVCJ9.eyJodHRwOi8vc2NoZW1hcy54bWxzb2FwLm9yZy93cy8yMDA1LzA1L2lkZW50aXR5L2NsYWltcy9uYW1lIjoiU3VwZXJBZG1pbiIsImh0dHA6Ly9zY2hlbWFzLnhtbHNvYXAub3JnL3dzLzIwMDUvMDUvaWRlbnRpdHkvY2xhaW1zL25hbWVpZGVudGlmaWVyIjoiU3VwZXJBZG1pbiIsImV4cCI6MTcwMDY0MzQzNiwiaXNzIjoiQ01TdjIiLCJhdWQiOiJBcGkifQ.t_fO-FkNoykuA18dAWBnTg49IOpNb0sOksTcxN_DfdU'}
[2023-11-16 09:50:28,075] logger_util.py->write_log line:61 [INFO] 请求参数：{'A2': '20'}
[2023-11-16 09:50:28,075] logger_util.py->write_log line:61 [INFO] 文件上传：None
[2023-11-16 09:50:28,090] logger_util.py->write_log line:61 [INFO] 预期结果：[{'equals': {'status_code': 200}}, {'equals': {'allSuccess': True}}]
[2023-11-16 09:50:28,090] logger_util.py->write_log line:61 [INFO] 实际结果：{'allSuccess': True, 'items': {'A2': {'value': 20, 'quality': 0, 'errorMsg': None}}}
[2023-11-16 09:50:28,090] logger_util.py->write_log line:61 [INFO] 接口请求成功！
[2023-11-16 09:50:28,090] logger_util.py->write_log line:61 [INFO] 
-------------接口请求结束-----------

[2023-11-16 09:50:29,115] logger_util.py->write_log line:61 [INFO] 
-------------接口请求开始-----------
[2023-11-16 09:50:29,115] logger_util.py->write_log line:61 [INFO] 接口名称：下发A10=20.273
[2023-11-16 09:50:29,116] logger_util.py->write_log line:61 [INFO] 接口方式：post
[2023-11-16 09:50:29,116] logger_util.py->write_log line:61 [INFO] 接口路径：http://127.0.0.1:18000/api/v1/variable/setvalues
[2023-11-16 09:50:29,116] logger_util.py->write_log line:61 [INFO] 请求头：{'X-Project': 'cade0634c4a44304911e8cfdb1b8f8b9', 'Authorization': 'Bearer eyJhbGciOiJIUzI1NiIsInR5cCI6IkpXVCJ9.eyJodHRwOi8vc2NoZW1hcy54bWxzb2FwLm9yZy93cy8yMDA1LzA1L2lkZW50aXR5L2NsYWltcy9uYW1lIjoiU3VwZXJBZG1pbiIsImh0dHA6Ly9zY2hlbWFzLnhtbHNvYXAub3JnL3dzLzIwMDUvMDUvaWRlbnRpdHkvY2xhaW1zL25hbWVpZGVudGlmaWVyIjoiU3VwZXJBZG1pbiIsImV4cCI6MTcwMDY0MzQzNiwiaXNzIjoiQ01TdjIiLCJhdWQiOiJBcGkifQ.t_fO-FkNoykuA18dAWBnTg49IOpNb0sOksTcxN_DfdU'}
[2023-11-16 09:50:29,116] logger_util.py->write_log line:61 [INFO] 请求参数：{'A10': '20.273'}
[2023-11-16 09:50:29,116] logger_util.py->write_log line:61 [INFO] 文件上传：None
[2023-11-16 09:50:29,125] logger_util.py->write_log line:61 [INFO] 预期结果：[{'equals': {'status_code': 200}}, {'equals': {'allSuccess': True}}]
[2023-11-16 09:50:29,125] logger_util.py->write_log line:61 [INFO] 实际结果：{'allSuccess': True, 'items': {'A10': {'value': 20.273, 'quality': 0, 'errorMsg': None}}}
[2023-11-16 09:50:29,125] logger_util.py->write_log line:61 [INFO] 接口请求成功！
[2023-11-16 09:50:29,125] logger_util.py->write_log line:61 [INFO] 
-------------接口请求结束-----------

[2023-11-16 09:50:30,137] logger_util.py->write_log line:61 [INFO] 
-------------接口请求开始-----------
[2023-11-16 09:50:30,137] logger_util.py->write_log line:61 [INFO] 接口名称：下发A2=21
[2023-11-16 09:50:30,137] logger_util.py->write_log line:61 [INFO] 接口方式：post
[2023-11-16 09:50:30,137] logger_util.py->write_log line:61 [INFO] 接口路径：http://127.0.0.1:18000/api/v1/variable/setvalues
[2023-11-16 09:50:30,137] logger_util.py->write_log line:61 [INFO] 请求头：{'X-Project': 'cade0634c4a44304911e8cfdb1b8f8b9', 'Authorization': 'Bearer eyJhbGciOiJIUzI1NiIsInR5cCI6IkpXVCJ9.eyJodHRwOi8vc2NoZW1hcy54bWxzb2FwLm9yZy93cy8yMDA1LzA1L2lkZW50aXR5L2NsYWltcy9uYW1lIjoiU3VwZXJBZG1pbiIsImh0dHA6Ly9zY2hlbWFzLnhtbHNvYXAub3JnL3dzLzIwMDUvMDUvaWRlbnRpdHkvY2xhaW1zL25hbWVpZGVudGlmaWVyIjoiU3VwZXJBZG1pbiIsImV4cCI6MTcwMDY0MzQzNiwiaXNzIjoiQ01TdjIiLCJhdWQiOiJBcGkifQ.t_fO-FkNoykuA18dAWBnTg49IOpNb0sOksTcxN_DfdU'}
[2023-11-16 09:50:30,137] logger_util.py->write_log line:61 [INFO] 请求参数：{'A2': '21'}
[2023-11-16 09:50:30,137] logger_util.py->write_log line:61 [INFO] 文件上传：None
[2023-11-16 09:50:30,148] logger_util.py->write_log line:61 [INFO] 预期结果：[{'equals': {'status_code': 200}}, {'equals': {'allSuccess': True}}]
[2023-11-16 09:50:30,148] logger_util.py->write_log line:61 [INFO] 实际结果：{'allSuccess': True, 'items': {'A2': {'value': 21, 'quality': 0, 'errorMsg': None}}}
[2023-11-16 09:50:30,148] logger_util.py->write_log line:61 [INFO] 接口请求成功！
[2023-11-16 09:50:30,149] logger_util.py->write_log line:61 [INFO] 
-------------接口请求结束-----------

[2023-11-16 09:50:31,166] logger_util.py->write_log line:61 [INFO] 
-------------接口请求开始-----------
[2023-11-16 09:50:31,167] logger_util.py->write_log line:61 [INFO] 接口名称：下发A10=20.283
[2023-11-16 09:50:31,167] logger_util.py->write_log line:61 [INFO] 接口方式：post
[2023-11-16 09:50:31,167] logger_util.py->write_log line:61 [INFO] 接口路径：http://127.0.0.1:18000/api/v1/variable/setvalues
[2023-11-16 09:50:31,167] logger_util.py->write_log line:61 [INFO] 请求头：{'X-Project': 'cade0634c4a44304911e8cfdb1b8f8b9', 'Authorization': 'Bearer eyJhbGciOiJIUzI1NiIsInR5cCI6IkpXVCJ9.eyJodHRwOi8vc2NoZW1hcy54bWxzb2FwLm9yZy93cy8yMDA1LzA1L2lkZW50aXR5L2NsYWltcy9uYW1lIjoiU3VwZXJBZG1pbiIsImh0dHA6Ly9zY2hlbWFzLnhtbHNvYXAub3JnL3dzLzIwMDUvMDUvaWRlbnRpdHkvY2xhaW1zL25hbWVpZGVudGlmaWVyIjoiU3VwZXJBZG1pbiIsImV4cCI6MTcwMDY0MzQzNiwiaXNzIjoiQ01TdjIiLCJhdWQiOiJBcGkifQ.t_fO-FkNoykuA18dAWBnTg49IOpNb0sOksTcxN_DfdU'}
[2023-11-16 09:50:31,167] logger_util.py->write_log line:61 [INFO] 请求参数：{'A10': '20.283'}
[2023-11-16 09:50:31,167] logger_util.py->write_log line:61 [INFO] 文件上传：None
[2023-11-16 09:50:31,176] logger_util.py->write_log line:61 [INFO] 预期结果：[{'equals': {'status_code': 200}}, {'equals': {'allSuccess': True}}]
[2023-11-16 09:50:31,177] logger_util.py->write_log line:61 [INFO] 实际结果：{'allSuccess': True, 'items': {'A10': {'value': 20.283, 'quality': 0, 'errorMsg': None}}}
[2023-11-16 09:50:31,177] logger_util.py->write_log line:61 [INFO] 接口请求成功！
[2023-11-16 09:50:31,177] logger_util.py->write_log line:61 [INFO] 
-------------接口请求结束-----------

[2023-11-16 09:50:32,195] logger_util.py->write_log line:61 [INFO] 
-------------接口请求开始-----------
[2023-11-16 09:50:32,195] logger_util.py->write_log line:61 [INFO] 接口名称：查询历史数据（变化触发）
[2023-11-16 09:50:32,195] logger_util.py->write_log line:61 [INFO] 接口方式：post
[2023-11-16 09:50:32,195] logger_util.py->write_log line:61 [INFO] 接口路径：http://127.0.0.1:18000/api/v1/data/aggregate
[2023-11-16 09:50:32,195] logger_util.py->write_log line:61 [INFO] 请求头：{'X-Project': 'cade0634c4a44304911e8cfdb1b8f8b9'}
[2023-11-16 09:50:32,195] logger_util.py->write_log line:61 [INFO] 请求参数：{'dataSetId': 'history', 'dimensions': [{'aliasName': '', 'fieldName': '0', 'sort': 2, 'timeFormat': 'yyyy-MM-dd HH:mm:ss'}], 'measures': [{'aliasName': '', 'fieldName': '19', 'mode': 4, 'dataFormat': 0, 'sort': 0, 'mergeType': 0}, {'aliasName': '', 'fieldName': '20', 'mode': 4, 'dataFormat': 0, 'sort': 0, 'mergeType': 0}, {'aliasName': '', 'fieldName': '28', 'mode': 4, 'dataFormat': 0, 'sort': 0, 'mergeType': 0}, {'aliasName': '', 'fieldName': '30', 'mode': 4, 'dataFormat': 0, 'sort': 0, 'mergeType': 0}], 'filters': [], 'total': False, 'pageSize': None, 'pageIndex': None, 'limit': 10000, 'noAggregation': False, 'noDimensions': False, 'whereJson': ''}
[2023-11-16 09:50:32,195] logger_util.py->write_log line:61 [INFO] 文件上传：None
[2023-11-16 09:50:32,226] logger_util.py->error_log line:65 [INFO] 断言失败:A2(4)不等于21
[2023-11-16 09:50:32,227] logger_util.py->write_log line:61 [INFO] 实际结果：{'values': [{'A1(4)': '1', 'A2(4)': '10', 'A10(4)': '10.123', 'A12(4)': '中文', '记录时间': '2023-11-16 09:50:22'}, {'A1(4)': '1', 'A2(4)': '10', 'A10(4)': '10.123', 'A12(4)': '中文', '记录时间': '2023-11-16 09:50:21'}, {'A1(4)': '1', 'A2(4)': '10', 'A10(4)': '10.123', 'A12(4)': '中文', '记录时间': '2023-11-16 09:50:20'}, {'A1(4)': '1', 'A2(4)': '10', 'A10(4)': '10.123', 'A12(4)': '中文', '记录时间': '2023-11-16 09:50:19'}, {'A1(4)': '1', 'A2(4)': '10', 'A10(4)': '10.123', 'A12(4)': '中文', '记录时间': '2023-11-16 09:50:18'}], 'mapping': [{'id': '19', 'name': 'A1(4)', 'aliasName': '', 'fieldName': 'A1', 'method': 4}, {'id': '20', 'name': 'A2(4)', 'aliasName': '', 'fieldName': 'A2', 'method': 4}, {'id': '28', 'name': 'A10(4)', 'aliasName': '', 'fieldName': 'A10', 'method': 4}, {'id': '30', 'name': 'A12(4)', 'aliasName': '', 'fieldName': 'A12', 'method': 4}, {'id': '_time', 'name': '_time', 'aliasName': '', 'fieldName': '_time', 'method': None}], 'queryTranslateResult': [{'queryString': '\r\na0 = from(bucket: "cade0634c4a44304911e8cfdb1b8f8b9")\r\n  |> range(start: 0, stop: now())\r\n  |> filter(fn: (r) => r["_measurement"] == "variables" and r["_field"]=="lval" and r["variable"] == "19")\r\n\r\n  |> group(columns: ["_measurement"])\r\n\n  |> limit(n: 10000)\n  |> set(key: "_field", value: "val")\n  |> toString()\r\n\r\na1 = from(bucket: "cade0634c4a44304911e8cfdb1b8f8b9")\r\n  |> range(start: 0, stop: now())\r\n  |> filter(fn: (r) => r["_measurement"] == "variables" and r["_field"]=="lval" and r["variable"] == "20")\r\n\r\n  |> group(columns: ["_measurement"])\r\n\n  |> limit(n: 10000)\n  |> set(key: "_field", value: "val")\n  |> toString()\r\n\r\na2 = from(bucket: "cade0634c4a44304911e8cfdb1b8f8b9")\r\n  |> range(start: 0, stop: now())\r\n  |> filter(fn: (r) => r["_measurement"] == "variables" and r["_field"]=="fval" and r["variable"] == "28")\r\n\r\n  |> group(columns: ["_measurement"])\r\n\n  |> limit(n: 10000)\n  |> set(key: "_field", value: "val")\n  |> toString()\r\n\r\na3 = from(bucket: "cade0634c4a44304911e8cfdb1b8f8b9")\r\n  |> range(start: 0, stop: now())\r\n  |> filter(fn: (r) => r["_measurement"] == "variables" and r["_field"]=="sval" and r["variable"] == "30")\r\n\r\n  |> group(columns: ["_measurement"])\r\n\n  |> limit(n: 10000)\n  |> set(key: "_field", value: "val")\n  |> toString()\r\n\r\nall = union(tables: [a0,a1,a2,a3])\r\n\r\n\r\nresult = all\r\n  |> pivot(rowKey:["_time"], columnKey: ["variable"], valueColumn: "_value")\r\n\r\n  |> sort(columns: ["_time"],desc:true)\r\n  |> rename(fn: (column) => if column=="19" then "M0" else if column=="20" then "M1" else if column=="28" then "M2" else if column=="30" then "M3" else column)\r\nresult\r\n', 'args': {}}], 'consuming': {'qcs': [20.0173]}, 'total': None}
[2023-11-16 09:50:32,227] logger_util.py->write_log line:61 [INFO] 接口请求失败！
[2023-11-16 09:50:32,227] logger_util.py->write_log line:61 [INFO] -------------接口请求结束-----------

[2023-11-16 09:50:32,227] logger_util.py->error_log line:65 [INFO] 断言异常：异常信息: Traceback (most recent call last):
  File "E:\Project_python\api_cms\common\requests_util.py", line 370, in validate_result
    error_log("断言失败:" + assert_key + "不等于" + str(assert_value))
  File "E:\Project_python\api_cms\common\logger_util.py", line 66, in error_log
    raise Exception(log_message)
Exception: 断言失败:A2(4)不等于21

[2023-11-16 09:50:32,228] logger_util.py->error_log line:65 [INFO] 分析YAML文件异常：异常信息: Traceback (most recent call last):
  File "E:\Project_python\api_cms\common\requests_util.py", line 370, in validate_result
    error_log("断言失败:" + assert_key + "不等于" + str(assert_value))
  File "E:\Project_python\api_cms\common\logger_util.py", line 66, in error_log
    raise Exception(log_message)
Exception: 断言失败:A2(4)不等于21

During handling of the above exception, another exception occurred:

Traceback (most recent call last):
  File "E:\Project_python\api_cms\common\requests_util.py", line 238, in analysis_yaml
    self.validate_result(yq_result, return_data, status_code)
  File "E:\Project_python\api_cms\common\requests_util.py", line 437, in validate_result
    error_log("断言异常：异常信息: %s" % str(traceback.format_exc()))
  File "E:\Project_python\api_cms\common\logger_util.py", line 66, in error_log
    raise Exception(log_message)
Exception: 断言异常：异常信息: Traceback (most recent call last):
  File "E:\Project_python\api_cms\common\requests_util.py", line 370, in validate_result
    error_log("断言失败:" + assert_key + "不等于" + str(assert_value))
  File "E:\Project_python\api_cms\common\logger_util.py", line 66, in error_log
    raise Exception(log_message)
Exception: 断言失败:A2(4)不等于21


