[2023-11-08 14:13:08,782] logger_util.py->write_log line:61 [INFO] 
-------------接口请求开始-----------
[2023-11-08 14:13:08,782] logger_util.py->write_log line:61 [INFO] 接口名称：创建画面节点
[2023-11-08 14:13:08,782] logger_util.py->write_log line:61 [INFO] 接口方式：post
[2023-11-08 14:13:08,782] logger_util.py->write_log line:61 [INFO] 接口路径：http://127.0.0.1:18000/api/v1/view/node?copyFrom=
[2023-11-08 14:13:08,782] logger_util.py->write_log line:61 [INFO] 请求头：{'Content-Type': 'application/json;charset=UTF-8', 'X-Project': 'cade0634c4a44304911e8cfdb1b8f8b9'}
[2023-11-08 14:13:08,783] logger_util.py->write_log line:61 [INFO] 请求参数：{'name': '新建页面571', 'parentId': None, 'type': 1, 'sort': 1}
[2023-11-08 14:13:08,783] logger_util.py->write_log line:61 [INFO] 文件上传：None
[2023-11-08 14:13:08,843] logger_util.py->write_log line:61 [INFO] 预期结果：[{'equals': {'status_code': 200}}]
[2023-11-08 14:13:08,843] logger_util.py->write_log line:61 [INFO] 实际结果：18
[2023-11-08 14:13:08,844] logger_util.py->write_log line:61 [INFO] 接口请求成功！
[2023-11-08 14:13:08,844] logger_util.py->write_log line:61 [INFO] 
-------------接口请求结束-----------

[2023-11-08 14:13:08,854] logger_util.py->write_log line:61 [INFO] 
-------------接口请求开始-----------
[2023-11-08 14:13:08,854] logger_util.py->write_log line:61 [INFO] 接口名称：获取画面节点
[2023-11-08 14:13:08,854] logger_util.py->write_log line:61 [INFO] 接口方式：get
[2023-11-08 14:13:08,854] logger_util.py->write_log line:61 [INFO] 接口路径：http://127.0.0.1:18000/api/v1/view/content/18
[2023-11-08 14:13:08,854] logger_util.py->write_log line:61 [INFO] 请求头：{'Content-Type': 'application/json;charset=UTF-8', 'X-Project': 'cade0634c4a44304911e8cfdb1b8f8b9'}
[2023-11-08 14:13:08,855] logger_util.py->write_log line:61 [INFO] 文件上传：None
[2023-11-08 14:13:08,867] logger_util.py->write_log line:61 [INFO] 预期结果：[{'equals': {'status_code': 200}}]
[2023-11-08 14:13:08,867] logger_util.py->write_log line:61 [INFO] 实际结果：{'name': '新建页面571', 'id': 18, 'content': '', 'permissions': None, 'statistics': None, 'hasEvent': False, 'createTime': '2023-11-08T14:13:08.8663719+08:00', 'updateTime': '2023-11-08T14:13:08.8663716+08:00'}
[2023-11-08 14:13:08,867] logger_util.py->write_log line:61 [INFO] 接口请求成功！
[2023-11-08 14:13:08,867] logger_util.py->write_log line:61 [INFO] 
-------------接口请求结束-----------

[2023-11-08 14:13:08,873] logger_util.py->write_log line:61 [INFO] 
-------------接口请求开始-----------
[2023-11-08 14:13:08,873] logger_util.py->write_log line:61 [INFO] 接口名称：获取所有画面节点
[2023-11-08 14:13:08,873] logger_util.py->write_log line:61 [INFO] 接口方式：get
[2023-11-08 14:13:08,873] logger_util.py->write_log line:61 [INFO] 接口路径：http://127.0.0.1:18000/api/v1/view/node
[2023-11-08 14:13:08,873] logger_util.py->write_log line:61 [INFO] 请求头：{'Content-Type': 'application/json;charset=UTF-8', 'X-Project': 'cade0634c4a44304911e8cfdb1b8f8b9'}
[2023-11-08 14:13:08,873] logger_util.py->write_log line:61 [INFO] 文件上传：None
[2023-11-08 14:13:08,879] logger_util.py->write_log line:61 [INFO] 预期结果：[{'equals': {'status_code': 200}}]
[2023-11-08 14:13:08,879] logger_util.py->write_log line:61 [INFO] 实际结果：[{'id': 18, 'parentId': None, 'name': '新建页面571', 'type': 1, 'sort': 1, 'createTime': '2023-11-08T14:13:08.7902808', 'updateTime': '2023-11-08T14:13:08.8105754'}, {'id': 13, 'parentId': None, 'name': '新建页面251', 'type': 1, 'sort': 3, 'createTime': '2023-11-08T14:10:51.6708201', 'updateTime': '2023-11-08T14:13:08.8262561'}, {'id': 14, 'parentId': None, 'name': '新建页面299', 'type': 1, 'sort': 6, 'createTime': '2023-11-08T14:10:51.9768757', 'updateTime': '2023-11-08T14:13:08.8262563'}, {'id': 15, 'parentId': None, 'name': '新建页面762', 'type': 1, 'sort': 4, 'createTime': '2023-11-08T14:10:52.1101942', 'updateTime': '2023-11-08T14:13:08.8262564'}, {'id': 16, 'parentId': None, 'name': '新建页面117', 'type': 1, 'sort': 5, 'createTime': '2023-11-08T14:10:52.1924592', 'updateTime': '2023-11-08T14:13:08.8262564'}, {'id': 17, 'parentId': None, 'name': '子画面364', 'type': 1, 'sort': 2, 'createTime': '2023-11-08T14:10:52.3098813', 'updateTime': '2023-11-08T14:13:08.8262564'}]
[2023-11-08 14:13:08,879] logger_util.py->write_log line:61 [INFO] 接口请求成功！
[2023-11-08 14:13:08,879] logger_util.py->write_log line:61 [INFO] 
-------------接口请求结束-----------

[2023-11-08 14:13:08,885] logger_util.py->write_log line:61 [INFO] 
-------------接口请求开始-----------
[2023-11-08 14:13:08,885] logger_util.py->write_log line:61 [INFO] 接口名称：获取画面节点树
[2023-11-08 14:13:08,885] logger_util.py->write_log line:61 [INFO] 接口方式：get
[2023-11-08 14:13:08,885] logger_util.py->write_log line:61 [INFO] 接口路径：http://127.0.0.1:18000/api/v1/view/node/tree
[2023-11-08 14:13:08,885] logger_util.py->write_log line:61 [INFO] 请求头：{'Content-Type': 'application/json;charset=UTF-8', 'X-Project': 'cade0634c4a44304911e8cfdb1b8f8b9'}
[2023-11-08 14:13:08,885] logger_util.py->write_log line:61 [INFO] 文件上传：None
[2023-11-08 14:13:08,907] logger_util.py->write_log line:61 [INFO] 预期结果：[{'equals': {'status_code': 200}}]
[2023-11-08 14:13:08,908] logger_util.py->write_log line:61 [INFO] 实际结果：[{'child': [], 'hasEvent': False, 'id': 18, 'parentId': None, 'name': '新建页面571', 'type': 1, 'sort': 1, 'createTime': '0001-01-01T00:00:00', 'updateTime': '2023-11-08T14:13:08.8105754'}, {'child': [], 'hasEvent': False, 'id': 17, 'parentId': None, 'name': '子画面364', 'type': 1, 'sort': 2, 'createTime': '0001-01-01T00:00:00', 'updateTime': '2023-11-08T14:13:08.8262564'}, {'child': [], 'hasEvent': False, 'id': 13, 'parentId': None, 'name': '新建页面251', 'type': 1, 'sort': 3, 'createTime': '0001-01-01T00:00:00', 'updateTime': '2023-11-08T14:13:08.8262561'}, {'child': [], 'hasEvent': False, 'id': 15, 'parentId': None, 'name': '新建页面762', 'type': 1, 'sort': 4, 'createTime': '0001-01-01T00:00:00', 'updateTime': '2023-11-08T14:13:08.8262564'}, {'child': [], 'hasEvent': False, 'id': 16, 'parentId': None, 'name': '新建页面117', 'type': 1, 'sort': 5, 'createTime': '0001-01-01T00:00:00', 'updateTime': '2023-11-08T14:13:08.8262564'}, {'child': [], 'hasEvent': False, 'id': 14, 'parentId': None, 'name': '新建页面299', 'type': 1, 'sort': 6, 'createTime': '0001-01-01T00:00:00', 'updateTime': '2023-11-08T14:13:08.8262563'}]
[2023-11-08 14:13:08,908] logger_util.py->write_log line:61 [INFO] 接口请求成功！
[2023-11-08 14:13:08,908] logger_util.py->write_log line:61 [INFO] 
-------------接口请求结束-----------

[2023-11-08 14:13:08,914] logger_util.py->write_log line:61 [INFO] 
-------------接口请求开始-----------
[2023-11-08 14:13:08,914] logger_util.py->write_log line:61 [INFO] 接口名称：获取所有画面子节点
[2023-11-08 14:13:08,914] logger_util.py->write_log line:61 [INFO] 接口方式：get
[2023-11-08 14:13:08,914] logger_util.py->write_log line:61 [INFO] 接口路径：http://127.0.0.1:18000/api/v1/view/node/subs
[2023-11-08 14:13:08,914] logger_util.py->write_log line:61 [INFO] 请求头：{'Content-Type': 'application/json;charset=UTF-8', 'X-Project': 'cade0634c4a44304911e8cfdb1b8f8b9'}
[2023-11-08 14:13:08,914] logger_util.py->write_log line:61 [INFO] 文件上传：None
[2023-11-08 14:13:08,919] logger_util.py->write_log line:61 [INFO] 预期结果：[{'equals': {'status_code': 200}}]
[2023-11-08 14:13:08,919] logger_util.py->write_log line:61 [INFO] 实际结果：[{'id': 18, 'parentId': None, 'name': '新建页面571', 'type': 1, 'sort': 1, 'createTime': '2023-11-08T14:13:08.7902808', 'updateTime': '2023-11-08T14:13:08.8105754'}, {'id': 17, 'parentId': None, 'name': '子画面364', 'type': 1, 'sort': 2, 'createTime': '2023-11-08T14:10:52.3098813', 'updateTime': '2023-11-08T14:13:08.8262564'}, {'id': 13, 'parentId': None, 'name': '新建页面251', 'type': 1, 'sort': 3, 'createTime': '2023-11-08T14:10:51.6708201', 'updateTime': '2023-11-08T14:13:08.8262561'}, {'id': 15, 'parentId': None, 'name': '新建页面762', 'type': 1, 'sort': 4, 'createTime': '2023-11-08T14:10:52.1101942', 'updateTime': '2023-11-08T14:13:08.8262564'}, {'id': 16, 'parentId': None, 'name': '新建页面117', 'type': 1, 'sort': 5, 'createTime': '2023-11-08T14:10:52.1924592', 'updateTime': '2023-11-08T14:13:08.8262564'}, {'id': 14, 'parentId': None, 'name': '新建页面299', 'type': 1, 'sort': 6, 'createTime': '2023-11-08T14:10:51.9768757', 'updateTime': '2023-11-08T14:13:08.8262563'}]
[2023-11-08 14:13:08,919] logger_util.py->write_log line:61 [INFO] 接口请求成功！
[2023-11-08 14:13:08,919] logger_util.py->write_log line:61 [INFO] 
-------------接口请求结束-----------

[2023-11-08 14:13:08,927] logger_util.py->write_log line:61 [INFO] 
-------------接口请求开始-----------
[2023-11-08 14:13:08,927] logger_util.py->write_log line:61 [INFO] 接口名称：编辑画面节点
[2023-11-08 14:13:08,927] logger_util.py->write_log line:61 [INFO] 接口方式：put
[2023-11-08 14:13:08,927] logger_util.py->write_log line:61 [INFO] 接口路径：http://127.0.0.1:18000/api/v1/view/node/18
[2023-11-08 14:13:08,927] logger_util.py->write_log line:61 [INFO] 请求头：{'Content-Type': 'application/json;charset=UTF-8', 'X-Project': 'cade0634c4a44304911e8cfdb1b8f8b9'}
[2023-11-08 14:13:08,927] logger_util.py->write_log line:61 [INFO] 请求参数：{'name': '重命名画面371', 'parentId': None, 'type': 1}
[2023-11-08 14:13:08,927] logger_util.py->write_log line:61 [INFO] 文件上传：None
[2023-11-08 14:13:08,950] logger_util.py->write_log line:61 [INFO] 预期结果：[{'equals': {'status_code': 200}}]
[2023-11-08 14:13:08,950] logger_util.py->write_log line:61 [INFO] 实际结果：18
[2023-11-08 14:13:08,950] logger_util.py->write_log line:61 [INFO] 接口请求成功！
[2023-11-08 14:13:08,950] logger_util.py->write_log line:61 [INFO] 
-------------接口请求结束-----------

[2023-11-08 14:13:08,957] logger_util.py->write_log line:61 [INFO] 
-------------接口请求开始-----------
[2023-11-08 14:13:08,957] logger_util.py->write_log line:61 [INFO] 接口名称：创建画面节点
[2023-11-08 14:13:08,957] logger_util.py->write_log line:61 [INFO] 接口方式：post
[2023-11-08 14:13:08,957] logger_util.py->write_log line:61 [INFO] 接口路径：http://127.0.0.1:18000/api/v1/view/node?copyFrom=
[2023-11-08 14:13:08,957] logger_util.py->write_log line:61 [INFO] 请求头：{'Content-Type': 'application/json;charset=UTF-8', 'X-Project': 'cade0634c4a44304911e8cfdb1b8f8b9'}
[2023-11-08 14:13:08,957] logger_util.py->write_log line:61 [INFO] 请求参数：{'name': '新建页面835', 'parentId': None, 'type': 1, 'sort': 2}
[2023-11-08 14:13:08,958] logger_util.py->write_log line:61 [INFO] 文件上传：None
[2023-11-08 14:13:09,013] logger_util.py->write_log line:61 [INFO] 预期结果：[{'equals': {'status_code': 200}}]
[2023-11-08 14:13:09,014] logger_util.py->write_log line:61 [INFO] 实际结果：19
[2023-11-08 14:13:09,014] logger_util.py->write_log line:61 [INFO] 接口请求成功！
[2023-11-08 14:13:09,014] logger_util.py->write_log line:61 [INFO] 
-------------接口请求结束-----------

[2023-11-08 14:13:09,041] logger_util.py->error_log line:65 [INFO] 发送请求异常：异常信息: Traceback (most recent call last):
  File "E:\Project_python\api_cms\common\requests_util.py", line 302, in send_request
    self.base_url = self.replace_load(self.base_url) + self.replace_load(url)
  File "E:\Project_python\api_cms\common\requests_util.py", line 142, in replace_load
    new_value = getattr(DubugTalk(), func_name)(*args_value.split(','))
  File "E:\Project_python\api_cms\debug_talk.py", line 26, in get_extract_data
    return read_extract_file(node_name)
  File "E:\Project_python\api_cms\common\yaml_util.py", line 19, in read_extract_file
    return value[one_node]
KeyError: 'view_delete_id'

[2023-11-08 14:13:09,042] logger_util.py->error_log line:65 [INFO] 分析YAML文件异常：异常信息: Traceback (most recent call last):
  File "E:\Project_python\api_cms\common\requests_util.py", line 302, in send_request
    self.base_url = self.replace_load(self.base_url) + self.replace_load(url)
  File "E:\Project_python\api_cms\common\requests_util.py", line 142, in replace_load
    new_value = getattr(DubugTalk(), func_name)(*args_value.split(','))
  File "E:\Project_python\api_cms\debug_talk.py", line 26, in get_extract_data
    return read_extract_file(node_name)
  File "E:\Project_python\api_cms\common\yaml_util.py", line 19, in read_extract_file
    return value[one_node]
KeyError: 'view_delete_id'

During handling of the above exception, another exception occurred:

Traceback (most recent call last):
  File "E:\Project_python\api_cms\common\requests_util.py", line 189, in analysis_yaml
    res = self.send_request(name =name,method=method,
  File "E:\Project_python\api_cms\common\requests_util.py", line 328, in send_request
    error_log("发送请求异常：异常信息: %s" % str(traceback.format_exc()))
  File "E:\Project_python\api_cms\common\logger_util.py", line 66, in error_log
    raise Exception(log_message)
Exception: 发送请求异常：异常信息: Traceback (most recent call last):
  File "E:\Project_python\api_cms\common\requests_util.py", line 302, in send_request
    self.base_url = self.replace_load(self.base_url) + self.replace_load(url)
  File "E:\Project_python\api_cms\common\requests_util.py", line 142, in replace_load
    new_value = getattr(DubugTalk(), func_name)(*args_value.split(','))
  File "E:\Project_python\api_cms\debug_talk.py", line 26, in get_extract_data
    return read_extract_file(node_name)
  File "E:\Project_python\api_cms\common\yaml_util.py", line 19, in read_extract_file
    return value[one_node]
KeyError: 'view_delete_id'


[2023-11-08 14:13:09,297] logger_util.py->write_log line:61 [INFO] 
-------------接口请求开始-----------
[2023-11-08 14:13:09,297] logger_util.py->write_log line:61 [INFO] 接口名称：创建画面节点1
[2023-11-08 14:13:09,297] logger_util.py->write_log line:61 [INFO] 接口方式：post
[2023-11-08 14:13:09,297] logger_util.py->write_log line:61 [INFO] 接口路径：http://127.0.0.1:18000/api/v1/view/node?copyFrom=
[2023-11-08 14:13:09,297] logger_util.py->write_log line:61 [INFO] 请求头：{'Content-Type': 'application/json;charset=UTF-8', 'X-Project': 'cade0634c4a44304911e8cfdb1b8f8b9'}
[2023-11-08 14:13:09,297] logger_util.py->write_log line:61 [INFO] 请求参数：{'name': '新建页面875', 'parentId': None, 'type': 1, 'sort': 2}
[2023-11-08 14:13:09,297] logger_util.py->write_log line:61 [INFO] 文件上传：None
[2023-11-08 14:13:09,359] logger_util.py->write_log line:61 [INFO] 预期结果：[{'equals': {'status_code': 200}}]
[2023-11-08 14:13:09,360] logger_util.py->write_log line:61 [INFO] 实际结果：20
[2023-11-08 14:13:09,360] logger_util.py->write_log line:61 [INFO] 接口请求成功！
[2023-11-08 14:13:09,360] logger_util.py->write_log line:61 [INFO] 
-------------接口请求结束-----------

[2023-11-08 14:13:09,366] logger_util.py->write_log line:61 [INFO] 
-------------接口请求开始-----------
[2023-11-08 14:13:09,366] logger_util.py->write_log line:61 [INFO] 接口名称：创建画面节点2
[2023-11-08 14:13:09,366] logger_util.py->write_log line:61 [INFO] 接口方式：post
[2023-11-08 14:13:09,366] logger_util.py->write_log line:61 [INFO] 接口路径：http://127.0.0.1:18000/api/v1/view/node?copyFrom=
[2023-11-08 14:13:09,366] logger_util.py->write_log line:61 [INFO] 请求头：{'Content-Type': 'application/json;charset=UTF-8', 'X-Project': 'cade0634c4a44304911e8cfdb1b8f8b9'}
[2023-11-08 14:13:09,367] logger_util.py->write_log line:61 [INFO] 请求参数：{'name': '新建页面627', 'parentId': None, 'type': 1, 'sort': 3}
[2023-11-08 14:13:09,367] logger_util.py->write_log line:61 [INFO] 文件上传：None
[2023-11-08 14:13:09,424] logger_util.py->write_log line:61 [INFO] 预期结果：[{'equals': {'status_code': 200}}]
[2023-11-08 14:13:09,425] logger_util.py->write_log line:61 [INFO] 实际结果：21
[2023-11-08 14:13:09,425] logger_util.py->write_log line:61 [INFO] 接口请求成功！
[2023-11-08 14:13:09,425] logger_util.py->write_log line:61 [INFO] 
-------------接口请求结束-----------

[2023-11-08 14:13:09,432] logger_util.py->error_log line:65 [INFO] 发送请求异常：异常信息: Traceback (most recent call last):
  File "E:\Project_python\api_cms\common\requests_util.py", line 309, in send_request
    kwargs[key] = self.replace_load(value)
  File "E:\Project_python\api_cms\common\requests_util.py", line 142, in replace_load
    new_value = getattr(DubugTalk(), func_name)(*args_value.split(','))
  File "E:\Project_python\api_cms\debug_talk.py", line 26, in get_extract_data
    return read_extract_file(node_name)
  File "E:\Project_python\api_cms\common\yaml_util.py", line 19, in read_extract_file
    return value[one_node]
KeyError: 'view_delete_id1'

[2023-11-08 14:13:09,432] logger_util.py->error_log line:65 [INFO] 分析YAML文件异常：异常信息: Traceback (most recent call last):
  File "E:\Project_python\api_cms\common\requests_util.py", line 309, in send_request
    kwargs[key] = self.replace_load(value)
  File "E:\Project_python\api_cms\common\requests_util.py", line 142, in replace_load
    new_value = getattr(DubugTalk(), func_name)(*args_value.split(','))
  File "E:\Project_python\api_cms\debug_talk.py", line 26, in get_extract_data
    return read_extract_file(node_name)
  File "E:\Project_python\api_cms\common\yaml_util.py", line 19, in read_extract_file
    return value[one_node]
KeyError: 'view_delete_id1'

During handling of the above exception, another exception occurred:

Traceback (most recent call last):
  File "E:\Project_python\api_cms\common\requests_util.py", line 189, in analysis_yaml
    res = self.send_request(name =name,method=method,
  File "E:\Project_python\api_cms\common\requests_util.py", line 328, in send_request
    error_log("发送请求异常：异常信息: %s" % str(traceback.format_exc()))
  File "E:\Project_python\api_cms\common\logger_util.py", line 66, in error_log
    raise Exception(log_message)
Exception: 发送请求异常：异常信息: Traceback (most recent call last):
  File "E:\Project_python\api_cms\common\requests_util.py", line 309, in send_request
    kwargs[key] = self.replace_load(value)
  File "E:\Project_python\api_cms\common\requests_util.py", line 142, in replace_load
    new_value = getattr(DubugTalk(), func_name)(*args_value.split(','))
  File "E:\Project_python\api_cms\debug_talk.py", line 26, in get_extract_data
    return read_extract_file(node_name)
  File "E:\Project_python\api_cms\common\yaml_util.py", line 19, in read_extract_file
    return value[one_node]
KeyError: 'view_delete_id1'


[2023-11-08 14:13:09,480] logger_util.py->write_log line:61 [INFO] 
-------------接口请求开始-----------
[2023-11-08 14:13:09,481] logger_util.py->write_log line:61 [INFO] 接口名称：创建画面节点3
[2023-11-08 14:13:09,481] logger_util.py->write_log line:61 [INFO] 接口方式：post
[2023-11-08 14:13:09,481] logger_util.py->write_log line:61 [INFO] 接口路径：http://127.0.0.1:18000/api/v1/view/node?copyFrom=
[2023-11-08 14:13:09,481] logger_util.py->write_log line:61 [INFO] 请求头：{'Content-Type': 'application/json;charset=UTF-8', 'X-Project': 'cade0634c4a44304911e8cfdb1b8f8b9'}
[2023-11-08 14:13:09,481] logger_util.py->write_log line:61 [INFO] 请求参数：{'name': '子画面560', 'parentId': None, 'type': 1, 'sort': 1}
[2023-11-08 14:13:09,481] logger_util.py->write_log line:61 [INFO] 文件上传：None
[2023-11-08 14:13:09,543] logger_util.py->write_log line:61 [INFO] 预期结果：[{'equals': {'status_code': 200}}]
[2023-11-08 14:13:09,543] logger_util.py->write_log line:61 [INFO] 实际结果：22
[2023-11-08 14:13:09,543] logger_util.py->write_log line:61 [INFO] 接口请求成功！
[2023-11-08 14:13:09,543] logger_util.py->write_log line:61 [INFO] 
-------------接口请求结束-----------

[2023-11-08 14:13:09,550] logger_util.py->error_log line:65 [INFO] 发送请求异常：异常信息: Traceback (most recent call last):
  File "E:\Project_python\api_cms\common\requests_util.py", line 302, in send_request
    self.base_url = self.replace_load(self.base_url) + self.replace_load(url)
  File "E:\Project_python\api_cms\common\requests_util.py", line 142, in replace_load
    new_value = getattr(DubugTalk(), func_name)(*args_value.split(','))
  File "E:\Project_python\api_cms\debug_talk.py", line 26, in get_extract_data
    return read_extract_file(node_name)
  File "E:\Project_python\api_cms\common\yaml_util.py", line 19, in read_extract_file
    return value[one_node]
KeyError: 'view_id1'

[2023-11-08 14:13:09,551] logger_util.py->error_log line:65 [INFO] 分析YAML文件异常：异常信息: Traceback (most recent call last):
  File "E:\Project_python\api_cms\common\requests_util.py", line 302, in send_request
    self.base_url = self.replace_load(self.base_url) + self.replace_load(url)
  File "E:\Project_python\api_cms\common\requests_util.py", line 142, in replace_load
    new_value = getattr(DubugTalk(), func_name)(*args_value.split(','))
  File "E:\Project_python\api_cms\debug_talk.py", line 26, in get_extract_data
    return read_extract_file(node_name)
  File "E:\Project_python\api_cms\common\yaml_util.py", line 19, in read_extract_file
    return value[one_node]
KeyError: 'view_id1'

During handling of the above exception, another exception occurred:

Traceback (most recent call last):
  File "E:\Project_python\api_cms\common\requests_util.py", line 189, in analysis_yaml
    res = self.send_request(name =name,method=method,
  File "E:\Project_python\api_cms\common\requests_util.py", line 328, in send_request
    error_log("发送请求异常：异常信息: %s" % str(traceback.format_exc()))
  File "E:\Project_python\api_cms\common\logger_util.py", line 66, in error_log
    raise Exception(log_message)
Exception: 发送请求异常：异常信息: Traceback (most recent call last):
  File "E:\Project_python\api_cms\common\requests_util.py", line 302, in send_request
    self.base_url = self.replace_load(self.base_url) + self.replace_load(url)
  File "E:\Project_python\api_cms\common\requests_util.py", line 142, in replace_load
    new_value = getattr(DubugTalk(), func_name)(*args_value.split(','))
  File "E:\Project_python\api_cms\debug_talk.py", line 26, in get_extract_data
    return read_extract_file(node_name)
  File "E:\Project_python\api_cms\common\yaml_util.py", line 19, in read_extract_file
    return value[one_node]
KeyError: 'view_id1'


