[2023-08-17 11:06:04,146] logger_util.py->write_log line:61 [INFO] -------------接口请求开始-----------
[2023-08-17 11:06:04,147] logger_util.py->write_log line:61 [INFO] 接口名称：创建工程
[2023-08-17 11:06:04,147] logger_util.py->write_log line:61 [INFO] 接口方式：post
[2023-08-17 11:06:04,147] logger_util.py->write_log line:61 [INFO] 接口路径：http://127.0.0.1:18000/api/v1/project/node
[2023-08-17 11:06:04,147] logger_util.py->write_log line:61 [INFO] 请求头：{}
[2023-08-17 11:06:04,147] logger_util.py->write_log line:61 [INFO] 请求参数：{'name': '工程9394', 'path': 'C:\\自动化工程', 'type': 1}
[2023-08-17 11:06:04,148] logger_util.py->write_log line:61 [INFO] 文件上传：None
[2023-08-17 11:06:04,659] logger_util.py->write_log line:61 [INFO] 预期结果：[{'equals': {'status_code': 200}}]
[2023-08-17 11:06:04,659] logger_util.py->write_log line:61 [INFO] 实际结果：224
[2023-08-17 11:06:04,659] logger_util.py->write_log line:61 [INFO] 接口请求成功！
[2023-08-17 11:06:04,659] logger_util.py->write_log line:61 [INFO] -------------接口请求结束-----------

[2023-08-17 11:06:04,665] logger_util.py->write_log line:61 [INFO] -------------接口请求开始-----------
[2023-08-17 11:06:04,665] logger_util.py->write_log line:61 [INFO] 接口名称：创建文件夹
[2023-08-17 11:06:04,665] logger_util.py->write_log line:61 [INFO] 接口方式：post
[2023-08-17 11:06:04,665] logger_util.py->write_log line:61 [INFO] 接口路径：http://127.0.0.1:18000/api/v1/project/node
[2023-08-17 11:06:04,666] logger_util.py->write_log line:61 [INFO] 请求头：{}
[2023-08-17 11:06:04,666] logger_util.py->write_log line:61 [INFO] 请求参数：{'name': '文件夹8675', 'type': 0}
[2023-08-17 11:06:04,666] logger_util.py->write_log line:61 [INFO] 文件上传：None
[2023-08-17 11:06:04,689] logger_util.py->write_log line:61 [INFO] 预期结果：[{'equals': {'status_code': 200}}]
[2023-08-17 11:06:04,689] logger_util.py->write_log line:61 [INFO] 实际结果：225
[2023-08-17 11:06:04,690] logger_util.py->write_log line:61 [INFO] 接口请求成功！
[2023-08-17 11:06:04,690] logger_util.py->write_log line:61 [INFO] -------------接口请求结束-----------

[2023-08-17 11:06:04,698] logger_util.py->write_log line:61 [INFO] -------------接口请求开始-----------
[2023-08-17 11:06:04,698] logger_util.py->write_log line:61 [INFO] 接口名称：获取工程信息
[2023-08-17 11:06:04,698] logger_util.py->write_log line:61 [INFO] 接口方式：get
[2023-08-17 11:06:04,698] logger_util.py->write_log line:61 [INFO] 接口路径：http://127.0.0.1:18000/api/v1/project/224/info
[2023-08-17 11:06:04,698] logger_util.py->write_log line:61 [INFO] 请求头：{}
[2023-08-17 11:06:04,698] logger_util.py->write_log line:61 [INFO] 文件上传：None
[2023-08-17 11:06:06,073] logger_util.py->write_log line:61 [INFO] 预期结果：[{'equals': {'status_code': 200}}]
[2023-08-17 11:06:06,073] logger_util.py->write_log line:61 [INFO] 实际结果：{'id': 224, 'name': '工程9394', 'identifier': 'b85255fa95774456a021008211d294ed', 'path': 'C:\\自动化工程\\工程9394.cmsproj', 'createTime': '2023-08-17T11:06:04.6395651', 'updateTime': '2023-08-17T11:06:04.6395651'}
[2023-08-17 11:06:06,073] logger_util.py->write_log line:61 [INFO] 接口请求成功！
[2023-08-17 11:06:06,073] logger_util.py->write_log line:61 [INFO] -------------接口请求结束-----------

[2023-08-17 11:06:06,079] logger_util.py->write_log line:61 [INFO] -------------接口请求开始-----------
[2023-08-17 11:06:06,079] logger_util.py->write_log line:61 [INFO] 接口名称：获取工程树节点
[2023-08-17 11:06:06,079] logger_util.py->write_log line:61 [INFO] 接口方式：get
[2023-08-17 11:06:06,079] logger_util.py->write_log line:61 [INFO] 接口路径：http://127.0.0.1:18000/api/v1/project/node/tree
[2023-08-17 11:06:06,079] logger_util.py->write_log line:61 [INFO] 请求头：{}
[2023-08-17 11:06:06,079] logger_util.py->write_log line:61 [INFO] 文件上传：None
[2023-08-17 11:06:06,250] logger_util.py->write_log line:61 [INFO] 预期结果：[{'equals': {'status_code': 200}}]
[2023-08-17 11:06:06,250] logger_util.py->write_log line:61 [INFO] 实际结果：[{'child': [], 'fileAvailableState': False, 'version': None, 'id': 225, 'parentId': None, 'name': '文件夹8675', 'path': None, 'type': 0, 'createTime': '0001-01-01T00:00:00', 'updateTime': '2023-08-17T11:06:04.6685594'}, {'child': [], 'fileAvailableState': True, 'version': '2.0.3', 'id': 224, 'parentId': None, 'name': '工程9394', 'path': 'C:\\自动化工程\\工程9394.cmsproj', 'type': 1, 'createTime': '0001-01-01T00:00:00', 'updateTime': '2023-08-17T11:06:04.6023192'}]
[2023-08-17 11:06:06,250] logger_util.py->write_log line:61 [INFO] 接口请求成功！
[2023-08-17 11:06:06,250] logger_util.py->write_log line:61 [INFO] -------------接口请求结束-----------

[2023-08-17 11:06:06,259] logger_util.py->write_log line:61 [INFO] -------------接口请求开始-----------
[2023-08-17 11:06:06,259] logger_util.py->write_log line:61 [INFO] 接口名称：移动工程节点
[2023-08-17 11:06:06,259] logger_util.py->write_log line:61 [INFO] 接口方式：put
[2023-08-17 11:06:06,259] logger_util.py->write_log line:61 [INFO] 接口路径：http://127.0.0.1:18000/api/v1/project/node/moveprojectnodes
[2023-08-17 11:06:06,259] logger_util.py->write_log line:61 [INFO] 请求头：{}
[2023-08-17 11:06:06,259] logger_util.py->write_log line:61 [INFO] 请求参数：{'destNodeID': '225', 'selectNodeIDs': '224'}
[2023-08-17 11:06:06,259] logger_util.py->write_log line:61 [INFO] 文件上传：None
[2023-08-17 11:06:06,290] logger_util.py->write_log line:61 [INFO] 预期结果：[{'equals': {'status_code': 200}}]
[2023-08-17 11:06:06,290] logger_util.py->write_log line:61 [INFO] 实际结果：[{'id': 224, 'parentId': 225, 'name': '工程9394', 'path': 'C:\\自动化工程\\工程9394.cmsproj', 'type': 1, 'createTime': '2023-08-17T11:06:04.6023186', 'updateTime': '2023-08-17T11:06:06.2627706+08:00'}]
[2023-08-17 11:06:06,290] logger_util.py->write_log line:61 [INFO] 接口请求成功！
[2023-08-17 11:06:06,290] logger_util.py->write_log line:61 [INFO] -------------接口请求结束-----------

[2023-08-17 11:06:06,295] logger_util.py->write_log line:61 [INFO] -------------接口请求开始-----------
[2023-08-17 11:06:06,295] logger_util.py->write_log line:61 [INFO] 接口名称：创建工程
[2023-08-17 11:06:06,295] logger_util.py->write_log line:61 [INFO] 接口方式：post
[2023-08-17 11:06:06,295] logger_util.py->write_log line:61 [INFO] 接口路径：http://127.0.0.1:18000/api/v1/project/node
[2023-08-17 11:06:06,295] logger_util.py->write_log line:61 [INFO] 请求头：{}
[2023-08-17 11:06:06,295] logger_util.py->write_log line:61 [INFO] 请求参数：{'name': '删除工程保留路径下的文件1692241566.295941', 'path': 'C:\\自动化工程', 'type': 1}
[2023-08-17 11:06:06,295] logger_util.py->write_log line:61 [INFO] 文件上传：None
[2023-08-17 11:06:07,715] logger_util.py->write_log line:61 [INFO] 预期结果：[{'equals': {'status_code': 200}}]
[2023-08-17 11:06:07,715] logger_util.py->write_log line:61 [INFO] 实际结果：226
[2023-08-17 11:06:07,715] logger_util.py->write_log line:61 [INFO] 接口请求成功！
[2023-08-17 11:06:07,715] logger_util.py->write_log line:61 [INFO] -------------接口请求结束-----------

[2023-08-17 11:06:07,724] logger_util.py->write_log line:61 [INFO] -------------接口请求开始-----------
[2023-08-17 11:06:07,724] logger_util.py->write_log line:61 [INFO] 接口名称：删除工程
[2023-08-17 11:06:07,725] logger_util.py->write_log line:61 [INFO] 接口方式：put
[2023-08-17 11:06:07,725] logger_util.py->write_log line:61 [INFO] 接口路径：http://127.0.0.1:18000/api/v1/project/node/deletenodes
[2023-08-17 11:06:07,725] logger_util.py->write_log line:61 [INFO] 请求头：{}
[2023-08-17 11:06:07,725] logger_util.py->write_log line:61 [INFO] 请求参数：{'ids': '226', 'isDeleteFile': False}
[2023-08-17 11:06:07,725] logger_util.py->write_log line:61 [INFO] 文件上传：None
[2023-08-17 11:06:07,765] logger_util.py->write_log line:61 [INFO] 预期结果：[{'equals': {'status_code': 200}}]
[2023-08-17 11:06:07,765] logger_util.py->write_log line:61 [INFO] 实际结果：
[2023-08-17 11:06:07,765] logger_util.py->write_log line:61 [INFO] 接口请求成功！
[2023-08-17 11:06:07,765] logger_util.py->write_log line:61 [INFO] -------------接口请求结束-----------

[2023-08-17 11:06:07,778] logger_util.py->write_log line:61 [INFO] -------------接口请求开始-----------
[2023-08-17 11:06:07,778] logger_util.py->write_log line:61 [INFO] 接口名称：创建工程
[2023-08-17 11:06:07,778] logger_util.py->write_log line:61 [INFO] 接口方式：post
[2023-08-17 11:06:07,778] logger_util.py->write_log line:61 [INFO] 接口路径：http://127.0.0.1:18000/api/v1/project/node
[2023-08-17 11:06:07,778] logger_util.py->write_log line:61 [INFO] 请求头：{}
[2023-08-17 11:06:07,778] logger_util.py->write_log line:61 [INFO] 请求参数：{'name': '工程2552', 'path': 'C:\\自动化工程', 'type': 1}
[2023-08-17 11:06:07,778] logger_util.py->write_log line:61 [INFO] 文件上传：None
[2023-08-17 11:06:08,074] logger_util.py->write_log line:61 [INFO] 预期结果：[{'equals': {'status_code': 200}}]
[2023-08-17 11:06:08,074] logger_util.py->write_log line:61 [INFO] 实际结果：227
[2023-08-17 11:06:08,074] logger_util.py->write_log line:61 [INFO] 接口请求成功！
[2023-08-17 11:06:08,074] logger_util.py->write_log line:61 [INFO] -------------接口请求结束-----------

[2023-08-17 11:06:08,081] logger_util.py->write_log line:61 [INFO] -------------接口请求开始-----------
[2023-08-17 11:06:08,083] logger_util.py->write_log line:61 [INFO] 接口名称：删除工程
[2023-08-17 11:06:08,083] logger_util.py->write_log line:61 [INFO] 接口方式：put
[2023-08-17 11:06:08,083] logger_util.py->write_log line:61 [INFO] 接口路径：http://127.0.0.1:18000/api/v1/project/node/deletenodes
[2023-08-17 11:06:08,083] logger_util.py->write_log line:61 [INFO] 请求头：{}
[2023-08-17 11:06:08,083] logger_util.py->write_log line:61 [INFO] 请求参数：{'ids': '227', 'isDeleteFile': True}
[2023-08-17 11:06:08,083] logger_util.py->write_log line:61 [INFO] 文件上传：None
[2023-08-17 11:06:08,131] logger_util.py->write_log line:61 [INFO] 预期结果：[{'equals': {'status_code': 200}}]
[2023-08-17 11:06:08,131] logger_util.py->write_log line:61 [INFO] 实际结果：
[2023-08-17 11:06:08,131] logger_util.py->write_log line:61 [INFO] 接口请求成功！
[2023-08-17 11:06:08,131] logger_util.py->write_log line:61 [INFO] -------------接口请求结束-----------

[2023-08-17 11:06:08,136] logger_util.py->write_log line:61 [INFO] -------------接口请求开始-----------
[2023-08-17 11:06:08,136] logger_util.py->write_log line:61 [INFO] 接口名称：创建文件夹
[2023-08-17 11:06:08,137] logger_util.py->write_log line:61 [INFO] 接口方式：post
[2023-08-17 11:06:08,137] logger_util.py->write_log line:61 [INFO] 接口路径：http://127.0.0.1:18000/api/v1/project/node
[2023-08-17 11:06:08,137] logger_util.py->write_log line:61 [INFO] 请求头：{}
[2023-08-17 11:06:08,137] logger_util.py->write_log line:61 [INFO] 请求参数：{'name': '文件夹6225', 'type': 0}
[2023-08-17 11:06:08,137] logger_util.py->write_log line:61 [INFO] 文件上传：None
[2023-08-17 11:06:08,160] logger_util.py->write_log line:61 [INFO] 预期结果：[{'equals': {'status_code': 200}}]
[2023-08-17 11:06:08,160] logger_util.py->write_log line:61 [INFO] 实际结果：228
[2023-08-17 11:06:08,161] logger_util.py->write_log line:61 [INFO] 接口请求成功！
[2023-08-17 11:06:08,161] logger_util.py->write_log line:61 [INFO] -------------接口请求结束-----------

[2023-08-17 11:06:08,169] logger_util.py->write_log line:61 [INFO] -------------接口请求开始-----------
[2023-08-17 11:06:08,169] logger_util.py->write_log line:61 [INFO] 接口名称：删除文件夹
[2023-08-17 11:06:08,169] logger_util.py->write_log line:61 [INFO] 接口方式：put
[2023-08-17 11:06:08,169] logger_util.py->write_log line:61 [INFO] 接口路径：http://127.0.0.1:18000/api/v1/project/node/deletenodes
[2023-08-17 11:06:08,169] logger_util.py->write_log line:61 [INFO] 请求头：{}
[2023-08-17 11:06:08,169] logger_util.py->write_log line:61 [INFO] 请求参数：{'ids': '228', 'isDeleteFile': True}
[2023-08-17 11:06:08,170] logger_util.py->write_log line:61 [INFO] 文件上传：None
[2023-08-17 11:06:08,189] logger_util.py->write_log line:61 [INFO] 预期结果：[{'equals': {'status_code': 200}}]
[2023-08-17 11:06:08,190] logger_util.py->write_log line:61 [INFO] 实际结果：
[2023-08-17 11:06:08,190] logger_util.py->write_log line:61 [INFO] 接口请求成功！
[2023-08-17 11:06:08,190] logger_util.py->write_log line:61 [INFO] -------------接口请求结束-----------

[2023-08-17 11:06:08,196] logger_util.py->write_log line:61 [INFO] -------------接口请求开始-----------
[2023-08-17 11:06:08,196] logger_util.py->write_log line:61 [INFO] 接口名称：创建工程副本
[2023-08-17 11:06:08,196] logger_util.py->write_log line:61 [INFO] 接口方式：post
[2023-08-17 11:06:08,196] logger_util.py->write_log line:61 [INFO] 接口路径：http://127.0.0.1:18000/api/v1/project/node/copyprojectnode
[2023-08-17 11:06:08,196] logger_util.py->write_log line:61 [INFO] 请求头：{}
[2023-08-17 11:06:08,196] logger_util.py->write_log line:61 [INFO] 请求参数：{'parentId': '225', 'path': 'C:\\自动化工程', 'name': '工程副本1692241568.195655', 'type': 1, 'rawProjectNodeID': '224', 'copyType': 0}
[2023-08-17 11:06:08,196] logger_util.py->write_log line:61 [INFO] 文件上传：None
[2023-08-17 11:06:08,248] logger_util.py->write_log line:61 [INFO] 预期结果：[{'equals': {'status_code': 200}}]
[2023-08-17 11:06:08,248] logger_util.py->write_log line:61 [INFO] 实际结果：229
[2023-08-17 11:06:08,248] logger_util.py->write_log line:61 [INFO] 接口请求成功！
[2023-08-17 11:06:08,248] logger_util.py->write_log line:61 [INFO] -------------接口请求结束-----------

[2023-08-17 11:06:08,253] logger_util.py->write_log line:61 [INFO] -------------接口请求开始-----------
[2023-08-17 11:06:08,253] logger_util.py->write_log line:61 [INFO] 接口名称：查询
[2023-08-17 11:06:08,253] logger_util.py->write_log line:61 [INFO] 接口方式：get
[2023-08-17 11:06:08,253] logger_util.py->write_log line:61 [INFO] 接口路径：http://127.0.0.1:18000/api/v1/project/node/tree?rootId=&isOrderByDesc=false&orderFieldName=name&keyWord=副本
[2023-08-17 11:06:08,253] logger_util.py->write_log line:61 [INFO] 请求头：{}
[2023-08-17 11:06:08,253] logger_util.py->write_log line:61 [INFO] 文件上传：None
[2023-08-17 11:06:08,260] logger_util.py->write_log line:61 [INFO] 预期结果：[{'equals': {'status_code': 200}}]
[2023-08-17 11:06:08,260] logger_util.py->write_log line:61 [INFO] 实际结果：[{'child': [{'child': [], 'fileAvailableState': True, 'version': '2.0.3', 'id': 229, 'parentId': 225, 'name': '工程副本1692241568.195655', 'path': 'C:\\自动化工程\\工程副本1692241568.195655.cmsproj', 'type': 1, 'createTime': '0001-01-01T00:00:00', 'updateTime': '2023-08-17T11:06:08.2106538'}], 'fileAvailableState': False, 'version': None, 'id': 225, 'parentId': None, 'name': '文件夹8675', 'path': None, 'type': 0, 'createTime': '0001-01-01T00:00:00', 'updateTime': '2023-08-17T11:06:04.6685594'}]
[2023-08-17 11:06:08,260] logger_util.py->write_log line:61 [INFO] 接口请求成功！
[2023-08-17 11:06:08,260] logger_util.py->write_log line:61 [INFO] -------------接口请求结束-----------

[2023-08-17 11:06:08,264] logger_util.py->write_log line:61 [INFO] -------------接口请求开始-----------
[2023-08-17 11:06:08,264] logger_util.py->write_log line:61 [INFO] 接口名称：刷新列表
[2023-08-17 11:06:08,264] logger_util.py->write_log line:61 [INFO] 接口方式：get
[2023-08-17 11:06:08,265] logger_util.py->write_log line:61 [INFO] 接口路径：http://127.0.0.1:18000/api/v1/project/node/tree?rootId=&isOrderByDesc=false&orderFieldName=name&keyWord=
[2023-08-17 11:06:08,265] logger_util.py->write_log line:61 [INFO] 请求头：{}
[2023-08-17 11:06:08,265] logger_util.py->write_log line:61 [INFO] 文件上传：None
[2023-08-17 11:06:08,272] logger_util.py->write_log line:61 [INFO] 预期结果：[{'equals': {'status_code': 200}}]
[2023-08-17 11:06:08,272] logger_util.py->write_log line:61 [INFO] 实际结果：[{'child': [{'child': [], 'fileAvailableState': True, 'version': '2.0.3', 'id': 224, 'parentId': 225, 'name': '工程9394', 'path': 'C:\\自动化工程\\工程9394.cmsproj', 'type': 1, 'createTime': '0001-01-01T00:00:00', 'updateTime': '2023-08-17T11:06:06.2627706'}, {'child': [], 'fileAvailableState': True, 'version': '2.0.3', 'id': 229, 'parentId': 225, 'name': '工程副本1692241568.195655', 'path': 'C:\\自动化工程\\工程副本1692241568.195655.cmsproj', 'type': 1, 'createTime': '0001-01-01T00:00:00', 'updateTime': '2023-08-17T11:06:08.2106538'}], 'fileAvailableState': False, 'version': None, 'id': 225, 'parentId': None, 'name': '文件夹8675', 'path': None, 'type': 0, 'createTime': '0001-01-01T00:00:00', 'updateTime': '2023-08-17T11:06:04.6685594'}]
[2023-08-17 11:06:08,272] logger_util.py->write_log line:61 [INFO] 接口请求成功！
[2023-08-17 11:06:08,272] logger_util.py->write_log line:61 [INFO] -------------接口请求结束-----------

[2023-08-17 11:06:08,281] logger_util.py->error_log line:65 [INFO] 发送请求异常：异常信息: Traceback (most recent call last):
  File "E:\Project_python\api_cms\common\requests_util.py", line 299, in send_request
    kwargs[key] = self.replace_load(value)
  File "E:\Project_python\api_cms\common\requests_util.py", line 126, in replace_load
    for i in range(1, str_data.count('${') + 1):
AttributeError: 'NoneType' object has no attribute 'count'

[2023-08-17 11:06:08,281] logger_util.py->error_log line:65 [INFO] 分析YAML文件异常：异常信息: Traceback (most recent call last):
  File "E:\Project_python\api_cms\common\requests_util.py", line 299, in send_request
    kwargs[key] = self.replace_load(value)
  File "E:\Project_python\api_cms\common\requests_util.py", line 126, in replace_load
    for i in range(1, str_data.count('${') + 1):
AttributeError: 'NoneType' object has no attribute 'count'

During handling of the above exception, another exception occurred:

Traceback (most recent call last):
  File "E:\Project_python\api_cms\common\requests_util.py", line 180, in analysis_yaml
    res = self.send_request(name =name,method=method,
  File "E:\Project_python\api_cms\common\requests_util.py", line 318, in send_request
    error_log("发送请求异常：异常信息: %s" % str(traceback.format_exc()))
  File "E:\Project_python\api_cms\common\logger_util.py", line 66, in error_log
    raise Exception(log_message)
Exception: 发送请求异常：异常信息: Traceback (most recent call last):
  File "E:\Project_python\api_cms\common\requests_util.py", line 299, in send_request
    kwargs[key] = self.replace_load(value)
  File "E:\Project_python\api_cms\common\requests_util.py", line 126, in replace_load
    for i in range(1, str_data.count('${') + 1):
AttributeError: 'NoneType' object has no attribute 'count'


