[2023-05-18 17:46:24,486] logger_util.py->write_log line:61 [INFO] -------------接口请求开始-----------
[2023-05-18 17:46:24,486] logger_util.py->write_log line:61 [INFO] 接口名称：归档表
[2023-05-18 17:46:24,486] logger_util.py->write_log line:61 [INFO] 接口方式：post
[2023-05-18 17:46:24,486] logger_util.py->write_log line:61 [INFO] 接口路径：http://127.0.0.1:18000/api/v1/data/original
[2023-05-18 17:46:24,487] logger_util.py->write_log line:61 [INFO] 请求头：{'Content-Type': 'application/json;charset=UTF-8', 'X-Project': '798c804290c346f8b4ac22d9756e1437'}
[2023-05-18 17:46:24,515] logger_util.py->write_log line:61 [INFO] 请求参数：{'dataSetId': 'ef375980-5b02-44df-afec-2d0e85a995a4', 'tableName': '归档表', 'limit': 500}
[2023-05-18 17:46:24,516] logger_util.py->write_log line:61 [INFO] 文件上传：None
[2023-05-18 17:46:24,593] logger_util.py->write_log line:61 [INFO] 接口请求失败！
[2023-05-18 17:46:24,593] logger_util.py->write_log line:61 [INFO] -------------接口请求结束-----------

[2023-05-18 17:46:24,594] logger_util.py->error_log line:65 [INFO] 断言异常：异常信息: Traceback (most recent call last):
  File "E:\Project_python\2TestCMS2.0\common\requests_util.py", line 364, in validate_result
    print('断言结果：',len(assert_value),type(assert_value))
TypeError: object of type 'int' has no len()

[2023-05-18 17:46:24,595] logger_util.py->error_log line:65 [INFO] 分析YAML文件异常：异常信息: Traceback (most recent call last):
  File "E:\Project_python\2TestCMS2.0\common\requests_util.py", line 364, in validate_result
    print('断言结果：',len(assert_value),type(assert_value))
TypeError: object of type 'int' has no len()

During handling of the above exception, another exception occurred:

Traceback (most recent call last):
  File "E:\Project_python\2TestCMS2.0\common\requests_util.py", line 216, in analysis_yaml
    self.validate_result(yq_result, return_data, status_code)
  File "E:\Project_python\2TestCMS2.0\common\requests_util.py", line 382, in validate_result
    error_log("断言异常：异常信息: %s" % str(traceback.format_exc()))
  File "E:\Project_python\2TestCMS2.0\common\logger_util.py", line 66, in error_log
    raise Exception(log_message)
Exception: 断言异常：异常信息: Traceback (most recent call last):
  File "E:\Project_python\2TestCMS2.0\common\requests_util.py", line 364, in validate_result
    print('断言结果：',len(assert_value),type(assert_value))
TypeError: object of type 'int' has no len()


