[2023-11-15 17:24:38,853] logger_util.py->write_log line:61 [INFO] 
-------------接口请求开始-----------
[2023-11-15 17:24:38,853] logger_util.py->write_log line:61 [INFO] 接口名称：设置归档配置
[2023-11-15 17:24:38,854] logger_util.py->write_log line:61 [INFO] 接口方式：put
[2023-11-15 17:24:38,854] logger_util.py->write_log line:61 [INFO] 接口路径：http://127.0.0.1:18000/api/v1/historicarchive/group/b6c6f4b4-074c-41da-94fb-dbad49a31eff/archivesetting
[2023-11-15 17:24:38,854] logger_util.py->write_log line:61 [INFO] 请求头：{'X-Project': 'cade0634c4a44304911e8cfdb1b8f8b9'}
[2023-11-15 17:24:38,854] logger_util.py->write_log line:61 [INFO] 请求参数：{'minIntervalValue': 1, 'minIntervalUnit': 1, 'archiveType': 0, 'deadZoneType': 0, 'deadZoneThreshold': 1, 'intervalUnit': 1, 'intervalValue': 1, 'enableArchive': True}
[2023-11-15 17:24:38,854] logger_util.py->write_log line:61 [INFO] 文件上传：None
[2023-11-15 17:24:38,865] logger_util.py->write_log line:61 [INFO] 预期结果：[{'equals': {'status_code': 200}}]
[2023-11-15 17:24:38,865] logger_util.py->write_log line:61 [INFO] 实际结果：
[2023-11-15 17:24:38,865] logger_util.py->write_log line:61 [INFO] 接口请求成功！
[2023-11-15 17:24:38,865] logger_util.py->write_log line:61 [INFO] 
-------------接口请求结束-----------

[2023-11-15 17:24:38,871] logger_util.py->write_log line:61 [INFO] 
-------------接口请求开始-----------
[2023-11-15 17:24:38,871] logger_util.py->write_log line:61 [INFO] 接口名称：获取归档配置
[2023-11-15 17:24:38,871] logger_util.py->write_log line:61 [INFO] 接口方式：get
[2023-11-15 17:24:38,872] logger_util.py->write_log line:61 [INFO] 接口路径：http://127.0.0.1:18000/api/v1/historicarchive/group/b6c6f4b4-074c-41da-94fb-dbad49a31eff/archivesetting
[2023-11-15 17:24:38,872] logger_util.py->write_log line:61 [INFO] 请求头：{'X-Project': 'cade0634c4a44304911e8cfdb1b8f8b9'}
[2023-11-15 17:24:38,872] logger_util.py->write_log line:61 [INFO] 文件上传：None
[2023-11-15 17:24:38,899] logger_util.py->write_log line:61 [INFO] 预期结果：[{'equals': {'status_code': 200}}]
[2023-11-15 17:24:38,899] logger_util.py->write_log line:61 [INFO] 实际结果：{'enableArchive': True, 'archiveType': 0, 'intervalValue': 1, 'intervalUnit': 1, 'enableDeadZone': False, 'deadZoneType': 0, 'deadZoneThreshold': 1, 'enableMinInterval': False, 'minIntervalValue': 1, 'minIntervalUnit': 1}
[2023-11-15 17:24:38,899] logger_util.py->write_log line:61 [INFO] 接口请求成功！
[2023-11-15 17:24:38,899] logger_util.py->write_log line:61 [INFO] 
-------------接口请求结束-----------

[2023-11-15 17:24:38,904] logger_util.py->write_log line:61 [INFO] 
-------------接口请求开始-----------
[2023-11-15 17:24:38,904] logger_util.py->write_log line:61 [INFO] 接口名称：存储设置
[2023-11-15 17:24:38,904] logger_util.py->write_log line:61 [INFO] 接口方式：put
[2023-11-15 17:24:38,904] logger_util.py->write_log line:61 [INFO] 接口路径：http://127.0.0.1:18000/api/v1/historicarchive/group/b6c6f4b4-074c-41da-94fb-dbad49a31eff/storagesetting
[2023-11-15 17:24:38,904] logger_util.py->write_log line:61 [INFO] 请求头：{'X-Project': 'cade0634c4a44304911e8cfdb1b8f8b9'}
[2023-11-15 17:24:38,905] logger_util.py->write_log line:61 [INFO] 请求参数：{'retentionUnit': 4, 'retentionValue': 1, 'enableClear': True, 'backupBeforeClear': True, 'backupPath': 'C:\\数据备份\\历史数据'}
[2023-11-15 17:24:38,905] logger_util.py->write_log line:61 [INFO] 文件上传：None
[2023-11-15 17:24:38,912] logger_util.py->write_log line:61 [INFO] 预期结果：[{'equals': {'status_code': 200}}]
[2023-11-15 17:24:38,912] logger_util.py->write_log line:61 [INFO] 实际结果：
[2023-11-15 17:24:38,912] logger_util.py->write_log line:61 [INFO] 接口请求成功！
[2023-11-15 17:24:38,912] logger_util.py->write_log line:61 [INFO] 
-------------接口请求结束-----------

[2023-11-15 17:24:38,917] logger_util.py->write_log line:61 [INFO] 
-------------接口请求开始-----------
[2023-11-15 17:24:38,918] logger_util.py->write_log line:61 [INFO] 接口名称：获取存储设置
[2023-11-15 17:24:38,918] logger_util.py->write_log line:61 [INFO] 接口方式：get
[2023-11-15 17:24:38,918] logger_util.py->write_log line:61 [INFO] 接口路径：http://127.0.0.1:18000/api/v1/historicarchive/group/b6c6f4b4-074c-41da-94fb-dbad49a31eff/storagesetting
[2023-11-15 17:24:38,918] logger_util.py->write_log line:61 [INFO] 请求头：{'X-Project': 'cade0634c4a44304911e8cfdb1b8f8b9'}
[2023-11-15 17:24:38,918] logger_util.py->write_log line:61 [INFO] 文件上传：None
[2023-11-15 17:24:38,945] logger_util.py->write_log line:61 [INFO] 预期结果：[{'equals': {'status_code': 200}}]
[2023-11-15 17:24:38,945] logger_util.py->write_log line:61 [INFO] 实际结果：{'enableClear': True, 'retentionValue': 1, 'retentionUnit': 4, 'backupBeforeClear': True, 'backupPath': 'C:\\数据备份\\历史数据'}
[2023-11-15 17:24:38,945] logger_util.py->write_log line:61 [INFO] 接口请求成功！
[2023-11-15 17:24:38,945] logger_util.py->write_log line:61 [INFO] 
-------------接口请求结束-----------

[2023-11-15 17:24:38,950] logger_util.py->write_log line:61 [INFO] 
-------------接口请求开始-----------
[2023-11-15 17:24:38,951] logger_util.py->write_log line:61 [INFO] 接口名称：下发A1=true
[2023-11-15 17:24:38,951] logger_util.py->write_log line:61 [INFO] 接口方式：post
[2023-11-15 17:24:38,951] logger_util.py->write_log line:61 [INFO] 接口路径：http://127.0.0.1:18000/api/v1/variable/setvalues
[2023-11-15 17:24:38,951] logger_util.py->write_log line:61 [INFO] 请求头：{'X-Project': 'cade0634c4a44304911e8cfdb1b8f8b9', 'Authorization': 'Bearer eyJhbGciOiJIUzI1NiIsInR5cCI6IkpXVCJ9.eyJodHRwOi8vc2NoZW1hcy54bWxzb2FwLm9yZy93cy8yMDA1LzA1L2lkZW50aXR5L2NsYWltcy9uYW1lIjoiU3VwZXJBZG1pbiIsImh0dHA6Ly9zY2hlbWFzLnhtbHNvYXAub3JnL3dzLzIwMDUvMDUvaWRlbnRpdHkvY2xhaW1zL25hbWVpZGVudGlmaWVyIjoiU3VwZXJBZG1pbiIsImV4cCI6MTcwMDY0MzQzNiwiaXNzIjoiQ01TdjIiLCJhdWQiOiJBcGkifQ.t_fO-FkNoykuA18dAWBnTg49IOpNb0sOksTcxN_DfdU'}
[2023-11-15 17:24:38,951] logger_util.py->write_log line:61 [INFO] 请求参数：{'A1': 'true'}
[2023-11-15 17:24:38,951] logger_util.py->write_log line:61 [INFO] 文件上传：None
[2023-11-15 17:24:38,964] logger_util.py->write_log line:61 [INFO] 预期结果：[{'equals': {'status_code': 200}}, {'equals': {'allSuccess': True}}]
[2023-11-15 17:24:38,964] logger_util.py->write_log line:61 [INFO] 实际结果：{'allSuccess': True, 'items': {'A1': {'value': True, 'quality': 0, 'errorMsg': None}}}
[2023-11-15 17:24:38,964] logger_util.py->write_log line:61 [INFO] 接口请求成功！
[2023-11-15 17:24:38,964] logger_util.py->write_log line:61 [INFO] 
-------------接口请求结束-----------

[2023-11-15 17:24:39,477] logger_util.py->write_log line:61 [INFO] 
-------------接口请求开始-----------
[2023-11-15 17:24:39,477] logger_util.py->write_log line:61 [INFO] 接口名称：下发A2=77
[2023-11-15 17:24:39,477] logger_util.py->write_log line:61 [INFO] 接口方式：post
[2023-11-15 17:24:39,477] logger_util.py->write_log line:61 [INFO] 接口路径：http://127.0.0.1:18000/api/v1/variable/setvalues
[2023-11-15 17:24:39,477] logger_util.py->write_log line:61 [INFO] 请求头：{'X-Project': 'cade0634c4a44304911e8cfdb1b8f8b9', 'Authorization': 'Bearer eyJhbGciOiJIUzI1NiIsInR5cCI6IkpXVCJ9.eyJodHRwOi8vc2NoZW1hcy54bWxzb2FwLm9yZy93cy8yMDA1LzA1L2lkZW50aXR5L2NsYWltcy9uYW1lIjoiU3VwZXJBZG1pbiIsImh0dHA6Ly9zY2hlbWFzLnhtbHNvYXAub3JnL3dzLzIwMDUvMDUvaWRlbnRpdHkvY2xhaW1zL25hbWVpZGVudGlmaWVyIjoiU3VwZXJBZG1pbiIsImV4cCI6MTcwMDY0MzQzNiwiaXNzIjoiQ01TdjIiLCJhdWQiOiJBcGkifQ.t_fO-FkNoykuA18dAWBnTg49IOpNb0sOksTcxN_DfdU'}
[2023-11-15 17:24:39,477] logger_util.py->write_log line:61 [INFO] 请求参数：{'A2': '77'}
[2023-11-15 17:24:39,478] logger_util.py->write_log line:61 [INFO] 文件上传：None
[2023-11-15 17:24:39,490] logger_util.py->write_log line:61 [INFO] 预期结果：[{'equals': {'status_code': 200}}, {'equals': {'allSuccess': True}}]
[2023-11-15 17:24:39,490] logger_util.py->write_log line:61 [INFO] 实际结果：{'allSuccess': True, 'items': {'A2': {'value': 77, 'quality': 0, 'errorMsg': None}}}
[2023-11-15 17:24:39,490] logger_util.py->write_log line:61 [INFO] 接口请求成功！
[2023-11-15 17:24:39,490] logger_util.py->write_log line:61 [INFO] 
-------------接口请求结束-----------

[2023-11-15 17:24:40,007] logger_util.py->error_log line:65 [INFO] 发送请求异常：异常信息: Traceback (most recent call last):
  File "E:\Project_python\api_cms\common\requests_util.py", line 302, in send_request
    self.last_headers = self.replace_load(headers)
  File "E:\Project_python\api_cms\common\requests_util.py", line 140, in replace_load
    new_value = getattr(DubugTalk(), func_name)(*args_value.split(','))
  File "E:\Project_python\api_cms\debug_talk.py", line 26, in get_extract_data
    return read_extract_file(node_name)
  File "E:\Project_python\api_cms\common\yaml_util.py", line 19, in read_extract_file
    return value[one_node]
TypeError: 'NoneType' object is not subscriptable

[2023-11-15 17:24:40,007] logger_util.py->error_log line:65 [INFO] 分析YAML文件异常：异常信息: Traceback (most recent call last):
  File "E:\Project_python\api_cms\common\requests_util.py", line 302, in send_request
    self.last_headers = self.replace_load(headers)
  File "E:\Project_python\api_cms\common\requests_util.py", line 140, in replace_load
    new_value = getattr(DubugTalk(), func_name)(*args_value.split(','))
  File "E:\Project_python\api_cms\debug_talk.py", line 26, in get_extract_data
    return read_extract_file(node_name)
  File "E:\Project_python\api_cms\common\yaml_util.py", line 19, in read_extract_file
    return value[one_node]
TypeError: 'NoneType' object is not subscriptable

During handling of the above exception, another exception occurred:

Traceback (most recent call last):
  File "E:\Project_python\api_cms\common\requests_util.py", line 185, in analysis_yaml
    res = self.send_request(name =name,method=method,
  File "E:\Project_python\api_cms\common\requests_util.py", line 325, in send_request
    error_log("发送请求异常：异常信息: %s" % str(traceback.format_exc()))
  File "E:\Project_python\api_cms\common\logger_util.py", line 66, in error_log
    raise Exception(log_message)
Exception: 发送请求异常：异常信息: Traceback (most recent call last):
  File "E:\Project_python\api_cms\common\requests_util.py", line 302, in send_request
    self.last_headers = self.replace_load(headers)
  File "E:\Project_python\api_cms\common\requests_util.py", line 140, in replace_load
    new_value = getattr(DubugTalk(), func_name)(*args_value.split(','))
  File "E:\Project_python\api_cms\debug_talk.py", line 26, in get_extract_data
    return read_extract_file(node_name)
  File "E:\Project_python\api_cms\common\yaml_util.py", line 19, in read_extract_file
    return value[one_node]
TypeError: 'NoneType' object is not subscriptable


[2023-11-15 17:24:40,130] logger_util.py->write_log line:61 [INFO] 
-------------接口请求开始-----------
[2023-11-15 17:24:40,130] logger_util.py->write_log line:61 [INFO] 接口名称：下发A12=中文
[2023-11-15 17:24:40,130] logger_util.py->write_log line:61 [INFO] 接口方式：post
[2023-11-15 17:24:40,130] logger_util.py->write_log line:61 [INFO] 接口路径：http://127.0.0.1:18000/api/v1/variable/setvalues
[2023-11-15 17:24:40,130] logger_util.py->write_log line:61 [INFO] 请求头：{'X-Project': 'cade0634c4a44304911e8cfdb1b8f8b9', 'Authorization': 'Bearer eyJhbGciOiJIUzI1NiIsInR5cCI6IkpXVCJ9.eyJodHRwOi8vc2NoZW1hcy54bWxzb2FwLm9yZy93cy8yMDA1LzA1L2lkZW50aXR5L2NsYWltcy9uYW1lIjoiU3VwZXJBZG1pbiIsImh0dHA6Ly9zY2hlbWFzLnhtbHNvYXAub3JnL3dzLzIwMDUvMDUvaWRlbnRpdHkvY2xhaW1zL25hbWVpZGVudGlmaWVyIjoiU3VwZXJBZG1pbiIsImV4cCI6MTcwMDY0MzQzNiwiaXNzIjoiQ01TdjIiLCJhdWQiOiJBcGkifQ.t_fO-FkNoykuA18dAWBnTg49IOpNb0sOksTcxN_DfdU'}
[2023-11-15 17:24:40,130] logger_util.py->write_log line:61 [INFO] 请求参数：{'A12': '中文'}
[2023-11-15 17:24:40,130] logger_util.py->write_log line:61 [INFO] 文件上传：None
[2023-11-15 17:24:40,142] logger_util.py->write_log line:61 [INFO] 预期结果：[{'equals': {'status_code': 200}}, {'equals': {'allSuccess': True}}]
[2023-11-15 17:24:40,142] logger_util.py->write_log line:61 [INFO] 实际结果：{'allSuccess': True, 'items': {'A12': {'value': '中文', 'quality': 0, 'errorMsg': None}}}
[2023-11-15 17:24:40,142] logger_util.py->write_log line:61 [INFO] 接口请求成功！
[2023-11-15 17:24:40,143] logger_util.py->write_log line:61 [INFO] 
-------------接口请求结束-----------

[2023-11-15 17:24:40,648] logger_util.py->write_log line:61 [INFO] 
-------------接口请求开始-----------
[2023-11-15 17:24:40,648] logger_util.py->write_log line:61 [INFO] 接口名称：开启历史归档服务
[2023-11-15 17:24:40,648] logger_util.py->write_log line:61 [INFO] 接口方式：post
[2023-11-15 17:24:40,648] logger_util.py->write_log line:61 [INFO] 接口路径：http://127.0.0.1:18000/api/v1/project/service/historicarchive/start
[2023-11-15 17:24:40,649] logger_util.py->write_log line:61 [INFO] 请求头：{}
[2023-11-15 17:24:40,649] logger_util.py->write_log line:61 [INFO] 文件上传：None
[2023-11-15 17:24:40,657] logger_util.py->write_log line:61 [INFO] 预期结果：[{'equals': {'status_code': 200}}]
[2023-11-15 17:24:40,658] logger_util.py->write_log line:61 [INFO] 实际结果：
[2023-11-15 17:24:40,658] logger_util.py->write_log line:61 [INFO] 接口请求成功！
[2023-11-15 17:24:40,658] logger_util.py->write_log line:61 [INFO] 
-------------接口请求结束-----------

[2023-11-15 17:24:50,674] logger_util.py->write_log line:61 [INFO] 
-------------接口请求开始-----------
[2023-11-15 17:24:50,674] logger_util.py->write_log line:61 [INFO] 接口名称：查询历史数据
[2023-11-15 17:24:50,674] logger_util.py->write_log line:61 [INFO] 接口方式：post
[2023-11-15 17:24:50,674] logger_util.py->write_log line:61 [INFO] 接口路径：http://127.0.0.1:18000/api/v1/data/aggregate
[2023-11-15 17:24:50,674] logger_util.py->write_log line:61 [INFO] 请求头：{'X-Project': 'cade0634c4a44304911e8cfdb1b8f8b9'}
[2023-11-15 17:24:50,674] logger_util.py->write_log line:61 [INFO] 请求参数：{'dataSetId': 'history', 'dimensions': [{'aliasName': '', 'fieldName': '0', 'sort': 2, 'timeFormat': 'yyyy-MM-dd HH:mm:ss'}], 'measures': [{'aliasName': '', 'fieldName': '19', 'mode': 4, 'dataFormat': 0, 'sort': 0, 'mergeType': 0}, {'aliasName': '', 'fieldName': '20', 'mode': 4, 'dataFormat': 0, 'sort': 0, 'mergeType': 0}, {'aliasName': '', 'fieldName': '28', 'mode': 4, 'dataFormat': 0, 'sort': 0, 'mergeType': 0}, {'aliasName': '', 'fieldName': '30', 'mode': 4, 'dataFormat': 0, 'sort': 0, 'mergeType': 0}], 'filters': [], 'total': False, 'pageSize': None, 'pageIndex': None, 'limit': 10000, 'noAggregation': False, 'noDimensions': False, 'whereJson': ''}
[2023-11-15 17:24:50,674] logger_util.py->write_log line:61 [INFO] 文件上传：None
[2023-11-15 17:24:50,703] logger_util.py->write_log line:61 [INFO] 预期结果：[{'equals': {'status_code': 200}}, {'equals': {'A1(4)': '1'}}, {'equals': {'A2(4)': '77'}}, {'equals': {'A10(4)': '10.456'}}, {'equals': {'A12(4)': '中文'}}]
[2023-11-15 17:24:50,704] logger_util.py->write_log line:61 [INFO] 实际结果：{'values': [{'A1(4)': '1', 'A2(4)': '77', 'A10(4)': '10.456', 'A12(4)': '中文', '记录时间': '2023-11-15 17:24:49'}, {'A1(4)': '1', 'A2(4)': '77', 'A10(4)': '10.456', 'A12(4)': '中文', '记录时间': '2023-11-15 17:24:48'}, {'A1(4)': '1', 'A2(4)': '77', 'A10(4)': '10.456', 'A12(4)': '中文', '记录时间': '2023-11-15 17:24:47'}, {'A1(4)': '1', 'A2(4)': '77', 'A10(4)': '10.456', 'A12(4)': '中文', '记录时间': '2023-11-15 17:24:46'}, {'A1(4)': '1', 'A2(4)': '77', 'A10(4)': '10.456', 'A12(4)': '中文', '记录时间': '2023-11-15 17:24:45'}, {'A1(4)': '1', 'A2(4)': '77', 'A10(4)': '10.456', 'A12(4)': '中文', '记录时间': '2023-11-15 17:24:44'}, {'A1(4)': '1', 'A2(4)': '77', 'A10(4)': '10.456', 'A12(4)': '中文', '记录时间': '2023-11-15 17:24:43'}, {'A1(4)': '1', 'A2(4)': '77', 'A10(4)': '10.456', 'A12(4)': '中文', '记录时间': '2023-11-15 17:24:42'}, {'A1(4)': '1', 'A2(4)': '77', 'A10(4)': '10.456', 'A12(4)': '中文', '记录时间': '2023-11-15 17:24:41'}], 'mapping': [{'id': '19', 'name': 'A1(4)', 'aliasName': '', 'fieldName': 'A1', 'method': 4}, {'id': '20', 'name': 'A2(4)', 'aliasName': '', 'fieldName': 'A2', 'method': 4}, {'id': '28', 'name': 'A10(4)', 'aliasName': '', 'fieldName': 'A10', 'method': 4}, {'id': '30', 'name': 'A12(4)', 'aliasName': '', 'fieldName': 'A12', 'method': 4}, {'id': '_time', 'name': '_time', 'aliasName': '', 'fieldName': '_time', 'method': None}], 'queryTranslateResult': [{'queryString': '\r\na0 = from(bucket: "cade0634c4a44304911e8cfdb1b8f8b9")\r\n  |> range(start: 0, stop: now())\r\n  |> filter(fn: (r) => r["_measurement"] == "variables" and r["_field"]=="lval" and r["variable"] == "19")\r\n\r\n  |> group(columns: ["_measurement"])\r\n\n  |> limit(n: 10000)\n  |> set(key: "_field", value: "val")\n  |> toString()\r\n\r\na1 = from(bucket: "cade0634c4a44304911e8cfdb1b8f8b9")\r\n  |> range(start: 0, stop: now())\r\n  |> filter(fn: (r) => r["_measurement"] == "variables" and r["_field"]=="lval" and r["variable"] == "20")\r\n\r\n  |> group(columns: ["_measurement"])\r\n\n  |> limit(n: 10000)\n  |> set(key: "_field", value: "val")\n  |> toString()\r\n\r\na2 = from(bucket: "cade0634c4a44304911e8cfdb1b8f8b9")\r\n  |> range(start: 0, stop: now())\r\n  |> filter(fn: (r) => r["_measurement"] == "variables" and r["_field"]=="fval" and r["variable"] == "28")\r\n\r\n  |> group(columns: ["_measurement"])\r\n\n  |> limit(n: 10000)\n  |> set(key: "_field", value: "val")\n  |> toString()\r\n\r\na3 = from(bucket: "cade0634c4a44304911e8cfdb1b8f8b9")\r\n  |> range(start: 0, stop: now())\r\n  |> filter(fn: (r) => r["_measurement"] == "variables" and r["_field"]=="sval" and r["variable"] == "30")\r\n\r\n  |> group(columns: ["_measurement"])\r\n\n  |> limit(n: 10000)\n  |> set(key: "_field", value: "val")\n  |> toString()\r\n\r\nall = union(tables: [a0,a1,a2,a3])\r\n\r\n\r\nresult = all\r\n  |> pivot(rowKey:["_time"], columnKey: ["variable"], valueColumn: "_value")\r\n\r\n  |> sort(columns: ["_time"],desc:true)\r\n  |> rename(fn: (column) => if column=="19" then "M0" else if column=="20" then "M1" else if column=="28" then "M2" else if column=="30" then "M3" else column)\r\nresult\r\n', 'args': {}}], 'consuming': {'qcs': [17.0174]}, 'total': None}
[2023-11-15 17:24:50,704] logger_util.py->write_log line:61 [INFO] 接口请求成功！
[2023-11-15 17:24:50,704] logger_util.py->write_log line:61 [INFO] 
-------------接口请求结束-----------

[2023-11-15 17:24:50,709] logger_util.py->write_log line:61 [INFO] 
-------------接口请求开始-----------
[2023-11-15 17:24:50,709] logger_util.py->write_log line:61 [INFO] 接口名称：备份历史数据
[2023-11-15 17:24:50,709] logger_util.py->write_log line:61 [INFO] 接口方式：get
[2023-11-15 17:24:50,709] logger_util.py->write_log line:61 [INFO] 接口路径：http://127.0.0.1:18000/api/v1/historicarchive/group/b6c6f4b4-074c-41da-94fb-dbad49a31eff/backup
[2023-11-15 17:24:50,709] logger_util.py->write_log line:61 [INFO] 请求头：{'X-Project': 'cade0634c4a44304911e8cfdb1b8f8b9'}
[2023-11-15 17:24:50,709] logger_util.py->write_log line:61 [INFO] 文件上传：None
[2023-11-15 17:24:50,923] logger_util.py->write_log line:61 [INFO] 预期结果：[{'equals': {'status_code': 200}}]
[2023-11-15 17:24:50,923] logger_util.py->write_log line:61 [INFO] 实际结果："_time","_value","_field","_measurement","variable"
"2023-11-15 17:24:41",0,"dataquality","variables","A1"
"2023-11-15 17:24:42",0,"dataquality","variables","A1"
"2023-11-15 17:24:43",0,"dataquality","variables","A1"
"2023-11-15 17:24:44",0,"dataquality","variables","A1"
"2023-11-15 17:24:45",0,"dataquality","variables","A1"
"2023-11-15 17:24:46",0,"dataquality","variables","A1"
"2023-11-15 17:24:47",0,"dataquality","variables","A1"
"2023-11-15 17:24:48",0,"dataquality","variables","A1"
"2023-11-15 17:24:49",0,"dataquality","variables","A1"
"2023-11-15 17:24:41",1,"lval","variables","A1"
"2023-11-15 17:24:42",1,"lval","variables","A1"
"2023-11-15 17:24:43",1,"lval","variables","A1"
"2023-11-15 17:24:44",1,"lval","variables","A1"
"2023-11-15 17:24:45",1,"lval","variables","A1"
"2023-11-15 17:24:46",1,"lval","variables","A1"
"2023-11-15 17:24:47",1,"lval","variables","A1"
"2023-11-15 17:24:48",1,"lval","variables","A1"
"2023-11-15 17:24:49",1,"lval","variables","A1"
"2023-11-15 17:24:41",0,"dataquality","variables","A2"
"2023-11-15 17:24:42",0,"dataquality","variables","A2"
"2023-11-15 17:24:43",0,"dataquality","variables","A2"
"2023-11-15 17:24:44",0,"dataquality","variables","A2"
"2023-11-15 17:24:45",0,"dataquality","variables","A2"
"2023-11-15 17:24:46",0,"dataquality","variables","A2"
"2023-11-15 17:24:47",0,"dataquality","variables","A2"
"2023-11-15 17:24:48",0,"dataquality","variables","A2"
"2023-11-15 17:24:49",0,"dataquality","variables","A2"
"2023-11-15 17:24:41",77,"lval","variables","A2"
"2023-11-15 17:24:42",77,"lval","variables","A2"
"2023-11-15 17:24:43",77,"lval","variables","A2"
"2023-11-15 17:24:44",77,"lval","variables","A2"
"2023-11-15 17:24:45",77,"lval","variables","A2"
"2023-11-15 17:24:46",77,"lval","variables","A2"
"2023-11-15 17:24:47",77,"lval","variables","A2"
"2023-11-15 17:24:48",77,"lval","variables","A2"
"2023-11-15 17:24:49",77,"lval","variables","A2"
"2023-11-15 17:24:41",0,"dataquality","variables","A10"
"2023-11-15 17:24:42",0,"dataquality","variables","A10"
"2023-11-15 17:24:43",0,"dataquality","variables","A10"
"2023-11-15 17:24:44",0,"dataquality","variables","A10"
"2023-11-15 17:24:45",0,"dataquality","variables","A10"
"2023-11-15 17:24:46",0,"dataquality","variables","A10"
"2023-11-15 17:24:47",0,"dataquality","variables","A10"
"2023-11-15 17:24:48",0,"dataquality","variables","A10"
"2023-11-15 17:24:49",0,"dataquality","variables","A10"
"2023-11-15 17:24:41",10.456,"fval","variables","A10"
"2023-11-15 17:24:42",10.456,"fval","variables","A10"
"2023-11-15 17:24:43",10.456,"fval","variables","A10"
"2023-11-15 17:24:44",10.456,"fval","variables","A10"
"2023-11-15 17:24:45",10.456,"fval","variables","A10"
"2023-11-15 17:24:46",10.456,"fval","variables","A10"
"2023-11-15 17:24:47",10.456,"fval","variables","A10"
"2023-11-15 17:24:48",10.456,"fval","variables","A10"
"2023-11-15 17:24:49",10.456,"fval","variables","A10"
"2023-11-15 17:24:41",0,"dataquality","variables","A12"
"2023-11-15 17:24:42",0,"dataquality","variables","A12"
"2023-11-15 17:24:43",0,"dataquality","variables","A12"
"2023-11-15 17:24:44",0,"dataquality","variables","A12"
"2023-11-15 17:24:45",0,"dataquality","variables","A12"
"2023-11-15 17:24:46",0,"dataquality","variables","A12"
"2023-11-15 17:24:47",0,"dataquality","variables","A12"
"2023-11-15 17:24:48",0,"dataquality","variables","A12"
"2023-11-15 17:24:49",0,"dataquality","variables","A12"
"2023-11-15 17:24:41","÷–Œƒ","sval","variables","A12"
"2023-11-15 17:24:42","÷–Œƒ","sval","variables","A12"
"2023-11-15 17:24:43","÷–Œƒ","sval","variables","A12"
"2023-11-15 17:24:44","÷–Œƒ","sval","variables","A12"
"2023-11-15 17:24:45","÷–Œƒ","sval","variables","A12"
"2023-11-15 17:24:46","÷–Œƒ","sval","variables","A12"
"2023-11-15 17:24:47","÷–Œƒ","sval","variables","A12"
"2023-11-15 17:24:48","÷–Œƒ","sval","variables","A12"
"2023-11-15 17:24:49","÷–Œƒ","sval","variables","A12"

[2023-11-15 17:24:50,928] logger_util.py->write_log line:61 [INFO] 接口请求成功！
[2023-11-15 17:24:50,928] logger_util.py->write_log line:61 [INFO] 
-------------接口请求结束-----------

[2023-11-15 17:24:50,934] logger_util.py->write_log line:61 [INFO] 
-------------接口请求开始-----------
[2023-11-15 17:24:50,934] logger_util.py->write_log line:61 [INFO] 接口名称：清除历史数据
[2023-11-15 17:24:50,934] logger_util.py->write_log line:61 [INFO] 接口方式：get
[2023-11-15 17:24:50,934] logger_util.py->write_log line:61 [INFO] 接口路径：http://127.0.0.1:18000/api/v1/historicarchive/group/b6c6f4b4-074c-41da-94fb-dbad49a31eff/cleanup
[2023-11-15 17:24:50,934] logger_util.py->write_log line:61 [INFO] 请求头：{'X-Project': 'cade0634c4a44304911e8cfdb1b8f8b9'}
[2023-11-15 17:24:50,934] logger_util.py->write_log line:61 [INFO] 文件上传：None
[2023-11-15 17:24:51,040] logger_util.py->write_log line:61 [INFO] 预期结果：[{'equals': {'status_code': 200}}]
[2023-11-15 17:24:51,040] logger_util.py->write_log line:61 [INFO] 实际结果：
[2023-11-15 17:24:51,040] logger_util.py->write_log line:61 [INFO] 接口请求成功！
[2023-11-15 17:24:51,040] logger_util.py->write_log line:61 [INFO] 
-------------接口请求结束-----------

