[2023-06-08 19:06:22,432] logger_util.py->write_log line:61 [INFO] -------------接口请求开始-----------
[2023-06-08 19:06:22,432] logger_util.py->write_log line:61 [INFO] 接口名称：创建报警文件夹
[2023-06-08 19:06:22,432] logger_util.py->write_log line:61 [INFO] 接口方式：post
[2023-06-08 19:06:22,432] logger_util.py->write_log line:61 [INFO] 接口路径：http://127.0.0.1:18000/api/v1/alarmfolder/add
[2023-06-08 19:06:22,433] logger_util.py->write_log line:61 [INFO] 请求头：{'Content-Type': 'application/json;charset=UTF-8', 'X-Project': 'db9de0e1e7f942b38ff71a16de047b19'}
[2023-06-08 19:06:22,433] logger_util.py->write_log line:61 [INFO] 请求参数：{'name': '报警文件夹65', 'nodeType': 0}
[2023-06-08 19:06:22,433] logger_util.py->write_log line:61 [INFO] 文件上传：None
[2023-06-08 19:06:22,560] logger_util.py->write_log line:61 [INFO] 预期结果：[{'equals': {'status_code': 200}}, {'equals': {'nodeType': 0}}, {'contains': 'id'}]
[2023-06-08 19:06:22,560] logger_util.py->write_log line:61 [INFO] 实际结果：{'id': 'a5938d20-e9b3-4c53-a06e-5f62695e6ebe', 'parentId': None, 'name': '报警文件夹65', 'nodeType': 0, 'sort': 5, 'children': None}
[2023-06-08 19:06:22,560] logger_util.py->write_log line:61 [INFO] 接口请求成功！
[2023-06-08 19:06:22,560] logger_util.py->write_log line:61 [INFO] -------------接口请求结束-----------

[2023-06-08 19:06:22,566] logger_util.py->write_log line:61 [INFO] -------------接口请求开始-----------
[2023-06-08 19:06:22,566] logger_util.py->write_log line:61 [INFO] 接口名称：创建报警组
[2023-06-08 19:06:22,566] logger_util.py->write_log line:61 [INFO] 接口方式：post
[2023-06-08 19:06:22,566] logger_util.py->write_log line:61 [INFO] 接口路径：http://127.0.0.1:18000/api/v1/alarmfolder/add
[2023-06-08 19:06:22,566] logger_util.py->write_log line:61 [INFO] 请求头：{'Content-Type': 'application/json;charset=UTF-8', 'X-Project': 'db9de0e1e7f942b38ff71a16de047b19'}
[2023-06-08 19:06:22,567] logger_util.py->write_log line:61 [INFO] 请求参数：{'name': '报警组25', 'nodeType': 1, 'parentId': None}
[2023-06-08 19:06:22,567] logger_util.py->write_log line:61 [INFO] 文件上传：None
[2023-06-08 19:06:22,668] logger_util.py->write_log line:61 [INFO] 预期结果：[{'equals': {'status_code': 200}}, {'equals': {'nodeType': 1}}, {'contains': 'id'}]
[2023-06-08 19:06:22,668] logger_util.py->write_log line:61 [INFO] 实际结果：{'id': '4899c32f-4789-4705-bfa6-75a26c41a857', 'parentId': None, 'name': '报警组25', 'nodeType': 1, 'sort': 6, 'children': None}
[2023-06-08 19:06:22,668] logger_util.py->write_log line:61 [INFO] 接口请求成功！
[2023-06-08 19:06:22,669] logger_util.py->write_log line:61 [INFO] -------------接口请求结束-----------

[2023-06-08 19:06:22,679] logger_util.py->write_log line:61 [INFO] -------------接口请求开始-----------
[2023-06-08 19:06:22,680] logger_util.py->write_log line:61 [INFO] 接口名称：更新报警组
[2023-06-08 19:06:22,680] logger_util.py->write_log line:61 [INFO] 接口方式：put
[2023-06-08 19:06:22,680] logger_util.py->write_log line:61 [INFO] 接口路径：http://127.0.0.1:18000/api/v1/alarmfolder/update
[2023-06-08 19:06:22,680] logger_util.py->write_log line:61 [INFO] 请求头：{'Content-Type': 'application/json;charset=UTF-8', 'X-Project': 'db9de0e1e7f942b38ff71a16de047b19'}
[2023-06-08 19:06:22,680] logger_util.py->write_log line:61 [INFO] 请求参数：{'id': 'a5938d20-e9b3-4c53-a06e-5f62695e6ebe', 'parentId': None, 'name': '修改报警文件65', 'nodeType': 0, 'sort': 1, 'children': []}
[2023-06-08 19:06:22,680] logger_util.py->write_log line:61 [INFO] 文件上传：None
[2023-06-08 19:06:22,775] logger_util.py->write_log line:61 [INFO] 预期结果：[{'equals': {'status_code': 200}}, {'equals': {'nodeType': 0}}, {'contains': 'id'}]
[2023-06-08 19:06:22,775] logger_util.py->write_log line:61 [INFO] 实际结果：{'id': 'a5938d20-e9b3-4c53-a06e-5f62695e6ebe', 'parentId': None, 'name': '修改报警文件65', 'nodeType': 0, 'sort': 5, 'children': None}
[2023-06-08 19:06:22,776] logger_util.py->write_log line:61 [INFO] 接口请求成功！
[2023-06-08 19:06:22,776] logger_util.py->write_log line:61 [INFO] -------------接口请求结束-----------

[2023-06-08 19:06:22,783] logger_util.py->write_log line:61 [INFO] -------------接口请求开始-----------
[2023-06-08 19:06:22,783] logger_util.py->write_log line:61 [INFO] 接口名称：更新报警组
[2023-06-08 19:06:22,783] logger_util.py->write_log line:61 [INFO] 接口方式：put
[2023-06-08 19:06:22,783] logger_util.py->write_log line:61 [INFO] 接口路径：http://127.0.0.1:18000/api/v1/alarmfolder/update
[2023-06-08 19:06:22,783] logger_util.py->write_log line:61 [INFO] 请求头：{'Content-Type': 'application/json;charset=UTF-8', 'X-Project': 'db9de0e1e7f942b38ff71a16de047b19'}
[2023-06-08 19:06:22,783] logger_util.py->write_log line:61 [INFO] 请求参数：{'id': '4899c32f-4789-4705-bfa6-75a26c41a857', 'parentId': 'a5938d20-e9b3-4c53-a06e-5f62695e6ebe', 'name': '修改报警组67', 'nodeType': 1, 'sort': 1, 'children': []}
[2023-06-08 19:06:22,783] logger_util.py->write_log line:61 [INFO] 文件上传：None
[2023-06-08 19:06:22,892] logger_util.py->write_log line:61 [INFO] 预期结果：[{'equals': {'status_code': 200}}, {'equals': {'nodeType': 1}}, {'contains': 'id'}]
[2023-06-08 19:06:22,892] logger_util.py->write_log line:61 [INFO] 实际结果：{'id': '4899c32f-4789-4705-bfa6-75a26c41a857', 'parentId': None, 'name': '修改报警组67', 'nodeType': 1, 'sort': 6, 'children': None}
[2023-06-08 19:06:22,892] logger_util.py->write_log line:61 [INFO] 接口请求成功！
[2023-06-08 19:06:22,892] logger_util.py->write_log line:61 [INFO] -------------接口请求结束-----------

[2023-06-08 19:06:22,898] logger_util.py->write_log line:61 [INFO] -------------接口请求开始-----------
[2023-06-08 19:06:22,898] logger_util.py->write_log line:61 [INFO] 接口名称：查询报警组树
[2023-06-08 19:06:22,898] logger_util.py->write_log line:61 [INFO] 接口方式：get
[2023-06-08 19:06:22,898] logger_util.py->write_log line:61 [INFO] 接口路径：http://127.0.0.1:18000/api/v1/alarmfolder/gettree
[2023-06-08 19:06:22,898] logger_util.py->write_log line:61 [INFO] 请求头：{'Content-Type': 'application/json;charset=UTF-8', 'X-Project': 'db9de0e1e7f942b38ff71a16de047b19'}
[2023-06-08 19:06:22,898] logger_util.py->write_log line:61 [INFO] 文件上传：None
[2023-06-08 19:06:22,909] logger_util.py->write_log line:61 [INFO] 预期结果：[{'equals': {'status_code': 200}}]
[2023-06-08 19:06:22,909] logger_util.py->write_log line:61 [INFO] 实际结果：[{'id': 'a5938d20-e9b3-4c53-a06e-5f62695e6ebe', 'parentId': None, 'name': '修改报警文件65', 'nodeType': 0, 'sort': 5, 'children': []}, {'id': 'afd951e0-51ba-4d46-9d52-bd61ebcad9cb', 'parentId': None, 'name': '报警组81', 'nodeType': 1, 'sort': 1, 'children': None}, {'id': '555f2e51-6a15-4fe0-8585-af3523267dd6', 'parentId': None, 'name': '报警组60', 'nodeType': 1, 'sort': 2, 'children': None}, {'id': 'c442dfc1-bc15-4410-bb5c-49fc169934d2', 'parentId': None, 'name': '报警组77', 'nodeType': 1, 'sort': 3, 'children': None}, {'id': 'b50453ed-c0e8-4181-b1d4-1cba6c94f628', 'parentId': None, 'name': '报警组76', 'nodeType': 1, 'sort': 4, 'children': None}, {'id': '4899c32f-4789-4705-bfa6-75a26c41a857', 'parentId': None, 'name': '修改报警组67', 'nodeType': 1, 'sort': 6, 'children': None}]
[2023-06-08 19:06:22,909] logger_util.py->write_log line:61 [INFO] 接口请求成功！
[2023-06-08 19:06:22,909] logger_util.py->write_log line:61 [INFO] -------------接口请求结束-----------

[2023-06-08 19:06:22,916] logger_util.py->write_log line:61 [INFO] -------------接口请求开始-----------
[2023-06-08 19:06:22,916] logger_util.py->write_log line:61 [INFO] 接口名称：删除报警文件夹
[2023-06-08 19:06:22,916] logger_util.py->write_log line:61 [INFO] 接口方式：delete
[2023-06-08 19:06:22,916] logger_util.py->write_log line:61 [INFO] 接口路径：http://127.0.0.1:18000/api/v1/alarmfolder/delete
[2023-06-08 19:06:22,916] logger_util.py->write_log line:61 [INFO] 请求头：{'Content-Type': 'application/json;charset=UTF-8', 'X-Project': 'db9de0e1e7f942b38ff71a16de047b19'}
[2023-06-08 19:06:22,917] logger_util.py->write_log line:61 [INFO] 请求参数：{'type': 0, 'id': 'a5938d20-e9b3-4c53-a06e-5f62695e6ebe'}
[2023-06-08 19:06:22,917] logger_util.py->write_log line:61 [INFO] 文件上传：None
[2023-06-08 19:06:23,028] logger_util.py->write_log line:61 [INFO] 预期结果：[{'equals': {'status_code': 200}}]
[2023-06-08 19:06:23,028] logger_util.py->write_log line:61 [INFO] 实际结果：Delete Success
[2023-06-08 19:06:23,028] logger_util.py->write_log line:61 [INFO] 接口请求成功！
[2023-06-08 19:06:23,028] logger_util.py->write_log line:61 [INFO] -------------接口请求结束-----------

[2023-06-08 19:06:23,034] logger_util.py->write_log line:61 [INFO] -------------接口请求开始-----------
[2023-06-08 19:06:23,034] logger_util.py->write_log line:61 [INFO] 接口名称：删除报警组
[2023-06-08 19:06:23,034] logger_util.py->write_log line:61 [INFO] 接口方式：delete
[2023-06-08 19:06:23,035] logger_util.py->write_log line:61 [INFO] 接口路径：http://127.0.0.1:18000/api/v1/alarmfolder/delete
[2023-06-08 19:06:23,035] logger_util.py->write_log line:61 [INFO] 请求头：{'Content-Type': 'application/json;charset=UTF-8', 'X-Project': 'db9de0e1e7f942b38ff71a16de047b19'}
[2023-06-08 19:06:23,035] logger_util.py->write_log line:61 [INFO] 请求参数：{'type': 1, 'id': '4899c32f-4789-4705-bfa6-75a26c41a857'}
[2023-06-08 19:06:23,035] logger_util.py->write_log line:61 [INFO] 文件上传：None
[2023-06-08 19:06:23,127] logger_util.py->write_log line:61 [INFO] 预期结果：[{'equals': {'status_code': 200}}]
[2023-06-08 19:06:23,127] logger_util.py->write_log line:61 [INFO] 实际结果：Delete Success
[2023-06-08 19:06:23,127] logger_util.py->write_log line:61 [INFO] 接口请求成功！
[2023-06-08 19:06:23,128] logger_util.py->write_log line:61 [INFO] -------------接口请求结束-----------

[2023-06-08 19:06:23,134] logger_util.py->write_log line:61 [INFO] -------------接口请求开始-----------
[2023-06-08 19:06:23,134] logger_util.py->write_log line:61 [INFO] 接口名称：创建报警组
[2023-06-08 19:06:23,134] logger_util.py->write_log line:61 [INFO] 接口方式：post
[2023-06-08 19:06:23,134] logger_util.py->write_log line:61 [INFO] 接口路径：http://127.0.0.1:18000/api/v1/alarmfolder/add
[2023-06-08 19:06:23,134] logger_util.py->write_log line:61 [INFO] 请求头：{'Content-Type': 'application/json;charset=UTF-8', 'X-Project': 'db9de0e1e7f942b38ff71a16de047b19'}
[2023-06-08 19:06:23,134] logger_util.py->write_log line:61 [INFO] 请求参数：{'name': '报警组41', 'nodeType': 1, 'parentId': None}
[2023-06-08 19:06:23,134] logger_util.py->write_log line:61 [INFO] 文件上传：None
[2023-06-08 19:06:23,240] logger_util.py->write_log line:61 [INFO] 预期结果：[{'equals': {'status_code': 200}}, {'equals': {'nodeType': 1}}, {'contains': 'id'}]
[2023-06-08 19:06:23,240] logger_util.py->write_log line:61 [INFO] 实际结果：{'id': 'ced24cd8-c63b-42d3-9783-734ca50f9bc1', 'parentId': None, 'name': '报警组41', 'nodeType': 1, 'sort': 5, 'children': None}
[2023-06-08 19:06:23,241] logger_util.py->write_log line:61 [INFO] 接口请求成功！
[2023-06-08 19:06:23,241] logger_util.py->write_log line:61 [INFO] -------------接口请求结束-----------

[2023-06-08 19:06:23,254] logger_util.py->write_log line:61 [INFO] -------------接口请求开始-----------
[2023-06-08 19:06:23,254] logger_util.py->write_log line:61 [INFO] 接口名称：创建报警等级
[2023-06-08 19:06:23,254] logger_util.py->write_log line:61 [INFO] 接口方式：post
[2023-06-08 19:06:23,254] logger_util.py->write_log line:61 [INFO] 接口路径：http://127.0.0.1:18000/api/v1/alarmlevel/add
[2023-06-08 19:06:23,254] logger_util.py->write_log line:61 [INFO] 请求头：{'Content-Type': 'application/json;charset=UTF-8', 'X-Project': 'db9de0e1e7f942b38ff71a16de047b19'}
[2023-06-08 19:06:23,254] logger_util.py->write_log line:61 [INFO] 请求参数：[{'name': '报警等级64'}]
[2023-06-08 19:06:23,254] logger_util.py->write_log line:61 [INFO] 文件上传：None
[2023-06-08 19:06:23,360] logger_util.py->write_log line:61 [INFO] 预期结果：[{'equals': {'status_code': 200}}]
[2023-06-08 19:06:23,360] logger_util.py->write_log line:61 [INFO] 实际结果：[{'id': '6ccfb37d-ff8d-47da-afa9-4d0b4df4eaeb', 'name': '报警等级64'}]
[2023-06-08 19:06:23,360] logger_util.py->write_log line:61 [INFO] 接口请求成功！
[2023-06-08 19:06:23,361] logger_util.py->write_log line:61 [INFO] -------------接口请求结束-----------

[2023-06-08 19:06:23,372] logger_util.py->write_log line:61 [INFO] -------------接口请求开始-----------
[2023-06-08 19:06:23,372] logger_util.py->write_log line:61 [INFO] 接口名称：更新报警等级
[2023-06-08 19:06:23,372] logger_util.py->write_log line:61 [INFO] 接口方式：put
[2023-06-08 19:06:23,372] logger_util.py->write_log line:61 [INFO] 接口路径：http://127.0.0.1:18000/api/v1/alarmlevel/update
[2023-06-08 19:06:23,372] logger_util.py->write_log line:61 [INFO] 请求头：{'Content-Type': 'application/json;charset=UTF-8', 'X-Project': 'db9de0e1e7f942b38ff71a16de047b19'}
[2023-06-08 19:06:23,372] logger_util.py->write_log line:61 [INFO] 请求参数：[{'id': '6ccfb37d-ff8d-47da-afa9-4d0b4df4eaeb', 'name': '更新报警等级37'}]
[2023-06-08 19:06:23,372] logger_util.py->write_log line:61 [INFO] 文件上传：None
[2023-06-08 19:06:23,460] logger_util.py->write_log line:61 [INFO] 预期结果：[{'equals': {'status_code': 200}}]
[2023-06-08 19:06:23,460] logger_util.py->write_log line:61 [INFO] 实际结果：[{'id': '6ccfb37d-ff8d-47da-afa9-4d0b4df4eaeb', 'name': '更新报警等级37'}]
[2023-06-08 19:06:23,460] logger_util.py->write_log line:61 [INFO] 接口请求成功！
[2023-06-08 19:06:23,460] logger_util.py->write_log line:61 [INFO] -------------接口请求结束-----------

[2023-06-08 19:06:23,466] logger_util.py->write_log line:61 [INFO] -------------接口请求开始-----------
[2023-06-08 19:06:23,466] logger_util.py->write_log line:61 [INFO] 接口名称：查询报警等级
[2023-06-08 19:06:23,466] logger_util.py->write_log line:61 [INFO] 接口方式：get
[2023-06-08 19:06:23,466] logger_util.py->write_log line:61 [INFO] 接口路径：http://127.0.0.1:18000/api/v1/alarmlevel/query
[2023-06-08 19:06:23,466] logger_util.py->write_log line:61 [INFO] 请求头：{'Content-Type': 'application/json;charset=UTF-8', 'X-Project': 'db9de0e1e7f942b38ff71a16de047b19'}
[2023-06-08 19:06:23,466] logger_util.py->write_log line:61 [INFO] 文件上传：None
[2023-06-08 19:06:23,470] logger_util.py->write_log line:61 [INFO] 预期结果：[{'equals': {'status_code': 200}}]
[2023-06-08 19:06:23,470] logger_util.py->write_log line:61 [INFO] 实际结果：[{'id': '6ccfb37d-ff8d-47da-afa9-4d0b4df4eaeb', 'name': '更新报警等级37'}, {'id': '3629934f-eefc-49b8-8d89-e842cb8156fd', 'name': '报警等级10'}, {'id': 'f664e80a-72f6-4444-92dd-e783075c22df', 'name': '报警等级8'}, {'id': 'e6532079-a089-472f-972a-09f5071771dd', 'name': '报警等级82'}, {'id': '9c92e235-ab46-496a-9bd2-531a88e161da', 'name': '报警等级45'}]
[2023-06-08 19:06:23,470] logger_util.py->write_log line:61 [INFO] 接口请求成功！
[2023-06-08 19:06:23,470] logger_util.py->write_log line:61 [INFO] -------------接口请求结束-----------

[2023-06-08 19:06:23,477] logger_util.py->write_log line:61 [INFO] -------------接口请求开始-----------
[2023-06-08 19:06:23,477] logger_util.py->write_log line:61 [INFO] 接口名称：删除报警等级
[2023-06-08 19:06:23,477] logger_util.py->write_log line:61 [INFO] 接口方式：delete
[2023-06-08 19:06:23,477] logger_util.py->write_log line:61 [INFO] 接口路径：http://127.0.0.1:18000/api/v1/alarmlevel/delete
[2023-06-08 19:06:23,477] logger_util.py->write_log line:61 [INFO] 请求头：{'Content-Type': 'application/json;charset=UTF-8', 'X-Project': 'db9de0e1e7f942b38ff71a16de047b19'}
[2023-06-08 19:06:23,477] logger_util.py->write_log line:61 [INFO] 请求参数：['6ccfb37d-ff8d-47da-afa9-4d0b4df4eaeb']
[2023-06-08 19:06:23,477] logger_util.py->write_log line:61 [INFO] 文件上传：None
[2023-06-08 19:06:23,576] logger_util.py->write_log line:61 [INFO] 预期结果：[{'equals': {'status_code': 200}}]
[2023-06-08 19:06:23,576] logger_util.py->write_log line:61 [INFO] 实际结果：Delete Success
[2023-06-08 19:06:23,577] logger_util.py->write_log line:61 [INFO] 接口请求成功！
[2023-06-08 19:06:23,577] logger_util.py->write_log line:61 [INFO] -------------接口请求结束-----------

[2023-06-08 19:06:23,583] logger_util.py->write_log line:61 [INFO] -------------接口请求开始-----------
[2023-06-08 19:06:23,583] logger_util.py->write_log line:61 [INFO] 接口名称：创建报警等级
[2023-06-08 19:06:23,583] logger_util.py->write_log line:61 [INFO] 接口方式：post
[2023-06-08 19:06:23,583] logger_util.py->write_log line:61 [INFO] 接口路径：http://127.0.0.1:18000/api/v1/alarmlevel/add
[2023-06-08 19:06:23,583] logger_util.py->write_log line:61 [INFO] 请求头：{'Content-Type': 'application/json;charset=UTF-8', 'X-Project': 'db9de0e1e7f942b38ff71a16de047b19'}
[2023-06-08 19:06:23,583] logger_util.py->write_log line:61 [INFO] 请求参数：[{'name': '报警等级30'}]
[2023-06-08 19:06:23,584] logger_util.py->write_log line:61 [INFO] 文件上传：None
[2023-06-08 19:06:23,691] logger_util.py->write_log line:61 [INFO] 预期结果：[{'equals': {'status_code': 200}}]
[2023-06-08 19:06:23,691] logger_util.py->write_log line:61 [INFO] 实际结果：[{'id': '46993ffd-35ab-4c04-aa7f-a0aeea490be9', 'name': '报警等级30'}]
[2023-06-08 19:06:23,691] logger_util.py->write_log line:61 [INFO] 接口请求成功！
[2023-06-08 19:06:23,691] logger_util.py->write_log line:61 [INFO] -------------接口请求结束-----------

[2023-06-08 19:06:23,702] logger_util.py->write_log line:61 [INFO] -------------接口请求开始-----------
[2023-06-08 19:06:23,702] logger_util.py->write_log line:61 [INFO] 接口名称：创建报警类别组
[2023-06-08 19:06:23,703] logger_util.py->write_log line:61 [INFO] 接口方式：post
[2023-06-08 19:06:23,703] logger_util.py->write_log line:61 [INFO] 接口路径：http://127.0.0.1:18000/api/v1/alarmtypegroup/add
[2023-06-08 19:06:23,703] logger_util.py->write_log line:61 [INFO] 请求头：{'Content-Type': 'application/json;charset=UTF-8', 'X-Project': 'db9de0e1e7f942b38ff71a16de047b19'}
[2023-06-08 19:06:23,703] logger_util.py->write_log line:61 [INFO] 请求参数：[{'name': '报警类别组54'}]
[2023-06-08 19:06:23,703] logger_util.py->write_log line:61 [INFO] 文件上传：None
[2023-06-08 19:06:23,712] logger_util.py->error_log line:65 [INFO] 分析YAML文件异常：异常信息: Traceback (most recent call last):
  File "E:\Project_python\2TestCMS2.0\common\requests_util.py", line 242, in analysis_yaml
    extract_data = {key: return_data[value]}
KeyError: 'id.0'

[2023-06-08 19:06:23,875] logger_util.py->error_log line:65 [INFO] 发送请求异常：异常信息: Traceback (most recent call last):
  File "E:\Project_python\2TestCMS2.0\common\requests_util.py", line 318, in send_request
    kwargs[key] = self.replace_load(value)
  File "E:\Project_python\2TestCMS2.0\common\requests_util.py", line 150, in replace_load
    new_value = getattr(DubugTalk(), func_name)(*args_value.split(','))
  File "E:\Project_python\2TestCMS2.0\debug_talk.py", line 16, in get_extract_data
    return read_extract_file(node_name)
  File "E:\Project_python\2TestCMS2.0\common\yaml_util.py", line 19, in read_extract_file
    return value[one_node]
KeyError: 'Alarm_Category_ID'

[2023-06-08 19:06:23,875] logger_util.py->error_log line:65 [INFO] 分析YAML文件异常：异常信息: Traceback (most recent call last):
  File "E:\Project_python\2TestCMS2.0\common\requests_util.py", line 318, in send_request
    kwargs[key] = self.replace_load(value)
  File "E:\Project_python\2TestCMS2.0\common\requests_util.py", line 150, in replace_load
    new_value = getattr(DubugTalk(), func_name)(*args_value.split(','))
  File "E:\Project_python\2TestCMS2.0\debug_talk.py", line 16, in get_extract_data
    return read_extract_file(node_name)
  File "E:\Project_python\2TestCMS2.0\common\yaml_util.py", line 19, in read_extract_file
    return value[one_node]
KeyError: 'Alarm_Category_ID'

During handling of the above exception, another exception occurred:

Traceback (most recent call last):
  File "E:\Project_python\2TestCMS2.0\common\requests_util.py", line 197, in analysis_yaml
    res = self.send_request(name =name,method=method,
  File "E:\Project_python\2TestCMS2.0\common\requests_util.py", line 338, in send_request
    error_log("发送请求异常：异常信息: %s" % str(traceback.format_exc()))
  File "E:\Project_python\2TestCMS2.0\common\logger_util.py", line 66, in error_log
    raise Exception(log_message)
Exception: 发送请求异常：异常信息: Traceback (most recent call last):
  File "E:\Project_python\2TestCMS2.0\common\requests_util.py", line 318, in send_request
    kwargs[key] = self.replace_load(value)
  File "E:\Project_python\2TestCMS2.0\common\requests_util.py", line 150, in replace_load
    new_value = getattr(DubugTalk(), func_name)(*args_value.split(','))
  File "E:\Project_python\2TestCMS2.0\debug_talk.py", line 16, in get_extract_data
    return read_extract_file(node_name)
  File "E:\Project_python\2TestCMS2.0\common\yaml_util.py", line 19, in read_extract_file
    return value[one_node]
KeyError: 'Alarm_Category_ID'


[2023-06-08 19:06:23,910] logger_util.py->error_log line:65 [INFO] 发送请求异常：异常信息: Traceback (most recent call last):
  File "E:\Project_python\2TestCMS2.0\common\requests_util.py", line 318, in send_request
    kwargs[key] = self.replace_load(value)
  File "E:\Project_python\2TestCMS2.0\common\requests_util.py", line 150, in replace_load
    new_value = getattr(DubugTalk(), func_name)(*args_value.split(','))
  File "E:\Project_python\2TestCMS2.0\debug_talk.py", line 16, in get_extract_data
    return read_extract_file(node_name)
  File "E:\Project_python\2TestCMS2.0\common\yaml_util.py", line 19, in read_extract_file
    return value[one_node]
KeyError: 'Alarm_Category_ID'

[2023-06-08 19:06:23,911] logger_util.py->error_log line:65 [INFO] 分析YAML文件异常：异常信息: Traceback (most recent call last):
  File "E:\Project_python\2TestCMS2.0\common\requests_util.py", line 318, in send_request
    kwargs[key] = self.replace_load(value)
  File "E:\Project_python\2TestCMS2.0\common\requests_util.py", line 150, in replace_load
    new_value = getattr(DubugTalk(), func_name)(*args_value.split(','))
  File "E:\Project_python\2TestCMS2.0\debug_talk.py", line 16, in get_extract_data
    return read_extract_file(node_name)
  File "E:\Project_python\2TestCMS2.0\common\yaml_util.py", line 19, in read_extract_file
    return value[one_node]
KeyError: 'Alarm_Category_ID'

During handling of the above exception, another exception occurred:

Traceback (most recent call last):
  File "E:\Project_python\2TestCMS2.0\common\requests_util.py", line 197, in analysis_yaml
    res = self.send_request(name =name,method=method,
  File "E:\Project_python\2TestCMS2.0\common\requests_util.py", line 338, in send_request
    error_log("发送请求异常：异常信息: %s" % str(traceback.format_exc()))
  File "E:\Project_python\2TestCMS2.0\common\logger_util.py", line 66, in error_log
    raise Exception(log_message)
Exception: 发送请求异常：异常信息: Traceback (most recent call last):
  File "E:\Project_python\2TestCMS2.0\common\requests_util.py", line 318, in send_request
    kwargs[key] = self.replace_load(value)
  File "E:\Project_python\2TestCMS2.0\common\requests_util.py", line 150, in replace_load
    new_value = getattr(DubugTalk(), func_name)(*args_value.split(','))
  File "E:\Project_python\2TestCMS2.0\debug_talk.py", line 16, in get_extract_data
    return read_extract_file(node_name)
  File "E:\Project_python\2TestCMS2.0\common\yaml_util.py", line 19, in read_extract_file
    return value[one_node]
KeyError: 'Alarm_Category_ID'


[2023-06-08 19:06:23,944] logger_util.py->write_log line:61 [INFO] -------------接口请求开始-----------
[2023-06-08 19:06:23,944] logger_util.py->write_log line:61 [INFO] 接口名称：创建报警类别组
[2023-06-08 19:06:23,944] logger_util.py->write_log line:61 [INFO] 接口方式：post
[2023-06-08 19:06:23,944] logger_util.py->write_log line:61 [INFO] 接口路径：http://127.0.0.1:18000/api/v1/alarmtypegroup/add
[2023-06-08 19:06:23,945] logger_util.py->write_log line:61 [INFO] 请求头：{'Content-Type': 'application/json;charset=UTF-8', 'X-Project': 'db9de0e1e7f942b38ff71a16de047b19'}
[2023-06-08 19:06:23,945] logger_util.py->write_log line:61 [INFO] 请求参数：[{'name': '报警类别组4'}]
[2023-06-08 19:06:23,945] logger_util.py->write_log line:61 [INFO] 文件上传：None
[2023-06-08 19:06:24,447] logger_util.py->write_log line:61 [INFO] 预期结果：[{'equals': {'status_code': 200}}]
[2023-06-08 19:06:24,447] logger_util.py->write_log line:61 [INFO] 实际结果：[{'id': '5270e0b1-2e98-4cdd-acab-7080e2533bb2', 'name': '报警类别组4', 'sort': 25}]
[2023-06-08 19:06:24,447] logger_util.py->write_log line:61 [INFO] 接口请求成功！
[2023-06-08 19:06:24,447] logger_util.py->write_log line:61 [INFO] -------------接口请求结束-----------

[2023-06-08 19:06:24,453] logger_util.py->write_log line:61 [INFO] -------------接口请求开始-----------
[2023-06-08 19:06:24,453] logger_util.py->write_log line:61 [INFO] 接口名称：查询报警类别组
[2023-06-08 19:06:24,454] logger_util.py->write_log line:61 [INFO] 接口方式：get
[2023-06-08 19:06:24,454] logger_util.py->write_log line:61 [INFO] 接口路径：http://127.0.0.1:18000/api/v1/alarmtypegroup/query
[2023-06-08 19:06:24,454] logger_util.py->write_log line:61 [INFO] 请求头：{'Content-Type': 'application/json;charset=UTF-8', 'X-Project': 'db9de0e1e7f942b38ff71a16de047b19'}
[2023-06-08 19:06:24,454] logger_util.py->write_log line:61 [INFO] 文件上传：None
[2023-06-08 19:06:24,458] logger_util.py->write_log line:61 [INFO] 预期结果：[{'equals': {'status_code': 200}}]
[2023-06-08 19:06:24,458] logger_util.py->write_log line:61 [INFO] 实际结果：[{'id': '798fe8fc-4b91-4743-9bb2-c91f62c98327', 'name': '报警类别组94', 'sort': 5}, {'id': '3be872f8-5ae8-4499-955b-046f8b29b24d', 'name': '报警类别组80', 'sort': 10}, {'id': 'df1a27d2-4e75-44d3-92c3-e9bef1703e02', 'name': '报警类别组69', 'sort': 15}, {'id': 'fd5d808a-4290-4b9c-bacc-4a7d7ede7e28', 'name': '报警类别组54', 'sort': 20}, {'id': '5270e0b1-2e98-4cdd-acab-7080e2533bb2', 'name': '报警类别组4', 'sort': 25}]
[2023-06-08 19:06:24,458] logger_util.py->write_log line:61 [INFO] 接口请求成功！
[2023-06-08 19:06:24,458] logger_util.py->write_log line:61 [INFO] -------------接口请求结束-----------

[2023-06-08 19:06:24,469] logger_util.py->write_log line:61 [INFO] -------------接口请求开始-----------
[2023-06-08 19:06:24,469] logger_util.py->write_log line:61 [INFO] 接口名称：创建报警类别项
[2023-06-08 19:06:24,469] logger_util.py->write_log line:61 [INFO] 接口方式：post
[2023-06-08 19:06:24,469] logger_util.py->write_log line:61 [INFO] 接口路径：http://127.0.0.1:18000/api/v1/alarmtype/add
[2023-06-08 19:06:24,469] logger_util.py->write_log line:61 [INFO] 请求头：{'Content-Type': 'application/json;charset=UTF-8', 'X-Project': 'db9de0e1e7f942b38ff71a16de047b19'}
[2023-06-08 19:06:24,469] logger_util.py->write_log line:61 [INFO] 请求参数：[{'name': '类别项86', 'groupID': '5270e0b1-2e98-4cdd-acab-7080e2533bb2'}]
[2023-06-08 19:06:24,469] logger_util.py->write_log line:61 [INFO] 文件上传：None
[2023-06-08 19:06:24,561] logger_util.py->write_log line:61 [INFO] 预期结果：[{'equals': {'status_code': 200}}]
[2023-06-08 19:06:24,561] logger_util.py->write_log line:61 [INFO] 实际结果：[{'id': '71c723af-bffd-4693-86a1-22a44bad035e', 'groupID': '5270e0b1-2e98-4cdd-acab-7080e2533bb2', 'name': '类别项86', 'groupName': None}]
[2023-06-08 19:06:24,561] logger_util.py->write_log line:61 [INFO] 接口请求成功！
[2023-06-08 19:06:24,561] logger_util.py->write_log line:61 [INFO] -------------接口请求结束-----------

[2023-06-08 19:06:24,575] logger_util.py->write_log line:61 [INFO] -------------接口请求开始-----------
[2023-06-08 19:06:24,576] logger_util.py->write_log line:61 [INFO] 接口名称：更新报警类别项
[2023-06-08 19:06:24,576] logger_util.py->write_log line:61 [INFO] 接口方式：put
[2023-06-08 19:06:24,576] logger_util.py->write_log line:61 [INFO] 接口路径：http://127.0.0.1:18000/api/v1/alarmtype/update
[2023-06-08 19:06:24,576] logger_util.py->write_log line:61 [INFO] 请求头：{'Content-Type': 'application/json;charset=UTF-8', 'X-Project': 'db9de0e1e7f942b38ff71a16de047b19'}
[2023-06-08 19:06:24,576] logger_util.py->write_log line:61 [INFO] 请求参数：[{'id': '71c723af-bffd-4693-86a1-22a44bad035e', 'groupID': '5270e0b1-2e98-4cdd-acab-7080e2533bb2', 'name': '更新类别项50', 'groupName': '报警类别组4'}]
[2023-06-08 19:06:24,576] logger_util.py->write_log line:61 [INFO] 文件上传：None
[2023-06-08 19:06:24,669] logger_util.py->write_log line:61 [INFO] 预期结果：[{'equals': {'status_code': 200}}]
[2023-06-08 19:06:24,669] logger_util.py->write_log line:61 [INFO] 实际结果：[{'id': '71c723af-bffd-4693-86a1-22a44bad035e', 'groupID': '5270e0b1-2e98-4cdd-acab-7080e2533bb2', 'name': '更新类别项50', 'groupName': None}]
[2023-06-08 19:06:24,669] logger_util.py->write_log line:61 [INFO] 接口请求成功！
[2023-06-08 19:06:24,670] logger_util.py->write_log line:61 [INFO] -------------接口请求结束-----------

[2023-06-08 19:06:24,675] logger_util.py->write_log line:61 [INFO] -------------接口请求开始-----------
[2023-06-08 19:06:24,675] logger_util.py->write_log line:61 [INFO] 接口名称：获取报警类别项
[2023-06-08 19:06:24,675] logger_util.py->write_log line:61 [INFO] 接口方式：get
[2023-06-08 19:06:24,676] logger_util.py->write_log line:61 [INFO] 接口路径：http://127.0.0.1:18000/api/v1/alarmtype/query
[2023-06-08 19:06:24,676] logger_util.py->write_log line:61 [INFO] 请求头：{'Content-Type': 'application/json;charset=UTF-8', 'X-Project': 'db9de0e1e7f942b38ff71a16de047b19'}
[2023-06-08 19:06:24,676] logger_util.py->write_log line:61 [INFO] 文件上传：None
[2023-06-08 19:06:24,681] logger_util.py->write_log line:61 [INFO] 预期结果：[{'equals': {'status_code': 200}}]
[2023-06-08 19:06:24,681] logger_util.py->write_log line:61 [INFO] 实际结果：[{'id': '7ce60aa1-0408-409d-bd4f-16316a19e63a', 'groupID': '798fe8fc-4b91-4743-9bb2-c91f62c98327', 'name': '更新类别项33', 'groupName': '报警类别组94'}, {'id': '3937caa2-19d0-4ca9-98f7-bfdf6887fa4f', 'groupID': '3be872f8-5ae8-4499-955b-046f8b29b24d', 'name': '更新类别项22', 'groupName': '报警类别组80'}, {'id': '33391288-7ec1-4c10-a452-1d452ec83c28', 'groupID': 'df1a27d2-4e75-44d3-92c3-e9bef1703e02', 'name': '更新类别项15', 'groupName': '报警类别组69'}, {'id': '400d89c1-8737-4007-82a0-73dba3550535', 'groupID': 'fd5d808a-4290-4b9c-bacc-4a7d7ede7e28', 'name': '更新类别项17', 'groupName': '报警类别组54'}, {'id': '71c723af-bffd-4693-86a1-22a44bad035e', 'groupID': '5270e0b1-2e98-4cdd-acab-7080e2533bb2', 'name': '更新类别项50', 'groupName': '报警类别组4'}]
[2023-06-08 19:06:24,681] logger_util.py->write_log line:61 [INFO] 接口请求成功！
[2023-06-08 19:06:24,681] logger_util.py->write_log line:61 [INFO] -------------接口请求结束-----------

[2023-06-08 19:06:24,698] logger_util.py->write_log line:61 [INFO] -------------接口请求开始-----------
[2023-06-08 19:06:24,698] logger_util.py->write_log line:61 [INFO] 接口名称：创建报警点
[2023-06-08 19:06:24,698] logger_util.py->write_log line:61 [INFO] 接口方式：post
[2023-06-08 19:06:24,698] logger_util.py->write_log line:61 [INFO] 接口路径：http://127.0.0.1:18000/api/v1/alarmpoint/add
[2023-06-08 19:06:24,698] logger_util.py->write_log line:61 [INFO] 请求头：{'Content-Type': 'application/json;charset=UTF-8', 'X-Project': 'db9de0e1e7f942b38ff71a16de047b19'}
[2023-06-08 19:06:24,698] logger_util.py->write_log line:61 [INFO] 请求参数：[{'groupID': 'ced24cd8-c63b-42d3-9783-734ca50f9bc1', 'groupName': '报警组41', 'name': '报警名称62', 'content': '报警信息62', 'expression': 'G1==true', 'levelID': '46993ffd-35ab-4c04-aa7f-a0aeea490be9', 'levelName': '报警等级30', 'typeIDs': ['71c723af-bffd-4693-86a1-22a44bad035e']}]
[2023-06-08 19:06:24,699] logger_util.py->write_log line:61 [INFO] 文件上传：None
[2023-06-08 19:06:24,881] logger_util.py->write_log line:61 [INFO] 预期结果：[{'equals': {'status_code': 200}}]
[2023-06-08 19:06:24,881] logger_util.py->write_log line:61 [INFO] 实际结果：[{'id': 'dce518e4-33b2-4cfe-9211-412ba1084704', 'groupID': 'ced24cd8-c63b-42d3-9783-734ca50f9bc1', 'groupName': None, 'name': '报警名称62', 'content': '报警信息62', 'expression': 'G1==true', 'levelID': '46993ffd-35ab-4c04-aa7f-a0aeea490be9', 'levelName': None, 'typeIDs': [], 'typeNames': [], 'typeNameJoin': ''}]
[2023-06-08 19:06:24,881] logger_util.py->write_log line:61 [INFO] 接口请求成功！
[2023-06-08 19:06:24,882] logger_util.py->write_log line:61 [INFO] -------------接口请求结束-----------

[2023-06-08 19:06:24,901] logger_util.py->write_log line:61 [INFO] -------------接口请求开始-----------
[2023-06-08 19:06:24,901] logger_util.py->write_log line:61 [INFO] 接口名称：更新报警点
[2023-06-08 19:06:24,902] logger_util.py->write_log line:61 [INFO] 接口方式：put
[2023-06-08 19:06:24,902] logger_util.py->write_log line:61 [INFO] 接口路径：http://127.0.0.1:18000/api/v1/alarmpoint/update
[2023-06-08 19:06:24,902] logger_util.py->write_log line:61 [INFO] 请求头：{'Content-Type': 'application/json;charset=UTF-8', 'X-Project': 'db9de0e1e7f942b38ff71a16de047b19'}
[2023-06-08 19:06:24,902] logger_util.py->write_log line:61 [INFO] 请求参数：[{'id': 'dce518e4-33b2-4cfe-9211-412ba1084704', 'groupID': 'ced24cd8-c63b-42d3-9783-734ca50f9bc1', 'groupName': '报警组41', 'name': '更新报警名称87', 'content': '更新报警信息87', 'expression': 'G1==false', 'levelID': '46993ffd-35ab-4c04-aa7f-a0aeea490be9', 'levelName': '报警等级30', 'typeIDs': ['71c723af-bffd-4693-86a1-22a44bad035e'], 'typeNames': ['更新类别项50'], 'typeNameJoin': '更新类别项50'}]
[2023-06-08 19:06:24,902] logger_util.py->write_log line:61 [INFO] 文件上传：None
[2023-06-08 19:06:25,189] logger_util.py->write_log line:61 [INFO] 预期结果：[{'equals': {'status_code': 200}}]
[2023-06-08 19:06:25,189] logger_util.py->write_log line:61 [INFO] 实际结果：[{'id': 'dce518e4-33b2-4cfe-9211-412ba1084704', 'groupID': 'ced24cd8-c63b-42d3-9783-734ca50f9bc1', 'groupName': None, 'name': '更新报警名称87', 'content': '更新报警信息87', 'expression': 'G1==false', 'levelID': '46993ffd-35ab-4c04-aa7f-a0aeea490be9', 'levelName': None, 'typeIDs': [], 'typeNames': [], 'typeNameJoin': ''}]
[2023-06-08 19:06:25,190] logger_util.py->write_log line:61 [INFO] 接口请求成功！
[2023-06-08 19:06:25,191] logger_util.py->write_log line:61 [INFO] -------------接口请求结束-----------

[2023-06-08 19:06:25,202] logger_util.py->write_log line:61 [INFO] -------------接口请求开始-----------
[2023-06-08 19:06:25,202] logger_util.py->write_log line:61 [INFO] 接口名称：查询报警点
[2023-06-08 19:06:25,202] logger_util.py->write_log line:61 [INFO] 接口方式：get
[2023-06-08 19:06:25,202] logger_util.py->write_log line:61 [INFO] 接口路径：http://127.0.0.1:18000/api/v1/alarmpoint/query
[2023-06-08 19:06:25,203] logger_util.py->write_log line:61 [INFO] 请求头：{'Content-Type': 'application/json;charset=UTF-8', 'X-Project': 'db9de0e1e7f942b38ff71a16de047b19'}
[2023-06-08 19:06:25,203] logger_util.py->write_log line:61 [INFO] 文件上传：None
[2023-06-08 19:06:25,210] logger_util.py->write_log line:61 [INFO] 预期结果：[{'equals': {'status_code': 200}}]
[2023-06-08 19:06:25,211] logger_util.py->write_log line:61 [INFO] 实际结果：[{'id': '8504a6ef-a21e-499b-a146-61e6ce0e02ba', 'groupID': 'c442dfc1-bc15-4410-bb5c-49fc169934d2', 'groupName': '报警组77', 'name': '更新报警名称24', 'content': '更新报警信息24', 'expression': 'G1==false', 'levelID': 'e6532079-a089-472f-972a-09f5071771dd', 'levelName': '报警等级82', 'typeIDs': ['33391288-7ec1-4c10-a452-1d452ec83c28'], 'typeNames': ['更新类别项15'], 'typeNameJoin': '更新类别项15'}, {'id': 'ab23e8f0-09c3-4aef-b76e-213acb412252', 'groupID': 'b50453ed-c0e8-4181-b1d4-1cba6c94f628', 'groupName': '报警组76', 'name': '更新报警名称93', 'content': '更新报警信息93', 'expression': 'G1==false', 'levelID': '9c92e235-ab46-496a-9bd2-531a88e161da', 'levelName': '报警等级45', 'typeIDs': ['400d89c1-8737-4007-82a0-73dba3550535'], 'typeNames': ['更新类别项17'], 'typeNameJoin': '更新类别项17'}, {'id': 'dce518e4-33b2-4cfe-9211-412ba1084704', 'groupID': 'ced24cd8-c63b-42d3-9783-734ca50f9bc1', 'groupName': '报警组41', 'name': '更新报警名称87', 'content': '更新报警信息87', 'expression': 'G1==false', 'levelID': '46993ffd-35ab-4c04-aa7f-a0aeea490be9', 'levelName': '报警等级30', 'typeIDs': ['71c723af-bffd-4693-86a1-22a44bad035e'], 'typeNames': ['更新类别项50'], 'typeNameJoin': '更新类别项50'}, {'id': '1fffc7fa-7176-4f2b-be88-69f1ed496ecd', 'groupID': '555f2e51-6a15-4fe0-8585-af3523267dd6', 'groupName': '报警组60', 'name': '报警名称21', 'content': '报警信息21', 'expression': 'G1==true', 'levelID': 'f664e80a-72f6-4444-92dd-e783075c22df', 'levelName': '报警等级8', 'typeIDs': ['3937caa2-19d0-4ca9-98f7-bfdf6887fa4f'], 'typeNames': ['更新类别项22'], 'typeNameJoin': '更新类别项22'}]
[2023-06-08 19:06:25,211] logger_util.py->write_log line:61 [INFO] 接口请求成功！
[2023-06-08 19:06:25,211] logger_util.py->write_log line:61 [INFO] -------------接口请求结束-----------

[2023-06-08 19:06:25,218] logger_util.py->write_log line:61 [INFO] -------------接口请求开始-----------
[2023-06-08 19:06:25,218] logger_util.py->write_log line:61 [INFO] 接口名称：删除报警点
[2023-06-08 19:06:25,218] logger_util.py->write_log line:61 [INFO] 接口方式：delete
[2023-06-08 19:06:25,218] logger_util.py->write_log line:61 [INFO] 接口路径：http://127.0.0.1:18000/api/v1/alarmpoint/delete
[2023-06-08 19:06:25,218] logger_util.py->write_log line:61 [INFO] 请求头：{'Content-Type': 'application/json;charset=UTF-8', 'X-Project': 'db9de0e1e7f942b38ff71a16de047b19'}
[2023-06-08 19:06:25,219] logger_util.py->write_log line:61 [INFO] 请求参数：['dce518e4-33b2-4cfe-9211-412ba1084704']
[2023-06-08 19:06:25,219] logger_util.py->write_log line:61 [INFO] 文件上传：None
[2023-06-08 19:06:25,320] logger_util.py->write_log line:61 [INFO] 预期结果：[{'equals': {'status_code': 200}}]
[2023-06-08 19:06:25,320] logger_util.py->write_log line:61 [INFO] 实际结果：Delete Success
[2023-06-08 19:06:25,320] logger_util.py->write_log line:61 [INFO] 接口请求成功！
[2023-06-08 19:06:25,320] logger_util.py->write_log line:61 [INFO] -------------接口请求结束-----------

