[2023-08-08 20:28:26,637] logger_util.py->write_log line:61 [INFO] -------------接口请求开始-----------
[2023-08-08 20:28:26,637] logger_util.py->write_log line:61 [INFO] 接口名称：创建工程
[2023-08-08 20:28:26,637] logger_util.py->write_log line:61 [INFO] 接口方式：post
[2023-08-08 20:28:26,638] logger_util.py->write_log line:61 [INFO] 接口路径：http://127.0.0.1:18000/api/v1/project/node
[2023-08-08 20:28:26,638] logger_util.py->write_log line:61 [INFO] 请求头：{}
[2023-08-08 20:28:26,638] logger_util.py->write_log line:61 [INFO] 请求参数：{'name': '工程201', 'path': 'C:\\Users\\Administrator\\Downloads', 'type': 1}
[2023-08-08 20:28:26,638] logger_util.py->write_log line:61 [INFO] 文件上传：None
[2023-08-08 20:28:27,100] logger_util.py->write_log line:61 [INFO] 接口请求失败！
[2023-08-08 20:28:27,100] logger_util.py->write_log line:61 [INFO] -------------接口请求结束-----------

[2023-08-08 20:28:27,101] logger_util.py->error_log line:65 [INFO] 断言异常：异常信息: Traceback (most recent call last):
  File "E:\Project_python\api_SIOT\common\requests_util.py", line 387, in validate_result
    if value not in sj_result:
TypeError: argument of type 'int' is not iterable

[2023-08-08 20:28:27,101] logger_util.py->error_log line:65 [INFO] 分析YAML文件异常：异常信息: Traceback (most recent call last):
  File "E:\Project_python\api_SIOT\common\requests_util.py", line 387, in validate_result
    if value not in sj_result:
TypeError: argument of type 'int' is not iterable

During handling of the above exception, another exception occurred:

Traceback (most recent call last):
  File "E:\Project_python\api_SIOT\common\requests_util.py", line 256, in analysis_yaml
    self.validate_result(yq_result, return_data, status_code)
  File "E:\Project_python\api_SIOT\common\requests_util.py", line 424, in validate_result
    error_log("断言异常：异常信息: %s" % str(traceback.format_exc()))
  File "E:\Project_python\api_SIOT\common\logger_util.py", line 66, in error_log
    raise Exception(log_message)
Exception: 断言异常：异常信息: Traceback (most recent call last):
  File "E:\Project_python\api_SIOT\common\requests_util.py", line 387, in validate_result
    if value not in sj_result:
TypeError: argument of type 'int' is not iterable


[2023-08-08 20:28:27,208] logger_util.py->write_log line:61 [INFO] -------------接口请求开始-----------
[2023-08-08 20:28:27,208] logger_util.py->write_log line:61 [INFO] 接口名称：工程信息
[2023-08-08 20:28:27,208] logger_util.py->write_log line:61 [INFO] 接口方式：get
[2023-08-08 20:28:27,208] logger_util.py->write_log line:61 [INFO] 接口路径：http://127.0.0.1:18000/api/v1/project/26/info
[2023-08-08 20:28:27,208] logger_util.py->write_log line:61 [INFO] 请求头：{}
[2023-08-08 20:28:27,208] logger_util.py->write_log line:61 [INFO] 文件上传：None
[2023-08-08 20:28:31,628] logger_util.py->error_log line:65 [INFO] 框架不支持该断言方式
[2023-08-08 20:28:31,628] logger_util.py->write_log line:61 [INFO] 接口请求失败！
[2023-08-08 20:28:31,628] logger_util.py->write_log line:61 [INFO] -------------接口请求结束-----------

[2023-08-08 20:28:31,628] logger_util.py->error_log line:65 [INFO] 断言异常：异常信息: Traceback (most recent call last):
  File "E:\Project_python\api_SIOT\common\requests_util.py", line 412, in validate_result
    error_log("框架不支持该断言方式")
  File "E:\Project_python\api_SIOT\common\logger_util.py", line 66, in error_log
    raise Exception(log_message)
Exception: 框架不支持该断言方式

[2023-08-08 20:28:31,628] logger_util.py->error_log line:65 [INFO] 分析YAML文件异常：异常信息: Traceback (most recent call last):
  File "E:\Project_python\api_SIOT\common\requests_util.py", line 412, in validate_result
    error_log("框架不支持该断言方式")
  File "E:\Project_python\api_SIOT\common\logger_util.py", line 66, in error_log
    raise Exception(log_message)
Exception: 框架不支持该断言方式

During handling of the above exception, another exception occurred:

Traceback (most recent call last):
  File "E:\Project_python\api_SIOT\common\requests_util.py", line 256, in analysis_yaml
    self.validate_result(yq_result, return_data, status_code)
  File "E:\Project_python\api_SIOT\common\requests_util.py", line 424, in validate_result
    error_log("断言异常：异常信息: %s" % str(traceback.format_exc()))
  File "E:\Project_python\api_SIOT\common\logger_util.py", line 66, in error_log
    raise Exception(log_message)
Exception: 断言异常：异常信息: Traceback (most recent call last):
  File "E:\Project_python\api_SIOT\common\requests_util.py", line 412, in validate_result
    error_log("框架不支持该断言方式")
  File "E:\Project_python\api_SIOT\common\logger_util.py", line 66, in error_log
    raise Exception(log_message)
Exception: 框架不支持该断言方式


[2023-08-08 20:28:31,667] logger_util.py->write_log line:61 [INFO] -------------接口请求开始-----------
[2023-08-08 20:28:31,667] logger_util.py->write_log line:61 [INFO] 接口名称：上传jpg图片
[2023-08-08 20:28:31,668] logger_util.py->write_log line:61 [INFO] 接口方式：post
[2023-08-08 20:28:31,668] logger_util.py->write_log line:61 [INFO] 接口路径：http://127.0.0.1:18000/api/v1/view/image/gallery?group=%E6%88%91%E7%9A%84\Default
[2023-08-08 20:28:31,668] logger_util.py->write_log line:61 [INFO] 请求头：{'X-Project': 'f419154bec5d43008d4f3348bbefc2f6'}
[2023-08-08 20:28:31,668] logger_util.py->write_log line:61 [INFO] 文件上传：None
[2023-08-08 20:28:31,738] logger_util.py->write_log line:61 [INFO] 预期结果：[{'equals': {'status_code': 200}}]
[2023-08-08 20:28:31,738] logger_util.py->write_log line:61 [INFO] 实际结果：[{'groupKey': '我的\\Default', 'groupName': 'Default', 'imageKey': '11 (15).png', 'imageName': '11 (15).png'}]
[2023-08-08 20:28:31,738] logger_util.py->write_log line:61 [INFO] 接口请求成功！
[2023-08-08 20:28:31,738] logger_util.py->write_log line:61 [INFO] -------------接口请求结束-----------

