[2023-06-02 11:43:07,444] logger_util.py->error_log line:65 [INFO] 发送请求异常：异常信息: Traceback (most recent call last):
  File "E:\Project_python\2TestCMS2.0\common\requests_util.py", line 312, in send_request
    kwargs[key] = self.replace_load(value)
  File "E:\Project_python\2TestCMS2.0\common\requests_util.py", line 152, in replace_load
    data = self.int_load(data)
  File "E:\Project_python\2TestCMS2.0\common\requests_util.py", line 103, in int_load
    if 'ddt{{' in value and '}}' in value:
TypeError: argument of type 'bool' is not iterable

[2023-06-02 11:43:07,445] logger_util.py->error_log line:65 [INFO] 分析YAML文件异常：异常信息: Traceback (most recent call last):
  File "E:\Project_python\2TestCMS2.0\common\requests_util.py", line 312, in send_request
    kwargs[key] = self.replace_load(value)
  File "E:\Project_python\2TestCMS2.0\common\requests_util.py", line 152, in replace_load
    data = self.int_load(data)
  File "E:\Project_python\2TestCMS2.0\common\requests_util.py", line 103, in int_load
    if 'ddt{{' in value and '}}' in value:
TypeError: argument of type 'bool' is not iterable

During handling of the above exception, another exception occurred:

Traceback (most recent call last):
  File "E:\Project_python\2TestCMS2.0\common\requests_util.py", line 191, in analysis_yaml
    res = self.send_request(name =name,method=method,
  File "E:\Project_python\2TestCMS2.0\common\requests_util.py", line 332, in send_request
    error_log("发送请求异常：异常信息: %s" % str(traceback.format_exc()))
  File "E:\Project_python\2TestCMS2.0\common\logger_util.py", line 66, in error_log
    raise Exception(log_message)
Exception: 发送请求异常：异常信息: Traceback (most recent call last):
  File "E:\Project_python\2TestCMS2.0\common\requests_util.py", line 312, in send_request
    kwargs[key] = self.replace_load(value)
  File "E:\Project_python\2TestCMS2.0\common\requests_util.py", line 152, in replace_load
    data = self.int_load(data)
  File "E:\Project_python\2TestCMS2.0\common\requests_util.py", line 103, in int_load
    if 'ddt{{' in value and '}}' in value:
TypeError: argument of type 'bool' is not iterable


