[2023-08-08 10:14:25,799] logger_util.py->error_log line:65 [INFO] 发送请求异常：异常信息: Traceback (most recent call last):
  File "E:\Project_python\api_SIOT\common\requests_util.py", line 318, in send_request
    kwargs[key] = self.replace_load(value)
  File "E:\Project_python\api_SIOT\common\requests_util.py", line 157, in replace_load
    data = self.int_load(data)
  File "E:\Project_python\api_SIOT\common\requests_util.py", line 121, in int_load
    int_value = int(new_value)
ValueError: invalid literal for int() with base 10: "_SINT1': 'ddt{{-11}}"

[2023-08-08 10:14:25,800] logger_util.py->error_log line:65 [INFO] 分析YAML文件异常：异常信息: Traceback (most recent call last):
  File "E:\Project_python\api_SIOT\common\requests_util.py", line 318, in send_request
    kwargs[key] = self.replace_load(value)
  File "E:\Project_python\api_SIOT\common\requests_util.py", line 157, in replace_load
    data = self.int_load(data)
  File "E:\Project_python\api_SIOT\common\requests_util.py", line 121, in int_load
    int_value = int(new_value)
ValueError: invalid literal for int() with base 10: "_SINT1': 'ddt{{-11}}"

During handling of the above exception, another exception occurred:

Traceback (most recent call last):
  File "E:\Project_python\api_SIOT\common\requests_util.py", line 197, in analysis_yaml
    res = self.send_request(name =name,method=method,
  File "E:\Project_python\api_SIOT\common\requests_util.py", line 338, in send_request
    error_log("发送请求异常：异常信息: %s" % str(traceback.format_exc()))
  File "E:\Project_python\api_SIOT\common\logger_util.py", line 66, in error_log
    raise Exception(log_message)
Exception: 发送请求异常：异常信息: Traceback (most recent call last):
  File "E:\Project_python\api_SIOT\common\requests_util.py", line 318, in send_request
    kwargs[key] = self.replace_load(value)
  File "E:\Project_python\api_SIOT\common\requests_util.py", line 157, in replace_load
    data = self.int_load(data)
  File "E:\Project_python\api_SIOT\common\requests_util.py", line 121, in int_load
    int_value = int(new_value)
ValueError: invalid literal for int() with base 10: "_SINT1': 'ddt{{-11}}"


[2023-08-08 10:14:25,922] logger_util.py->error_log line:65 [INFO] 发送请求异常：异常信息: Traceback (most recent call last):
  File "E:\Project_python\api_SIOT\common\requests_util.py", line 318, in send_request
    kwargs[key] = self.replace_load(value)
  File "E:\Project_python\api_SIOT\common\requests_util.py", line 157, in replace_load
    data = self.int_load(data)
  File "E:\Project_python\api_SIOT\common\requests_util.py", line 121, in int_load
    int_value = int(new_value)
ValueError: invalid literal for int() with base 10: "_INT1': 'ddt{{22}}"

[2023-08-08 10:14:25,922] logger_util.py->error_log line:65 [INFO] 分析YAML文件异常：异常信息: Traceback (most recent call last):
  File "E:\Project_python\api_SIOT\common\requests_util.py", line 318, in send_request
    kwargs[key] = self.replace_load(value)
  File "E:\Project_python\api_SIOT\common\requests_util.py", line 157, in replace_load
    data = self.int_load(data)
  File "E:\Project_python\api_SIOT\common\requests_util.py", line 121, in int_load
    int_value = int(new_value)
ValueError: invalid literal for int() with base 10: "_INT1': 'ddt{{22}}"

During handling of the above exception, another exception occurred:

Traceback (most recent call last):
  File "E:\Project_python\api_SIOT\common\requests_util.py", line 197, in analysis_yaml
    res = self.send_request(name =name,method=method,
  File "E:\Project_python\api_SIOT\common\requests_util.py", line 338, in send_request
    error_log("发送请求异常：异常信息: %s" % str(traceback.format_exc()))
  File "E:\Project_python\api_SIOT\common\logger_util.py", line 66, in error_log
    raise Exception(log_message)
Exception: 发送请求异常：异常信息: Traceback (most recent call last):
  File "E:\Project_python\api_SIOT\common\requests_util.py", line 318, in send_request
    kwargs[key] = self.replace_load(value)
  File "E:\Project_python\api_SIOT\common\requests_util.py", line 157, in replace_load
    data = self.int_load(data)
  File "E:\Project_python\api_SIOT\common\requests_util.py", line 121, in int_load
    int_value = int(new_value)
ValueError: invalid literal for int() with base 10: "_INT1': 'ddt{{22}}"


[2023-08-08 10:14:25,955] logger_util.py->error_log line:65 [INFO] 发送请求异常：异常信息: Traceback (most recent call last):
  File "E:\Project_python\api_SIOT\common\requests_util.py", line 318, in send_request
    kwargs[key] = self.replace_load(value)
  File "E:\Project_python\api_SIOT\common\requests_util.py", line 157, in replace_load
    data = self.int_load(data)
  File "E:\Project_python\api_SIOT\common\requests_util.py", line 121, in int_load
    int_value = int(new_value)
ValueError: invalid literal for int() with base 10: "_DINT1': 'ddt{{33}}"

[2023-08-08 10:14:25,956] logger_util.py->error_log line:65 [INFO] 分析YAML文件异常：异常信息: Traceback (most recent call last):
  File "E:\Project_python\api_SIOT\common\requests_util.py", line 318, in send_request
    kwargs[key] = self.replace_load(value)
  File "E:\Project_python\api_SIOT\common\requests_util.py", line 157, in replace_load
    data = self.int_load(data)
  File "E:\Project_python\api_SIOT\common\requests_util.py", line 121, in int_load
    int_value = int(new_value)
ValueError: invalid literal for int() with base 10: "_DINT1': 'ddt{{33}}"

During handling of the above exception, another exception occurred:

Traceback (most recent call last):
  File "E:\Project_python\api_SIOT\common\requests_util.py", line 197, in analysis_yaml
    res = self.send_request(name =name,method=method,
  File "E:\Project_python\api_SIOT\common\requests_util.py", line 338, in send_request
    error_log("发送请求异常：异常信息: %s" % str(traceback.format_exc()))
  File "E:\Project_python\api_SIOT\common\logger_util.py", line 66, in error_log
    raise Exception(log_message)
Exception: 发送请求异常：异常信息: Traceback (most recent call last):
  File "E:\Project_python\api_SIOT\common\requests_util.py", line 318, in send_request
    kwargs[key] = self.replace_load(value)
  File "E:\Project_python\api_SIOT\common\requests_util.py", line 157, in replace_load
    data = self.int_load(data)
  File "E:\Project_python\api_SIOT\common\requests_util.py", line 121, in int_load
    int_value = int(new_value)
ValueError: invalid literal for int() with base 10: "_DINT1': 'ddt{{33}}"


[2023-08-08 10:14:25,989] logger_util.py->error_log line:65 [INFO] 发送请求异常：异常信息: Traceback (most recent call last):
  File "E:\Project_python\api_SIOT\common\requests_util.py", line 318, in send_request
    kwargs[key] = self.replace_load(value)
  File "E:\Project_python\api_SIOT\common\requests_util.py", line 157, in replace_load
    data = self.int_load(data)
  File "E:\Project_python\api_SIOT\common\requests_util.py", line 121, in int_load
    int_value = int(new_value)
ValueError: invalid literal for int() with base 10: "_USINT1': 'ddt{{44}}"

[2023-08-08 10:14:25,989] logger_util.py->error_log line:65 [INFO] 分析YAML文件异常：异常信息: Traceback (most recent call last):
  File "E:\Project_python\api_SIOT\common\requests_util.py", line 318, in send_request
    kwargs[key] = self.replace_load(value)
  File "E:\Project_python\api_SIOT\common\requests_util.py", line 157, in replace_load
    data = self.int_load(data)
  File "E:\Project_python\api_SIOT\common\requests_util.py", line 121, in int_load
    int_value = int(new_value)
ValueError: invalid literal for int() with base 10: "_USINT1': 'ddt{{44}}"

During handling of the above exception, another exception occurred:

Traceback (most recent call last):
  File "E:\Project_python\api_SIOT\common\requests_util.py", line 197, in analysis_yaml
    res = self.send_request(name =name,method=method,
  File "E:\Project_python\api_SIOT\common\requests_util.py", line 338, in send_request
    error_log("发送请求异常：异常信息: %s" % str(traceback.format_exc()))
  File "E:\Project_python\api_SIOT\common\logger_util.py", line 66, in error_log
    raise Exception(log_message)
Exception: 发送请求异常：异常信息: Traceback (most recent call last):
  File "E:\Project_python\api_SIOT\common\requests_util.py", line 318, in send_request
    kwargs[key] = self.replace_load(value)
  File "E:\Project_python\api_SIOT\common\requests_util.py", line 157, in replace_load
    data = self.int_load(data)
  File "E:\Project_python\api_SIOT\common\requests_util.py", line 121, in int_load
    int_value = int(new_value)
ValueError: invalid literal for int() with base 10: "_USINT1': 'ddt{{44}}"


[2023-08-08 10:14:26,023] logger_util.py->error_log line:65 [INFO] 发送请求异常：异常信息: Traceback (most recent call last):
  File "E:\Project_python\api_SIOT\common\requests_util.py", line 318, in send_request
    kwargs[key] = self.replace_load(value)
  File "E:\Project_python\api_SIOT\common\requests_util.py", line 157, in replace_load
    data = self.int_load(data)
  File "E:\Project_python\api_SIOT\common\requests_util.py", line 121, in int_load
    int_value = int(new_value)
ValueError: invalid literal for int() with base 10: "_UINT1': 'ddt{{55}}"

[2023-08-08 10:14:26,023] logger_util.py->error_log line:65 [INFO] 分析YAML文件异常：异常信息: Traceback (most recent call last):
  File "E:\Project_python\api_SIOT\common\requests_util.py", line 318, in send_request
    kwargs[key] = self.replace_load(value)
  File "E:\Project_python\api_SIOT\common\requests_util.py", line 157, in replace_load
    data = self.int_load(data)
  File "E:\Project_python\api_SIOT\common\requests_util.py", line 121, in int_load
    int_value = int(new_value)
ValueError: invalid literal for int() with base 10: "_UINT1': 'ddt{{55}}"

During handling of the above exception, another exception occurred:

Traceback (most recent call last):
  File "E:\Project_python\api_SIOT\common\requests_util.py", line 197, in analysis_yaml
    res = self.send_request(name =name,method=method,
  File "E:\Project_python\api_SIOT\common\requests_util.py", line 338, in send_request
    error_log("发送请求异常：异常信息: %s" % str(traceback.format_exc()))
  File "E:\Project_python\api_SIOT\common\logger_util.py", line 66, in error_log
    raise Exception(log_message)
Exception: 发送请求异常：异常信息: Traceback (most recent call last):
  File "E:\Project_python\api_SIOT\common\requests_util.py", line 318, in send_request
    kwargs[key] = self.replace_load(value)
  File "E:\Project_python\api_SIOT\common\requests_util.py", line 157, in replace_load
    data = self.int_load(data)
  File "E:\Project_python\api_SIOT\common\requests_util.py", line 121, in int_load
    int_value = int(new_value)
ValueError: invalid literal for int() with base 10: "_UINT1': 'ddt{{55}}"


[2023-08-08 10:14:26,059] logger_util.py->error_log line:65 [INFO] 发送请求异常：异常信息: Traceback (most recent call last):
  File "E:\Project_python\api_SIOT\common\requests_util.py", line 318, in send_request
    kwargs[key] = self.replace_load(value)
  File "E:\Project_python\api_SIOT\common\requests_util.py", line 157, in replace_load
    data = self.int_load(data)
  File "E:\Project_python\api_SIOT\common\requests_util.py", line 121, in int_load
    int_value = int(new_value)
ValueError: invalid literal for int() with base 10: "_UDINT1': 'ddt{{66}}"

[2023-08-08 10:14:26,060] logger_util.py->error_log line:65 [INFO] 分析YAML文件异常：异常信息: Traceback (most recent call last):
  File "E:\Project_python\api_SIOT\common\requests_util.py", line 318, in send_request
    kwargs[key] = self.replace_load(value)
  File "E:\Project_python\api_SIOT\common\requests_util.py", line 157, in replace_load
    data = self.int_load(data)
  File "E:\Project_python\api_SIOT\common\requests_util.py", line 121, in int_load
    int_value = int(new_value)
ValueError: invalid literal for int() with base 10: "_UDINT1': 'ddt{{66}}"

During handling of the above exception, another exception occurred:

Traceback (most recent call last):
  File "E:\Project_python\api_SIOT\common\requests_util.py", line 197, in analysis_yaml
    res = self.send_request(name =name,method=method,
  File "E:\Project_python\api_SIOT\common\requests_util.py", line 338, in send_request
    error_log("发送请求异常：异常信息: %s" % str(traceback.format_exc()))
  File "E:\Project_python\api_SIOT\common\logger_util.py", line 66, in error_log
    raise Exception(log_message)
Exception: 发送请求异常：异常信息: Traceback (most recent call last):
  File "E:\Project_python\api_SIOT\common\requests_util.py", line 318, in send_request
    kwargs[key] = self.replace_load(value)
  File "E:\Project_python\api_SIOT\common\requests_util.py", line 157, in replace_load
    data = self.int_load(data)
  File "E:\Project_python\api_SIOT\common\requests_util.py", line 121, in int_load
    int_value = int(new_value)
ValueError: invalid literal for int() with base 10: "_UDINT1': 'ddt{{66}}"


[2023-08-08 10:14:26,096] logger_util.py->error_log line:65 [INFO] 发送请求异常：异常信息: Traceback (most recent call last):
  File "E:\Project_python\api_SIOT\common\requests_util.py", line 318, in send_request
    kwargs[key] = self.replace_load(value)
  File "E:\Project_python\api_SIOT\common\requests_util.py", line 157, in replace_load
    data = self.int_load(data)
  File "E:\Project_python\api_SIOT\common\requests_util.py", line 115, in int_load
    int_value = float(new_value)
ValueError: could not convert string to float: "_REAL1': 'ddt{{77.456}}"

[2023-08-08 10:14:26,097] logger_util.py->error_log line:65 [INFO] 分析YAML文件异常：异常信息: Traceback (most recent call last):
  File "E:\Project_python\api_SIOT\common\requests_util.py", line 318, in send_request
    kwargs[key] = self.replace_load(value)
  File "E:\Project_python\api_SIOT\common\requests_util.py", line 157, in replace_load
    data = self.int_load(data)
  File "E:\Project_python\api_SIOT\common\requests_util.py", line 115, in int_load
    int_value = float(new_value)
ValueError: could not convert string to float: "_REAL1': 'ddt{{77.456}}"

During handling of the above exception, another exception occurred:

Traceback (most recent call last):
  File "E:\Project_python\api_SIOT\common\requests_util.py", line 197, in analysis_yaml
    res = self.send_request(name =name,method=method,
  File "E:\Project_python\api_SIOT\common\requests_util.py", line 338, in send_request
    error_log("发送请求异常：异常信息: %s" % str(traceback.format_exc()))
  File "E:\Project_python\api_SIOT\common\logger_util.py", line 66, in error_log
    raise Exception(log_message)
Exception: 发送请求异常：异常信息: Traceback (most recent call last):
  File "E:\Project_python\api_SIOT\common\requests_util.py", line 318, in send_request
    kwargs[key] = self.replace_load(value)
  File "E:\Project_python\api_SIOT\common\requests_util.py", line 157, in replace_load
    data = self.int_load(data)
  File "E:\Project_python\api_SIOT\common\requests_util.py", line 115, in int_load
    int_value = float(new_value)
ValueError: could not convert string to float: "_REAL1': 'ddt{{77.456}}"


[2023-08-08 10:14:26,135] logger_util.py->error_log line:65 [INFO] 发送请求异常：异常信息: Traceback (most recent call last):
  File "E:\Project_python\api_SIOT\common\requests_util.py", line 318, in send_request
    kwargs[key] = self.replace_load(value)
  File "E:\Project_python\api_SIOT\common\requests_util.py", line 157, in replace_load
    data = self.int_load(data)
  File "E:\Project_python\api_SIOT\common\requests_util.py", line 121, in int_load
    int_value = int(new_value)
ValueError: invalid literal for int() with base 10: "_BOOL1': 'ddt{{1}}"

[2023-08-08 10:14:26,136] logger_util.py->error_log line:65 [INFO] 分析YAML文件异常：异常信息: Traceback (most recent call last):
  File "E:\Project_python\api_SIOT\common\requests_util.py", line 318, in send_request
    kwargs[key] = self.replace_load(value)
  File "E:\Project_python\api_SIOT\common\requests_util.py", line 157, in replace_load
    data = self.int_load(data)
  File "E:\Project_python\api_SIOT\common\requests_util.py", line 121, in int_load
    int_value = int(new_value)
ValueError: invalid literal for int() with base 10: "_BOOL1': 'ddt{{1}}"

During handling of the above exception, another exception occurred:

Traceback (most recent call last):
  File "E:\Project_python\api_SIOT\common\requests_util.py", line 197, in analysis_yaml
    res = self.send_request(name =name,method=method,
  File "E:\Project_python\api_SIOT\common\requests_util.py", line 338, in send_request
    error_log("发送请求异常：异常信息: %s" % str(traceback.format_exc()))
  File "E:\Project_python\api_SIOT\common\logger_util.py", line 66, in error_log
    raise Exception(log_message)
Exception: 发送请求异常：异常信息: Traceback (most recent call last):
  File "E:\Project_python\api_SIOT\common\requests_util.py", line 318, in send_request
    kwargs[key] = self.replace_load(value)
  File "E:\Project_python\api_SIOT\common\requests_util.py", line 157, in replace_load
    data = self.int_load(data)
  File "E:\Project_python\api_SIOT\common\requests_util.py", line 121, in int_load
    int_value = int(new_value)
ValueError: invalid literal for int() with base 10: "_BOOL1': 'ddt{{1}}"


[2023-08-08 10:14:26,166] logger_util.py->error_log line:65 [INFO] 发送请求异常：异常信息: Traceback (most recent call last):
  File "E:\Project_python\api_SIOT\common\requests_util.py", line 318, in send_request
    kwargs[key] = self.replace_load(value)
  File "E:\Project_python\api_SIOT\common\requests_util.py", line 157, in replace_load
    data = self.int_load(data)
  File "E:\Project_python\api_SIOT\common\requests_util.py", line 121, in int_load
    int_value = int(new_value)
ValueError: invalid literal for int() with base 10: "_BOOL2': 'ddt{{0}}"

[2023-08-08 10:14:26,166] logger_util.py->error_log line:65 [INFO] 分析YAML文件异常：异常信息: Traceback (most recent call last):
  File "E:\Project_python\api_SIOT\common\requests_util.py", line 318, in send_request
    kwargs[key] = self.replace_load(value)
  File "E:\Project_python\api_SIOT\common\requests_util.py", line 157, in replace_load
    data = self.int_load(data)
  File "E:\Project_python\api_SIOT\common\requests_util.py", line 121, in int_load
    int_value = int(new_value)
ValueError: invalid literal for int() with base 10: "_BOOL2': 'ddt{{0}}"

During handling of the above exception, another exception occurred:

Traceback (most recent call last):
  File "E:\Project_python\api_SIOT\common\requests_util.py", line 197, in analysis_yaml
    res = self.send_request(name =name,method=method,
  File "E:\Project_python\api_SIOT\common\requests_util.py", line 338, in send_request
    error_log("发送请求异常：异常信息: %s" % str(traceback.format_exc()))
  File "E:\Project_python\api_SIOT\common\logger_util.py", line 66, in error_log
    raise Exception(log_message)
Exception: 发送请求异常：异常信息: Traceback (most recent call last):
  File "E:\Project_python\api_SIOT\common\requests_util.py", line 318, in send_request
    kwargs[key] = self.replace_load(value)
  File "E:\Project_python\api_SIOT\common\requests_util.py", line 157, in replace_load
    data = self.int_load(data)
  File "E:\Project_python\api_SIOT\common\requests_util.py", line 121, in int_load
    int_value = int(new_value)
ValueError: invalid literal for int() with base 10: "_BOOL2': 'ddt{{0}}"


[2023-08-08 10:14:26,197] logger_util.py->error_log line:65 [INFO] 发送请求异常：异常信息: Traceback (most recent call last):
  File "E:\Project_python\api_SIOT\common\requests_util.py", line 318, in send_request
    kwargs[key] = self.replace_load(value)
  File "E:\Project_python\api_SIOT\common\requests_util.py", line 157, in replace_load
    data = self.int_load(data)
  File "E:\Project_python\api_SIOT\common\requests_util.py", line 121, in int_load
    int_value = int(new_value)
ValueError: invalid literal for int() with base 10: "_STRING1': 'ddt{{文本1}}"

[2023-08-08 10:14:26,197] logger_util.py->error_log line:65 [INFO] 分析YAML文件异常：异常信息: Traceback (most recent call last):
  File "E:\Project_python\api_SIOT\common\requests_util.py", line 318, in send_request
    kwargs[key] = self.replace_load(value)
  File "E:\Project_python\api_SIOT\common\requests_util.py", line 157, in replace_load
    data = self.int_load(data)
  File "E:\Project_python\api_SIOT\common\requests_util.py", line 121, in int_load
    int_value = int(new_value)
ValueError: invalid literal for int() with base 10: "_STRING1': 'ddt{{文本1}}"

During handling of the above exception, another exception occurred:

Traceback (most recent call last):
  File "E:\Project_python\api_SIOT\common\requests_util.py", line 197, in analysis_yaml
    res = self.send_request(name =name,method=method,
  File "E:\Project_python\api_SIOT\common\requests_util.py", line 338, in send_request
    error_log("发送请求异常：异常信息: %s" % str(traceback.format_exc()))
  File "E:\Project_python\api_SIOT\common\logger_util.py", line 66, in error_log
    raise Exception(log_message)
Exception: 发送请求异常：异常信息: Traceback (most recent call last):
  File "E:\Project_python\api_SIOT\common\requests_util.py", line 318, in send_request
    kwargs[key] = self.replace_load(value)
  File "E:\Project_python\api_SIOT\common\requests_util.py", line 157, in replace_load
    data = self.int_load(data)
  File "E:\Project_python\api_SIOT\common\requests_util.py", line 121, in int_load
    int_value = int(new_value)
ValueError: invalid literal for int() with base 10: "_STRING1': 'ddt{{文本1}}"


[2023-08-08 10:14:26,232] logger_util.py->error_log line:65 [INFO] 发送请求异常：异常信息: Traceback (most recent call last):
  File "E:\Project_python\api_SIOT\common\requests_util.py", line 318, in send_request
    kwargs[key] = self.replace_load(value)
  File "E:\Project_python\api_SIOT\common\requests_util.py", line 157, in replace_load
    data = self.int_load(data)
  File "E:\Project_python\api_SIOT\common\requests_util.py", line 121, in int_load
    int_value = int(new_value)
ValueError: invalid literal for int() with base 10: "_I0': 'ddt{{1}}"

[2023-08-08 10:14:26,232] logger_util.py->error_log line:65 [INFO] 分析YAML文件异常：异常信息: Traceback (most recent call last):
  File "E:\Project_python\api_SIOT\common\requests_util.py", line 318, in send_request
    kwargs[key] = self.replace_load(value)
  File "E:\Project_python\api_SIOT\common\requests_util.py", line 157, in replace_load
    data = self.int_load(data)
  File "E:\Project_python\api_SIOT\common\requests_util.py", line 121, in int_load
    int_value = int(new_value)
ValueError: invalid literal for int() with base 10: "_I0': 'ddt{{1}}"

During handling of the above exception, another exception occurred:

Traceback (most recent call last):
  File "E:\Project_python\api_SIOT\common\requests_util.py", line 197, in analysis_yaml
    res = self.send_request(name =name,method=method,
  File "E:\Project_python\api_SIOT\common\requests_util.py", line 338, in send_request
    error_log("发送请求异常：异常信息: %s" % str(traceback.format_exc()))
  File "E:\Project_python\api_SIOT\common\logger_util.py", line 66, in error_log
    raise Exception(log_message)
Exception: 发送请求异常：异常信息: Traceback (most recent call last):
  File "E:\Project_python\api_SIOT\common\requests_util.py", line 318, in send_request
    kwargs[key] = self.replace_load(value)
  File "E:\Project_python\api_SIOT\common\requests_util.py", line 157, in replace_load
    data = self.int_load(data)
  File "E:\Project_python\api_SIOT\common\requests_util.py", line 121, in int_load
    int_value = int(new_value)
ValueError: invalid literal for int() with base 10: "_I0': 'ddt{{1}}"


[2023-08-08 10:14:26,266] logger_util.py->error_log line:65 [INFO] 发送请求异常：异常信息: Traceback (most recent call last):
  File "E:\Project_python\api_SIOT\common\requests_util.py", line 318, in send_request
    kwargs[key] = self.replace_load(value)
  File "E:\Project_python\api_SIOT\common\requests_util.py", line 157, in replace_load
    data = self.int_load(data)
  File "E:\Project_python\api_SIOT\common\requests_util.py", line 121, in int_load
    int_value = int(new_value)
ValueError: invalid literal for int() with base 10: "_I1': 'ddt{{0}}"

[2023-08-08 10:14:26,266] logger_util.py->error_log line:65 [INFO] 分析YAML文件异常：异常信息: Traceback (most recent call last):
  File "E:\Project_python\api_SIOT\common\requests_util.py", line 318, in send_request
    kwargs[key] = self.replace_load(value)
  File "E:\Project_python\api_SIOT\common\requests_util.py", line 157, in replace_load
    data = self.int_load(data)
  File "E:\Project_python\api_SIOT\common\requests_util.py", line 121, in int_load
    int_value = int(new_value)
ValueError: invalid literal for int() with base 10: "_I1': 'ddt{{0}}"

During handling of the above exception, another exception occurred:

Traceback (most recent call last):
  File "E:\Project_python\api_SIOT\common\requests_util.py", line 197, in analysis_yaml
    res = self.send_request(name =name,method=method,
  File "E:\Project_python\api_SIOT\common\requests_util.py", line 338, in send_request
    error_log("发送请求异常：异常信息: %s" % str(traceback.format_exc()))
  File "E:\Project_python\api_SIOT\common\logger_util.py", line 66, in error_log
    raise Exception(log_message)
Exception: 发送请求异常：异常信息: Traceback (most recent call last):
  File "E:\Project_python\api_SIOT\common\requests_util.py", line 318, in send_request
    kwargs[key] = self.replace_load(value)
  File "E:\Project_python\api_SIOT\common\requests_util.py", line 157, in replace_load
    data = self.int_load(data)
  File "E:\Project_python\api_SIOT\common\requests_util.py", line 121, in int_load
    int_value = int(new_value)
ValueError: invalid literal for int() with base 10: "_I1': 'ddt{{0}}"


[2023-08-08 10:14:26,298] logger_util.py->error_log line:65 [INFO] 发送请求异常：异常信息: Traceback (most recent call last):
  File "E:\Project_python\api_SIOT\common\requests_util.py", line 318, in send_request
    kwargs[key] = self.replace_load(value)
  File "E:\Project_python\api_SIOT\common\requests_util.py", line 157, in replace_load
    data = self.int_load(data)
  File "E:\Project_python\api_SIOT\common\requests_util.py", line 121, in int_load
    int_value = int(new_value)
ValueError: invalid literal for int() with base 10: "_Q0': 'ddt{{1}}"

[2023-08-08 10:14:26,298] logger_util.py->error_log line:65 [INFO] 分析YAML文件异常：异常信息: Traceback (most recent call last):
  File "E:\Project_python\api_SIOT\common\requests_util.py", line 318, in send_request
    kwargs[key] = self.replace_load(value)
  File "E:\Project_python\api_SIOT\common\requests_util.py", line 157, in replace_load
    data = self.int_load(data)
  File "E:\Project_python\api_SIOT\common\requests_util.py", line 121, in int_load
    int_value = int(new_value)
ValueError: invalid literal for int() with base 10: "_Q0': 'ddt{{1}}"

During handling of the above exception, another exception occurred:

Traceback (most recent call last):
  File "E:\Project_python\api_SIOT\common\requests_util.py", line 197, in analysis_yaml
    res = self.send_request(name =name,method=method,
  File "E:\Project_python\api_SIOT\common\requests_util.py", line 338, in send_request
    error_log("发送请求异常：异常信息: %s" % str(traceback.format_exc()))
  File "E:\Project_python\api_SIOT\common\logger_util.py", line 66, in error_log
    raise Exception(log_message)
Exception: 发送请求异常：异常信息: Traceback (most recent call last):
  File "E:\Project_python\api_SIOT\common\requests_util.py", line 318, in send_request
    kwargs[key] = self.replace_load(value)
  File "E:\Project_python\api_SIOT\common\requests_util.py", line 157, in replace_load
    data = self.int_load(data)
  File "E:\Project_python\api_SIOT\common\requests_util.py", line 121, in int_load
    int_value = int(new_value)
ValueError: invalid literal for int() with base 10: "_Q0': 'ddt{{1}}"


[2023-08-08 10:14:26,331] logger_util.py->error_log line:65 [INFO] 发送请求异常：异常信息: Traceback (most recent call last):
  File "E:\Project_python\api_SIOT\common\requests_util.py", line 318, in send_request
    kwargs[key] = self.replace_load(value)
  File "E:\Project_python\api_SIOT\common\requests_util.py", line 157, in replace_load
    data = self.int_load(data)
  File "E:\Project_python\api_SIOT\common\requests_util.py", line 121, in int_load
    int_value = int(new_value)
ValueError: invalid literal for int() with base 10: "_Q1': 'ddt{{0}}"

[2023-08-08 10:14:26,332] logger_util.py->error_log line:65 [INFO] 分析YAML文件异常：异常信息: Traceback (most recent call last):
  File "E:\Project_python\api_SIOT\common\requests_util.py", line 318, in send_request
    kwargs[key] = self.replace_load(value)
  File "E:\Project_python\api_SIOT\common\requests_util.py", line 157, in replace_load
    data = self.int_load(data)
  File "E:\Project_python\api_SIOT\common\requests_util.py", line 121, in int_load
    int_value = int(new_value)
ValueError: invalid literal for int() with base 10: "_Q1': 'ddt{{0}}"

During handling of the above exception, another exception occurred:

Traceback (most recent call last):
  File "E:\Project_python\api_SIOT\common\requests_util.py", line 197, in analysis_yaml
    res = self.send_request(name =name,method=method,
  File "E:\Project_python\api_SIOT\common\requests_util.py", line 338, in send_request
    error_log("发送请求异常：异常信息: %s" % str(traceback.format_exc()))
  File "E:\Project_python\api_SIOT\common\logger_util.py", line 66, in error_log
    raise Exception(log_message)
Exception: 发送请求异常：异常信息: Traceback (most recent call last):
  File "E:\Project_python\api_SIOT\common\requests_util.py", line 318, in send_request
    kwargs[key] = self.replace_load(value)
  File "E:\Project_python\api_SIOT\common\requests_util.py", line 157, in replace_load
    data = self.int_load(data)
  File "E:\Project_python\api_SIOT\common\requests_util.py", line 121, in int_load
    int_value = int(new_value)
ValueError: invalid literal for int() with base 10: "_Q1': 'ddt{{0}}"


