[2023-05-18 16:35:21,165] logger_util.py->write_log line:61 [INFO] -------------接口请求开始-----------
[2023-05-18 16:35:21,165] logger_util.py->write_log line:61 [INFO] 接口名称：归档表
[2023-05-18 16:35:21,165] logger_util.py->write_log line:61 [INFO] 接口方式：post
[2023-05-18 16:35:21,165] logger_util.py->write_log line:61 [INFO] 接口路径：http://127.0.0.1:18000/api/v1/data/original
[2023-05-18 16:35:21,165] logger_util.py->write_log line:61 [INFO] 请求头：{'Content-Type': 'application/json;charset=UTF-8', 'X-Project': '798c804290c346f8b4ac22d9756e1437'}
[2023-05-18 16:35:21,166] logger_util.py->write_log line:61 [INFO] 请求参数：{'dataSetId': 'ef375980-5b02-44df-afec-2d0e85a995a4', 'tableName': '归档表', 'limit': 500}
[2023-05-18 16:35:21,166] logger_util.py->write_log line:61 [INFO] 文件上传：None
[2023-05-18 16:35:21,250] logger_util.py->write_log line:61 [INFO] 接口请求失败！
[2023-05-18 16:35:21,250] logger_util.py->write_log line:61 [INFO] -------------接口请求结束-----------

[2023-05-18 16:35:21,345] logger_util.py->error_log line:65 [INFO] 断言异常：异常信息: Traceback (most recent call last):
  File "E:\Project_python\2TestCMS2.0\common\requests_util.py", line 355, in validate_result
    data = MysqlrUtil().sql(assert_value)
  File "E:\Project_python\2TestCMS2.0\common\mysql_util.py", line 22, in sql
    self.cursor.execute(sql)
  File "D:\Pyhton\Pyton39\lib\site-packages\pymysql\cursors.py", line 158, in execute
    result = self._query(query)
  File "D:\Pyhton\Pyton39\lib\site-packages\pymysql\cursors.py", line 325, in _query
    conn.query(q)
  File "D:\Pyhton\Pyton39\lib\site-packages\pymysql\connections.py", line 549, in query
    self._affected_rows = self._read_query_result(unbuffered=unbuffered)
  File "D:\Pyhton\Pyton39\lib\site-packages\pymysql\connections.py", line 779, in _read_query_result
    result.read()
  File "D:\Pyhton\Pyton39\lib\site-packages\pymysql\connections.py", line 1157, in read
    first_packet = self.connection._read_packet()
  File "D:\Pyhton\Pyton39\lib\site-packages\pymysql\connections.py", line 729, in _read_packet
    packet.raise_for_error()
  File "D:\Pyhton\Pyton39\lib\site-packages\pymysql\protocol.py", line 221, in raise_for_error
    err.raise_mysql_exception(self._data)
  File "D:\Pyhton\Pyton39\lib\site-packages\pymysql\err.py", line 143, in raise_mysql_exception
    raise errorclass(errno, errval)
pymysql.err.ProgrammingError: (1146, "Table 'test14216.ef375980-5b02-44df-afec-2d0e85a995a4' doesn't exist")

[2023-05-18 16:35:21,346] logger_util.py->error_log line:65 [INFO] 分析YAML文件异常：异常信息: Traceback (most recent call last):
  File "E:\Project_python\2TestCMS2.0\common\requests_util.py", line 355, in validate_result
    data = MysqlrUtil().sql(assert_value)
  File "E:\Project_python\2TestCMS2.0\common\mysql_util.py", line 22, in sql
    self.cursor.execute(sql)
  File "D:\Pyhton\Pyton39\lib\site-packages\pymysql\cursors.py", line 158, in execute
    result = self._query(query)
  File "D:\Pyhton\Pyton39\lib\site-packages\pymysql\cursors.py", line 325, in _query
    conn.query(q)
  File "D:\Pyhton\Pyton39\lib\site-packages\pymysql\connections.py", line 549, in query
    self._affected_rows = self._read_query_result(unbuffered=unbuffered)
  File "D:\Pyhton\Pyton39\lib\site-packages\pymysql\connections.py", line 779, in _read_query_result
    result.read()
  File "D:\Pyhton\Pyton39\lib\site-packages\pymysql\connections.py", line 1157, in read
    first_packet = self.connection._read_packet()
  File "D:\Pyhton\Pyton39\lib\site-packages\pymysql\connections.py", line 729, in _read_packet
    packet.raise_for_error()
  File "D:\Pyhton\Pyton39\lib\site-packages\pymysql\protocol.py", line 221, in raise_for_error
    err.raise_mysql_exception(self._data)
  File "D:\Pyhton\Pyton39\lib\site-packages\pymysql\err.py", line 143, in raise_mysql_exception
    raise errorclass(errno, errval)
pymysql.err.ProgrammingError: (1146, "Table 'test14216.ef375980-5b02-44df-afec-2d0e85a995a4' doesn't exist")

During handling of the above exception, another exception occurred:

Traceback (most recent call last):
  File "E:\Project_python\2TestCMS2.0\common\requests_util.py", line 216, in analysis_yaml
    self.validate_result(yq_result, return_data, status_code)
  File "E:\Project_python\2TestCMS2.0\common\requests_util.py", line 373, in validate_result
    error_log("断言异常：异常信息: %s" % str(traceback.format_exc()))
  File "E:\Project_python\2TestCMS2.0\common\logger_util.py", line 66, in error_log
    raise Exception(log_message)
Exception: 断言异常：异常信息: Traceback (most recent call last):
  File "E:\Project_python\2TestCMS2.0\common\requests_util.py", line 355, in validate_result
    data = MysqlrUtil().sql(assert_value)
  File "E:\Project_python\2TestCMS2.0\common\mysql_util.py", line 22, in sql
    self.cursor.execute(sql)
  File "D:\Pyhton\Pyton39\lib\site-packages\pymysql\cursors.py", line 158, in execute
    result = self._query(query)
  File "D:\Pyhton\Pyton39\lib\site-packages\pymysql\cursors.py", line 325, in _query
    conn.query(q)
  File "D:\Pyhton\Pyton39\lib\site-packages\pymysql\connections.py", line 549, in query
    self._affected_rows = self._read_query_result(unbuffered=unbuffered)
  File "D:\Pyhton\Pyton39\lib\site-packages\pymysql\connections.py", line 779, in _read_query_result
    result.read()
  File "D:\Pyhton\Pyton39\lib\site-packages\pymysql\connections.py", line 1157, in read
    first_packet = self.connection._read_packet()
  File "D:\Pyhton\Pyton39\lib\site-packages\pymysql\connections.py", line 729, in _read_packet
    packet.raise_for_error()
  File "D:\Pyhton\Pyton39\lib\site-packages\pymysql\protocol.py", line 221, in raise_for_error
    err.raise_mysql_exception(self._data)
  File "D:\Pyhton\Pyton39\lib\site-packages\pymysql\err.py", line 143, in raise_mysql_exception
    raise errorclass(errno, errval)
pymysql.err.ProgrammingError: (1146, "Table 'test14216.ef375980-5b02-44df-afec-2d0e85a995a4' doesn't exist")


