[2023-06-02 17:21:42,400] logger_util.py->write_log line:61 [INFO] -------------接口请求开始-----------
[2023-06-02 17:21:42,401] logger_util.py->write_log line:61 [INFO] 接口名称：归档表实时缓存配置
[2023-06-02 17:21:42,401] logger_util.py->write_log line:61 [INFO] 接口方式：put
[2023-06-02 17:21:42,401] logger_util.py->write_log line:61 [INFO] 接口路径：http://127.0.0.1:18000/api/v1/dataconfig/node/cacheconfig/2/f3fdafb7-2c67-4b86-8b6b-6c5713416fec
[2023-06-02 17:21:42,401] logger_util.py->write_log line:61 [INFO] 请求头：{'Content-Type': 'application/json;charset=UTF-8', 'X-Project': '83d42c5d5ad141bba528b7690b19996e'}
[2023-06-02 17:21:42,401] logger_util.py->write_log line:61 [INFO] 请求参数：{'enableCache': True, 'quantityLimit': 1000, 'timeSpanLimit': 100, 'timeSpanLimitUnit': 1, 'clearCache': ''}
[2023-06-02 17:21:42,402] logger_util.py->write_log line:61 [INFO] 文件上传：None
[2023-06-02 17:21:42,633] logger_util.py->write_log line:61 [INFO] 预期结果：[{'equals': {'status_code': 200}}]
[2023-06-02 17:21:42,633] logger_util.py->write_log line:61 [INFO] 实际结果：
[2023-06-02 17:21:42,633] logger_util.py->write_log line:61 [INFO] 接口请求成功！
[2023-06-02 17:21:42,633] logger_util.py->write_log line:61 [INFO] -------------接口请求结束-----------

[2023-06-02 17:21:42,639] logger_util.py->write_log line:61 [INFO] -------------接口请求开始-----------
[2023-06-02 17:21:42,639] logger_util.py->write_log line:61 [INFO] 接口名称：归档表实时缓存配置
[2023-06-02 17:21:42,639] logger_util.py->write_log line:61 [INFO] 接口方式：put
[2023-06-02 17:21:42,639] logger_util.py->write_log line:61 [INFO] 接口路径：http://127.0.0.1:18000/api/v1/dataconfig/node/cacheconfig/2/f3fdafb7-2c67-4b86-8b6b-6c5713416fec
[2023-06-02 17:21:42,639] logger_util.py->write_log line:61 [INFO] 请求头：{'Content-Type': 'application/json;charset=UTF-8', 'X-Project': '83d42c5d5ad141bba528b7690b19996e'}
[2023-06-02 17:21:42,639] logger_util.py->write_log line:61 [INFO] 请求参数：{'enableCache': True, 'quantityLimit': 1000, 'timeSpanLimit': 100, 'timeSpanLimitUnit': 2, 'clearCache': ''}
[2023-06-02 17:21:42,639] logger_util.py->write_log line:61 [INFO] 文件上传：None
[2023-06-02 17:21:42,724] logger_util.py->write_log line:61 [INFO] 预期结果：[{'equals': {'status_code': 200}}]
[2023-06-02 17:21:42,724] logger_util.py->write_log line:61 [INFO] 实际结果：
[2023-06-02 17:21:42,724] logger_util.py->write_log line:61 [INFO] 接口请求成功！
[2023-06-02 17:21:42,724] logger_util.py->write_log line:61 [INFO] -------------接口请求结束-----------

[2023-06-02 17:21:42,730] logger_util.py->write_log line:61 [INFO] -------------接口请求开始-----------
[2023-06-02 17:21:42,730] logger_util.py->write_log line:61 [INFO] 接口名称：归档表实时缓存配置
[2023-06-02 17:21:42,730] logger_util.py->write_log line:61 [INFO] 接口方式：put
[2023-06-02 17:21:42,730] logger_util.py->write_log line:61 [INFO] 接口路径：http://127.0.0.1:18000/api/v1/dataconfig/node/cacheconfig/2/f3fdafb7-2c67-4b86-8b6b-6c5713416fec
[2023-06-02 17:21:42,730] logger_util.py->write_log line:61 [INFO] 请求头：{'Content-Type': 'application/json;charset=UTF-8', 'X-Project': '83d42c5d5ad141bba528b7690b19996e'}
[2023-06-02 17:21:42,730] logger_util.py->write_log line:61 [INFO] 请求参数：{'enableCache': True, 'quantityLimit': 1000, 'timeSpanLimit': 100, 'timeSpanLimitUnit': 3, 'clearCache': ''}
[2023-06-02 17:21:42,730] logger_util.py->write_log line:61 [INFO] 文件上传：None
[2023-06-02 17:21:42,877] logger_util.py->write_log line:61 [INFO] 预期结果：[{'equals': {'status_code': 200}}]
[2023-06-02 17:21:42,877] logger_util.py->write_log line:61 [INFO] 实际结果：
[2023-06-02 17:21:42,877] logger_util.py->write_log line:61 [INFO] 接口请求成功！
[2023-06-02 17:21:42,877] logger_util.py->write_log line:61 [INFO] -------------接口请求结束-----------

[2023-06-02 17:21:42,883] logger_util.py->write_log line:61 [INFO] -------------接口请求开始-----------
[2023-06-02 17:21:42,884] logger_util.py->write_log line:61 [INFO] 接口名称：归档表实时缓存配置
[2023-06-02 17:21:42,884] logger_util.py->write_log line:61 [INFO] 接口方式：put
[2023-06-02 17:21:42,884] logger_util.py->write_log line:61 [INFO] 接口路径：http://127.0.0.1:18000/api/v1/dataconfig/node/cacheconfig/2/f3fdafb7-2c67-4b86-8b6b-6c5713416fec
[2023-06-02 17:21:42,884] logger_util.py->write_log line:61 [INFO] 请求头：{'Content-Type': 'application/json;charset=UTF-8', 'X-Project': '83d42c5d5ad141bba528b7690b19996e'}
[2023-06-02 17:21:42,884] logger_util.py->write_log line:61 [INFO] 请求参数：{'enableCache': True, 'quantityLimit': 1000, 'timeSpanLimit': 100, 'timeSpanLimitUnit': 4, 'clearCache': ''}
[2023-06-02 17:21:42,884] logger_util.py->write_log line:61 [INFO] 文件上传：None
[2023-06-02 17:21:43,166] logger_util.py->write_log line:61 [INFO] 预期结果：[{'equals': {'status_code': 200}}]
[2023-06-02 17:21:43,166] logger_util.py->write_log line:61 [INFO] 实际结果：
[2023-06-02 17:21:43,166] logger_util.py->write_log line:61 [INFO] 接口请求成功！
[2023-06-02 17:21:43,166] logger_util.py->write_log line:61 [INFO] -------------接口请求结束-----------

[2023-06-02 17:21:43,172] logger_util.py->write_log line:61 [INFO] -------------接口请求开始-----------
[2023-06-02 17:21:43,172] logger_util.py->write_log line:61 [INFO] 接口名称：归档表实时缓存配置
[2023-06-02 17:21:43,172] logger_util.py->write_log line:61 [INFO] 接口方式：put
[2023-06-02 17:21:43,172] logger_util.py->write_log line:61 [INFO] 接口路径：http://127.0.0.1:18000/api/v1/dataconfig/node/cacheconfig/2/f3fdafb7-2c67-4b86-8b6b-6c5713416fec
[2023-06-02 17:21:43,172] logger_util.py->write_log line:61 [INFO] 请求头：{'Content-Type': 'application/json;charset=UTF-8', 'X-Project': '83d42c5d5ad141bba528b7690b19996e'}
[2023-06-02 17:21:43,172] logger_util.py->write_log line:61 [INFO] 请求参数：{'enableCache': True, 'quantityLimit': 1000, 'timeSpanLimit': 100, 'timeSpanLimitUnit': 1, 'clearCache': 'A1'}
[2023-06-02 17:21:43,172] logger_util.py->write_log line:61 [INFO] 文件上传：None
[2023-06-02 17:21:43,274] logger_util.py->write_log line:61 [INFO] 预期结果：[{'equals': {'status_code': 200}}]
[2023-06-02 17:21:43,274] logger_util.py->write_log line:61 [INFO] 实际结果：
[2023-06-02 17:21:43,274] logger_util.py->write_log line:61 [INFO] 接口请求成功！
[2023-06-02 17:21:43,274] logger_util.py->write_log line:61 [INFO] -------------接口请求结束-----------

[2023-06-02 17:21:43,281] logger_util.py->write_log line:61 [INFO] -------------接口请求开始-----------
[2023-06-02 17:21:43,281] logger_util.py->write_log line:61 [INFO] 接口名称：归档表实时缓存配置
[2023-06-02 17:21:43,281] logger_util.py->write_log line:61 [INFO] 接口方式：put
[2023-06-02 17:21:43,281] logger_util.py->write_log line:61 [INFO] 接口路径：http://127.0.0.1:18000/api/v1/dataconfig/node/cacheconfig/2/f3fdafb7-2c67-4b86-8b6b-6c5713416fec
[2023-06-02 17:21:43,281] logger_util.py->write_log line:61 [INFO] 请求头：{'Content-Type': 'application/json;charset=UTF-8', 'X-Project': '83d42c5d5ad141bba528b7690b19996e'}
[2023-06-02 17:21:43,282] logger_util.py->write_log line:61 [INFO] 请求参数：{'enableCache': True, 'quantityLimit': 1000, 'timeSpanLimit': 100, 'timeSpanLimitUnit': 1, 'clearCache': 'B1'}
[2023-06-02 17:21:43,282] logger_util.py->write_log line:61 [INFO] 文件上传：None
[2023-06-02 17:21:43,385] logger_util.py->write_log line:61 [INFO] 预期结果：[{'equals': {'status_code': 200}}]
[2023-06-02 17:21:43,386] logger_util.py->write_log line:61 [INFO] 实际结果：
[2023-06-02 17:21:43,386] logger_util.py->write_log line:61 [INFO] 接口请求成功！
[2023-06-02 17:21:43,386] logger_util.py->write_log line:61 [INFO] -------------接口请求结束-----------

[2023-06-02 17:21:43,396] logger_util.py->write_log line:61 [INFO] -------------接口请求开始-----------
[2023-06-02 17:21:43,396] logger_util.py->write_log line:61 [INFO] 接口名称：归档表实时缓存配置
[2023-06-02 17:21:43,397] logger_util.py->write_log line:61 [INFO] 接口方式：put
[2023-06-02 17:21:43,397] logger_util.py->write_log line:61 [INFO] 接口路径：http://127.0.0.1:18000/api/v1/dataconfig/node/cacheconfig/2/f3fdafb7-2c67-4b86-8b6b-6c5713416fec
[2023-06-02 17:21:43,397] logger_util.py->write_log line:61 [INFO] 请求头：{'Content-Type': 'application/json;charset=UTF-8', 'X-Project': '83d42c5d5ad141bba528b7690b19996e'}
[2023-06-02 17:21:43,397] logger_util.py->write_log line:61 [INFO] 请求参数：{'enableCache': True, 'quantityLimit': 1000, 'timeSpanLimit': 100, 'timeSpanLimitUnit': 1, 'clearCache': 'G1'}
[2023-06-02 17:21:43,397] logger_util.py->write_log line:61 [INFO] 文件上传：None
[2023-06-02 17:21:43,507] logger_util.py->write_log line:61 [INFO] 预期结果：[{'equals': {'status_code': 200}}]
[2023-06-02 17:21:43,508] logger_util.py->write_log line:61 [INFO] 实际结果：
[2023-06-02 17:21:43,508] logger_util.py->write_log line:61 [INFO] 接口请求成功！
[2023-06-02 17:21:43,508] logger_util.py->write_log line:61 [INFO] -------------接口请求结束-----------

[2023-06-02 17:21:43,516] logger_util.py->error_log line:65 [INFO] 发送请求异常：异常信息: Traceback (most recent call last):
  File "E:\Project_python\2TestCMS2.0\common\requests_util.py", line 318, in send_request
    kwargs[key] = self.replace_load(value)
  File "E:\Project_python\2TestCMS2.0\common\requests_util.py", line 157, in replace_load
    data = self.int_load(data)
  File "E:\Project_python\2TestCMS2.0\common\requests_util.py", line 121, in int_load
    int_value = int(new_value)
ValueError: invalid literal for int() with base 10: ' '

[2023-06-02 17:21:43,516] logger_util.py->error_log line:65 [INFO] 分析YAML文件异常：异常信息: Traceback (most recent call last):
  File "E:\Project_python\2TestCMS2.0\common\requests_util.py", line 318, in send_request
    kwargs[key] = self.replace_load(value)
  File "E:\Project_python\2TestCMS2.0\common\requests_util.py", line 157, in replace_load
    data = self.int_load(data)
  File "E:\Project_python\2TestCMS2.0\common\requests_util.py", line 121, in int_load
    int_value = int(new_value)
ValueError: invalid literal for int() with base 10: ' '

During handling of the above exception, another exception occurred:

Traceback (most recent call last):
  File "E:\Project_python\2TestCMS2.0\common\requests_util.py", line 197, in analysis_yaml
    res = self.send_request(name =name,method=method,
  File "E:\Project_python\2TestCMS2.0\common\requests_util.py", line 338, in send_request
    error_log("发送请求异常：异常信息: %s" % str(traceback.format_exc()))
  File "E:\Project_python\2TestCMS2.0\common\logger_util.py", line 66, in error_log
    raise Exception(log_message)
Exception: 发送请求异常：异常信息: Traceback (most recent call last):
  File "E:\Project_python\2TestCMS2.0\common\requests_util.py", line 318, in send_request
    kwargs[key] = self.replace_load(value)
  File "E:\Project_python\2TestCMS2.0\common\requests_util.py", line 157, in replace_load
    data = self.int_load(data)
  File "E:\Project_python\2TestCMS2.0\common\requests_util.py", line 121, in int_load
    int_value = int(new_value)
ValueError: invalid literal for int() with base 10: ' '


